+++ apt-cache policy nginx
+++ tr -s ' '
+++ cut '-d ' -f2
+++ cut -d+ -f1
+++ grep -v 'Version table'
+++ grep -A1 'Version table'
++ NGINX_ORIG_VERSION=1.20.2-1
++ NGINX_BUILD_VERSION=101.20.2-1
++ apt source nginx
Reading package lists... 0%Reading package lists... 0%Reading package lists... 0%Reading package lists... 6%Reading package lists... 6%Reading package lists... 6%Reading package lists... 6%Reading package lists... 58%Reading package lists... 58%Reading package lists... 59%Reading package lists... 59%Reading package lists... 69%Reading package lists... 69%Reading package lists... 75%Reading package lists... 75%Reading package lists... 80%Reading package lists... 80%Reading package lists... 81%Reading package lists... 81%Reading package lists... 81%Reading package lists... 81%Reading package lists... 81%Reading package lists... 81%Reading package lists... 89%Reading package lists... 89%Reading package lists... 95%Reading package lists... 95%Reading package lists... 99%Reading package lists... 99%Reading package lists... 99%Reading package lists... 99%Reading package lists... 99%Reading package lists... 99%Reading package lists... Done
NOTICE: 'nginx' packaging is maintained in the 'Git' version control system at:
https://salsa.debian.org/nginx-team/nginx.git
Please use:
git clone https://salsa.debian.org/nginx-team/nginx.git
to retrieve the latest (possibly unreleased) updates to the package.
Need to get 2156 kB of source archives.
[33m0% [Working][0m            Get:1 http://ppa.launchpad.net/ondrej/nginx/ubuntu focal/main nginx 1.20.2-1+ubuntu20.04.1+deb.sury.org+2 (tar) [1062 kB]
[33m0% [1 nginx 2952 B/1062 kB 0%][0m[33m10% [1 nginx 263 kB/1062 kB 25%][0m[33m19% [1 nginx 510 kB/1062 kB 48%][0m[33m19% [1 nginx 514 kB/1062 kB 48%][0m[33m19% [1 nginx 517 kB/1062 kB 49%][0m[33m22% [1 nginx 600 kB/1062 kB 56%][0m[33m25% [1 nginx 671 kB/1062 kB 63%][0m[33m34% [1 nginx 916 kB/1062 kB 86%][0m[33m                                44% [Working][0m             Get:2 http://ppa.launchpad.net/ondrej/nginx/ubuntu focal/main nginx 1.20.2-1+ubuntu20.04.1+deb.sury.org+2 (asc) [455 B]
[33m44% [2 nginx 455 B/455 B 100%][0m[33m                              49% [Working][0m             Get:3 http://ppa.launchpad.net/ondrej/nginx/ubuntu focal/main nginx 1.20.2-1+ubuntu20.04.1+deb.sury.org+2 (diff) [1088 kB]
[33m50% [3 nginx 2314 B/1088 kB 0%][0m[33m77% [3 nginx 747 kB/1088 kB 69%][0m[33m                                95% [Working][0m             Get:4 http://ppa.launchpad.net/ondrej/nginx/ubuntu focal/main nginx 1.20.2-1+ubuntu20.04.1+deb.sury.org+2 (dsc) [5226 B]
[33m95% [4 nginx 2991 B/5226 B 57%][0m[33m                               100% [Working][0m              Fetched 2156 kB in 5s (440 kB/s)
[1mdpkg-source: [0m[32minfo[0m: extracting nginx in nginx-1.20.2
[1mdpkg-source: [0m[32minfo[0m: unpacking nginx_1.20.2.orig.tar.gz
[1mdpkg-source: [0m[32minfo[0m: unpacking nginx_1.20.2-1+ubuntu20.04.1+deb.sury.org+2.debian.tar.xz
[1mdpkg-source: [0m[32minfo[0m: using patch list from debian/patches/series
[1mdpkg-source: [0m[32minfo[0m: applying 0002-Make-sure-signature-stays-the-same-in-all-nginx-buil.patch
[1mdpkg-source: [0m[32minfo[0m: applying 0003-define_gnu_source-on-other-glibc-based-platforms.patch
[1;33mW: [0mDownload is performed unsandboxed as root as file 'nginx_1.20.2.orig.tar.gz' couldn't be accessed by user '_apt'. - pkgAcquire::Run (13: Permission denied)[0m
++++ find . -type d -name 'nginx-*'
++++ head -1
+++ readlink -f ./nginx-1.20.2
++ nginx_src=/root/nginx-1.20.2
++ curl -L -O https://github.com/nbs-system/naxsi/archive/1.3.tar.gz
  % Total    % Received % Xferd  Average Speed   Time    Time     Time  Current
                                 Dload  Upload   Total   Spent    Left  Speed
  0     0    0     0    0     0      0      0 --:--:-- --:--:-- --:--:--     0  0     0    0     0    0     0      0      0 --:--:-- --:--:-- --:--:--     0  0     0    0     0    0     0      0      0 --:--:-- --:--:-- --:--:--     0
100  221k    0  221k    0     0   148k      0 --:--:--  0:00:01 --:--:--  148k100  230k    0  230k    0     0   154k      0 --:--:--  0:00:01 --:--:-- 2918k
++ tar xzf 1.3.tar.gz
++ mv naxsi-1.3 http-naxsi
++ cp -r http-naxsi /root/nginx-1.20.2/debian/modules/
++ curl -L -O https://github.com/chrislim2888/IP2Location-C-Library/archive/refs/tags/8.4.1.tar.gz
  % Total    % Received % Xferd  Average Speed   Time    Time     Time  Current
                                 Dload  Upload   Total   Spent    Left  Speed
  0     0    0     0    0     0      0      0 --:--:-- --:--:-- --:--:--     0  0     0    0     0    0     0      0      0 --:--:-- --:--:-- --:--:--     0
100 34188    0 34188    0     0  35649      0 --:--:-- --:--:-- --:--:-- 35649100 3080k    0 3080k    0     0  1585k      0 --:--:--  0:00:01 --:--:-- 3093k100 3479k    0 3479k    0     0  1708k      0 --:--:--  0:00:02 --:--:-- 3197k
++ tar xzf 8.4.1.tar.gz
++ mv IP2Location-C-Library-8.4.1 ip2location-lib
++ curl -L -O https://github.com/ip2location/ip2location-nginx/archive/master.tar.gz
  % Total    % Received % Xferd  Average Speed   Time    Time     Time  Current
                                 Dload  Upload   Total   Spent    Left  Speed
  0     0    0     0    0     0      0      0 --:--:-- --:--:-- --:--:--     0  0     0    0     0    0     0      0      0 --:--:-- --:--:-- --:--:--     0
  0     0    0     0    0     0      0      0 --:--:-- --:--:-- --:--:--     0100  5322    0  5322    0     0   5900      0 --:--:-- --:--:-- --:--:-- 38014
++ tar xzf master.tar.gz
++ cp -r ip2location-nginx-master /root/nginx-1.20.2/debian/modules/
++ apt install -y autoconf checkinstall
Reading package lists... 0%Reading package lists... 0%Reading package lists... 0%Reading package lists... 6%Reading package lists... 6%Reading package lists... 6%Reading package lists... 6%Reading package lists... 58%Reading package lists... 58%Reading package lists... 59%Reading package lists... 59%Reading package lists... 69%Reading package lists... 69%Reading package lists... 75%Reading package lists... 75%Reading package lists... 80%Reading package lists... 80%Reading package lists... 81%Reading package lists... 81%Reading package lists... 81%Reading package lists... 81%Reading package lists... 81%Reading package lists... 81%Reading package lists... 89%Reading package lists... 89%Reading package lists... 95%Reading package lists... 95%Reading package lists... 99%Reading package lists... 99%Reading package lists... 99%Reading package lists... 99%Reading package lists... 99%Reading package lists... 99%Reading package lists... Done
Building dependency tree... 0%Building dependency tree... 0%Building dependency tree... 0%Building dependency tree... 50%Building dependency tree... 50%Building dependency tree       
Reading state information... 0%Reading state information... 0%Reading state information... Done
autoconf is already the newest version (2.69-11.1).
autoconf set to manually installed.
The following NEW packages will be installed:
  checkinstall
0 upgraded, 1 newly installed, 0 to remove and 0 not upgraded.
Need to get 99.3 kB of archives.
After this operation, 442 kB of additional disk space will be used.
[33m0% [Working][0m[33m0% [Waiting for headers][0m                        Get:1 http://archive.ubuntu.com/ubuntu focal/universe amd64 checkinstall amd64 1.6.2+git20170426.d24a630-2ubuntu1 [99.3 kB]
[33m2% [1 checkinstall 2398 B/99.3 kB 2%][0m[33m8% [1 checkinstall 10.2 kB/99.3 kB 10%][0m[33m                                       100% [Working][0m              Fetched 99.3 kB in 1s (66.9 kB/s)
debconf: delaying package configuration, since apt-utils is not installed
Selecting previously unselected package checkinstall.
(Reading database ... (Reading database ... 5%(Reading database ... 10%(Reading database ... 15%(Reading database ... 20%(Reading database ... 25%(Reading database ... 30%(Reading database ... 35%(Reading database ... 40%(Reading database ... 45%(Reading database ... 50%(Reading database ... 55%(Reading database ... 60%(Reading database ... 65%(Reading database ... 70%(Reading database ... 75%(Reading database ... 80%(Reading database ... 85%(Reading database ... 90%(Reading database ... 95%(Reading database ... 100%(Reading database ... 20624 files and directories currently installed.)
Preparing to unpack .../checkinstall_1.6.2+git20170426.d24a630-2ubuntu1_amd64.deb ...
Unpacking checkinstall (1.6.2+git20170426.d24a630-2ubuntu1) ...
Setting up checkinstall (1.6.2+git20170426.d24a630-2ubuntu1) ...
Processing triggers for man-db (2.9.1-1) ...
++ cd ip2location-lib
++ autoreconf -i -v --force
autoreconf: Entering directory `.'
autoreconf: configure.ac: not using Gettext
autoreconf: running: aclocal --force 
autoreconf: configure.ac: tracing
autoreconf: running: libtoolize --copy --force
libtoolize: putting auxiliary files in '.'.
libtoolize: copying file './ltmain.sh'
libtoolize: Consider adding 'AC_CONFIG_MACRO_DIRS([m4])' to configure.ac,
libtoolize: and rerunning libtoolize and aclocal.
libtoolize: Consider adding '-I m4' to ACLOCAL_AMFLAGS in Makefile.am.
autoreconf: running: /usr/bin/autoconf --force
autoreconf: running: /usr/bin/autoheader --force
autoreconf: running: automake --add-missing --copy --force-missing
configure.ac:8: installing './compile'
configure.ac:7: installing './config.guess'
configure.ac:7: installing './config.sub'
configure.ac:3: installing './install-sh'
configure.ac:3: installing './missing'
Makefile.am: installing './depcomp'
parallel-tests: installing './test-driver'
autoreconf: Leaving directory `.'
++ ./configure
checking for a BSD-compatible install... /usr/bin/install -c
checking whether build environment is sane... yes
checking for a thread-safe mkdir -p... /usr/bin/mkdir -p
checking for gawk... no
checking for mawk... mawk
checking whether make sets $(MAKE)... yes
checking whether make supports nested variables... yes
checking build system type... x86_64-pc-linux-gnu
checking host system type... x86_64-pc-linux-gnu
checking whether make supports the include directive... yes (GNU style)
checking for gcc... gcc
checking whether the C compiler works... yes
checking for C compiler default output file name... a.out
checking for suffix of executables... 
checking whether we are cross compiling... no
checking for suffix of object files... o
checking whether we are using the GNU C compiler... yes
checking whether gcc accepts -g... yes
checking for gcc option to accept ISO C89... none needed
checking whether gcc understands -c and -o together... yes
checking dependency style of gcc... gcc3
checking for an ANSI C-conforming const... yes
checking how to run the C preprocessor... gcc -E
checking for grep that handles long lines and -e... /usr/bin/grep
checking for egrep... /usr/bin/grep -E
checking for ANSI C header files... yes
checking for sys/types.h... yes
checking for sys/stat.h... yes
checking for stdlib.h... yes
checking for string.h... yes
checking for memory.h... yes
checking for strings.h... yes
checking for inttypes.h... yes
checking for stdint.h... yes
checking for unistd.h... yes
checking whether byte ordering is bigendian... no
checking for g++... g++
checking whether we are using the GNU C++ compiler... yes
checking whether g++ accepts -g... yes
checking dependency style of g++... gcc3
checking for gcc... (cached) gcc
checking whether we are using the GNU C compiler... (cached) yes
checking whether gcc accepts -g... (cached) yes
checking for gcc option to accept ISO C89... (cached) none needed
checking whether gcc understands -c and -o together... (cached) yes
checking dependency style of gcc... (cached) gcc3
checking whether make sets $(MAKE)... (cached) yes
checking how to print strings... printf
checking for a sed that does not truncate output... /usr/bin/sed
checking for fgrep... /usr/bin/grep -F
checking for ld used by gcc... /usr/bin/ld
checking if the linker (/usr/bin/ld) is GNU ld... yes
checking for BSD- or MS-compatible name lister (nm)... /usr/bin/nm -B
checking the name lister (/usr/bin/nm -B) interface... BSD nm
checking whether ln -s works... yes
checking the maximum length of command line arguments... 1572864
checking how to convert x86_64-pc-linux-gnu file names to x86_64-pc-linux-gnu format... func_convert_file_noop
checking how to convert x86_64-pc-linux-gnu file names to toolchain format... func_convert_file_noop
checking for /usr/bin/ld option to reload object files... -r
checking for objdump... objdump
checking how to recognize dependent libraries... pass_all
checking for dlltool... no
checking how to associate runtime and link libraries... printf %s\n
checking for ar... ar
checking for archiver @FILE support... @
checking for strip... strip
checking for ranlib... ranlib
checking command to parse /usr/bin/nm -B output from gcc object... ok
checking for sysroot... no
checking for a working dd... /usr/bin/dd
checking how to truncate binary pipes... /usr/bin/dd bs=4096 count=1
checking for mt... no
checking if : is a manifest tool... no
checking for dlfcn.h... yes
checking for objdir... .libs
checking if gcc supports -fno-rtti -fno-exceptions... no
checking for gcc option to produce PIC... -fPIC -DPIC
checking if gcc PIC flag -fPIC -DPIC works... yes
checking if gcc static flag -static works... yes
checking if gcc supports -c -o file.o... yes
checking if gcc supports -c -o file.o... (cached) yes
checking whether the gcc linker (/usr/bin/ld -m elf_x86_64) supports shared libraries... yes
checking whether -lc should be explicitly linked in... no
checking dynamic linker characteristics... GNU/Linux ld.so
checking how to hardcode library paths into programs... immediate
checking whether stripping libraries is possible... yes
checking if libtool supports shared libraries... yes
checking whether to build shared libraries... yes
checking whether to build static libraries... yes
checking how to run the C++ preprocessor... g++ -E
checking for ld used by g++... /usr/bin/ld -m elf_x86_64
checking if the linker (/usr/bin/ld -m elf_x86_64) is GNU ld... yes
checking whether the g++ linker (/usr/bin/ld -m elf_x86_64) supports shared libraries... yes
checking for g++ option to produce PIC... -fPIC -DPIC
checking if g++ PIC flag -fPIC -DPIC works... yes
checking if g++ static flag -static works... yes
checking if g++ supports -c -o file.o... yes
checking if g++ supports -c -o file.o... (cached) yes
checking whether the g++ linker (/usr/bin/ld -m elf_x86_64) supports shared libraries... yes
checking dynamic linker characteristics... (cached) GNU/Linux ld.so
checking how to hardcode library paths into programs... immediate
checking netinet/in.h usability... yes
checking netinet/in.h presence... yes
checking for netinet/in.h... yes
checking for stdlib.h... (cached) yes
checking for string.h... (cached) yes
checking for unistd.h... (cached) yes
checking for inline... inline
checking for uid_t in sys/types.h... yes
checking whether struct tm is in sys/time.h or time.h... time.h
checking for size_t... yes
checking return type of signal handlers... void
checking size of long... 8
checking size of off_t... 8
checking that generated files are newer than configure... done
configure: creating ./config.status
config.status: creating Makefile
config.status: creating libIP2Location/Makefile
config.status: creating test/Makefile
config.status: creating data/Makefile
config.status: creating contrib/IP2Location.spec
config.status: creating config.h
config.status: executing depfiles commands
config.status: executing libtool commands
++ make
make  all-recursive
make[1]: Entering directory '/root/ip2location-lib'
Making all in libIP2Location
make[2]: Entering directory '/root/ip2location-lib/libIP2Location'
depbase=`echo IP2Location.lo | sed 's|[^/]*$|.deps/&|;s|\.lo$||'`;\
/bin/bash ../libtool  --tag=CC   --mode=compile gcc -DHAVE_CONFIG_H -I. -I..  -I. -pipe -D _GNU_SOURCE -D _GNU_SOURCE -I/usr/include -Wno-unused-result  -g -O2 -lrt -MT IP2Location.lo -MD -MP -MF $depbase.Tpo -c -o IP2Location.lo IP2Location.c &&\
mv -f $depbase.Tpo $depbase.Plo
libtool: compile:  gcc -DHAVE_CONFIG_H -I. -I.. -I. -pipe -D _GNU_SOURCE -D _GNU_SOURCE -I/usr/include -Wno-unused-result -g -O2 -lrt -MT IP2Location.lo -MD -MP -MF .deps/IP2Location.Tpo -c IP2Location.c  -fPIC -DPIC -o .libs/IP2Location.o
libtool: compile:  gcc -DHAVE_CONFIG_H -I. -I.. -I. -pipe -D _GNU_SOURCE -D _GNU_SOURCE -I/usr/include -Wno-unused-result -g -O2 -lrt -MT IP2Location.lo -MD -MP -MF .deps/IP2Location.Tpo -c IP2Location.c -o IP2Location.o >/dev/null 2>&1
/bin/bash ../libtool  --tag=CC   --mode=link gcc  -g -O2 -lrt -no-undefined -version-info 3:0:0  -o libIP2Location.la -rpath /usr/local/lib IP2Location.lo  
libtool: link: gcc -shared  -fPIC -DPIC  .libs/IP2Location.o   -lrt  -g -O2   -Wl,-soname -Wl,libIP2Location.so.3 -o .libs/libIP2Location.so.3.0.0
libtool: link: (cd ".libs" && rm -f "libIP2Location.so.3" && ln -s "libIP2Location.so.3.0.0" "libIP2Location.so.3")
libtool: link: (cd ".libs" && rm -f "libIP2Location.so" && ln -s "libIP2Location.so.3.0.0" "libIP2Location.so")
libtool: link: ar cr .libs/libIP2Location.a  IP2Location.o
libtool: link: ranlib .libs/libIP2Location.a
libtool: link: ( cd ".libs" && rm -f "libIP2Location.la" && ln -s "../libIP2Location.la" "libIP2Location.la" )
make[2]: Leaving directory '/root/ip2location-lib/libIP2Location'
Making all in test
make[2]: Entering directory '/root/ip2location-lib/test'
depbase=`echo test-IP2Location.o | sed 's|[^/]*$|.deps/&|;s|\.o$||'`;\
gcc -DHAVE_CONFIG_H -I. -I..  -I../libIP2Location -Wall -ansi  -D _GNU_SOURCE -I/usr/include -Wno-unused-result  -g -O2 -lrt -MT test-IP2Location.o -MD -MP -MF $depbase.Tpo -c -o test-IP2Location.o test-IP2Location.c &&\
mv -f $depbase.Tpo $depbase.Po
/bin/bash ../libtool  --tag=CC   --mode=link gcc  -g -O2 -lrt   -o test-IP2Location test-IP2Location.o ../libIP2Location/libIP2Location.la 
libtool: link: gcc -g -O2 -o .libs/test-IP2Location test-IP2Location.o  -lrt ../libIP2Location/.libs/libIP2Location.so
make[2]: Leaving directory '/root/ip2location-lib/test'
make[2]: Entering directory '/root/ip2location-lib'
gcc -DHAVE_CONFIG_H -I.  -Wall -D _GNU_SOURCE -I/usr/include -Wno-unused-result -IlibIP2Location -Wall -g -O2 -lrt -MT ip2location-ip2location.o -MD -MP -MF .deps/ip2location-ip2location.Tpo -c -o ip2location-ip2location.o `test -f 'ip2location.c' || echo './'`ip2location.c
mv -f .deps/ip2location-ip2location.Tpo .deps/ip2location-ip2location.Po
gcc -DHAVE_CONFIG_H -I.  -Wall -D _GNU_SOURCE -I/usr/include -Wno-unused-result -IlibIP2Location -Wall -g -O2 -lrt -MT libIP2Location/ip2location-IP2Location.o -MD -MP -MF libIP2Location/.deps/ip2location-IP2Location.Tpo -c -o libIP2Location/ip2location-IP2Location.o `test -f 'libIP2Location/IP2Location.c' || echo './'`libIP2Location/IP2Location.c
mv -f libIP2Location/.deps/ip2location-IP2Location.Tpo libIP2Location/.deps/ip2location-IP2Location.Po
/bin/bash ./libtool  --tag=CC   --mode=link gcc -IlibIP2Location -Wall -g -O2 -lrt   -o ip2location ip2location-ip2location.o libIP2Location/ip2location-IP2Location.o -lrt 
libtool: link: gcc -IlibIP2Location -Wall -g -O2 -o ip2location ip2location-ip2location.o libIP2Location/ip2location-IP2Location.o  -lrt
make[2]: Leaving directory '/root/ip2location-lib'
make[1]: Leaving directory '/root/ip2location-lib'
++ checkinstall --nodoc --pkgname=libip2location --pkgversion=8.4.1 --maintainer=root@localhost -y

checkinstall 1.6.3, Copyright 2010 Felipe Eduardo Sanchez Diaz Duran
           This software is released under the GNU GPL.



*****************************************
**** Debian package creation selected ***
*****************************************

This package will be built according to these values: 

0 -  Maintainer: [ root@localhost ]
1 -  Summary: [ Package created with checkinstall 1.6.3 ]
2 -  Name:    [ libip2location ]
3 -  Version: [ 8.4.1 ]
4 -  Release: [ 1 ]
5 -  License: [ GPL ]
6 -  Group:   [ checkinstall ]
7 -  Architecture: [ amd64 ]
8 -  Source location: [ ip2location-lib ]
9 -  Alternate source location: [  ]
10 - Requires: [  ]
11 - Recommends: [  ]
12 - Suggests: [  ]
13 - Provides: [ libip2location ]
14 - Conflicts: [  ]
15 - Replaces: [  ]

Enter a number to change any of them or press ENTER to continue: 

Installing with make install...

========================= Installation results ===========================
Making install in libIP2Location
make[1]: Entering directory '/root/ip2location-lib/libIP2Location'
make[2]: Entering directory '/root/ip2location-lib/libIP2Location'
 /usr/bin/mkdir -p '/usr/local/lib'
 /bin/bash ../libtool   --mode=install /usr/bin/install -c   libIP2Location.la '/usr/local/lib'
libtool: install: /usr/bin/install -c .libs/libIP2Location.so.3.0.0 /usr/local/lib/libIP2Location.so.3.0.0
libtool: install: (cd /usr/local/lib && { ln -s -f libIP2Location.so.3.0.0 libIP2Location.so.3 || { rm -f libIP2Location.so.3 && ln -s libIP2Location.so.3.0.0 libIP2Location.so.3; }; })
libtool: install: (cd /usr/local/lib && { ln -s -f libIP2Location.so.3.0.0 libIP2Location.so || { rm -f libIP2Location.so && ln -s libIP2Location.so.3.0.0 libIP2Location.so; }; })
libtool: install: /usr/bin/install -c .libs/libIP2Location.lai /usr/local/lib/libIP2Location.la
libtool: install: /usr/bin/install -c .libs/libIP2Location.a /usr/local/lib/libIP2Location.a
libtool: install: chmod 644 /usr/local/lib/libIP2Location.a
libtool: install: ranlib /usr/local/lib/libIP2Location.a
libtool: finish: PATH="/usr/local/sbin:/usr/local/bin:/usr/sbin:/usr/bin:/sbin:/bin:/sbin" ldconfig -n /usr/local/lib
----------------------------------------------------------------------
Libraries have been installed in:
   /usr/local/lib

If you ever happen to want to link against installed libraries
in a given directory, LIBDIR, you must either use libtool, and
specify the full pathname of the library, or use the '-LLIBDIR'
flag during linking and do at least one of the following:
   - add LIBDIR to the 'LD_LIBRARY_PATH' environment variable
     during execution
   - add LIBDIR to the 'LD_RUN_PATH' environment variable
     during linking
   - use the '-Wl,-rpath -Wl,LIBDIR' linker flag
   - have your system administrator add LIBDIR to '/etc/ld.so.conf'

See any operating system documentation about shared libraries for
more information, such as the ld(1) and ld.so(8) manual pages.
----------------------------------------------------------------------
 /usr/bin/mkdir -p '/usr/local/include'
 /usr/bin/install -c -m 644 IP2Location.h '/usr/local/include'
make[2]: Leaving directory '/root/ip2location-lib/libIP2Location'
make[1]: Leaving directory '/root/ip2location-lib/libIP2Location'
Making install in test
make[1]: Entering directory '/root/ip2location-lib/test'
make[2]: Entering directory '/root/ip2location-lib/test'
make[2]: Nothing to be done for 'install-exec-am'.
make[2]: Nothing to be done for 'install-data-am'.
make[2]: Leaving directory '/root/ip2location-lib/test'
make[1]: Leaving directory '/root/ip2location-lib/test'
make[1]: Entering directory '/root/ip2location-lib'
make[2]: Entering directory '/root/ip2location-lib'
 /usr/bin/mkdir -p '/usr/local/bin'
  /bin/bash ./libtool   --mode=install /usr/bin/install -c ip2location '/usr/local/bin'
libtool: install: /usr/bin/install -c ip2location /usr/local/bin/ip2location
 /usr/bin/mkdir -p '/usr/local/share/man/man1'
 /usr/bin/install -c -m 644 ip2location.1 '/usr/local/share/man/man1'
make[2]: Leaving directory '/root/ip2location-lib'
make[1]: Leaving directory '/root/ip2location-lib'

======================== Installation successful ==========================

Copying files to the temporary directory...OK

Stripping ELF binaries and libraries...OK

Compressing man pages...OK

Building file list...OK

Building Debian package...OK

Installing Debian package...OK

Erasing temporary files...OK

Writing backup package...OK

Deleting temp dir...OK


**********************************************************************

 Done. The new package has been installed and saved to

 /root/ip2location-lib/libip2location_8.4.1-1_amd64.deb

 You can remove it from your system anytime using: 

      dpkg -r libip2location

**********************************************************************

++ cp -f libip2location_8.4.1-1_amd64.deb /opt
++ cd ..
++ cd /root/nginx-1.20.2/debian
++ cp control control.bak
++ cp /root/control control
++ cp rules rules.bak
++ sed -i 's/^FLAVOURS.*/FLAVOURS := light/' rules
++ sed -i '/^DYN_MODS/,/^$/s/.*/#REPLACE/g' rules
++ sed -i 0,/#REPLACE/s//#NEW/ rules
++ sed -i s/#REPLACE// rules
++ cat rules
++ grep -B 10000 '^#NEW'
++ grep -v '^#NEW'
++ cat rules
++ grep -A 10000 '^#NEW'
++ grep -v '^#NEW'
++ cat rules.new.1
++ cat
++ cat rules.new.2
++ sed -i '/^common_configure_flags/,/^$/s/.*/#REPLACE/g' rules
++ sed -i '/^light_configure_flags/,/^$/s/.*/#REPLACE/g' rules
++ sed -i '/^core_configure_flags/,/^$/s/.*/#REPLACE/g' rules
++ sed -i '/^extras_configure_flags/,/^$/s/.*/#REPLACE/g' rules
++ sed -i 0,/#REPLACE/s//#NEW/ rules
++ sed -i s/#REPLACE// rules
++ cat rules
++ grep -B 10000 '^#NEW'
++ grep -v '^#NEW'
++ cat rules
++ grep -A 10000 '^#NEW'
++ grep -v '^#NEW'
++ cat rules.new.1 /root/configure_flags.txt rules.new.2
++ . /etc/os-release
+++ NAME=Ubuntu
+++ VERSION='20.04.4 LTS (Focal Fossa)'
+++ ID=ubuntu
+++ ID_LIKE=debian
+++ PRETTY_NAME='Ubuntu 20.04.4 LTS'
+++ VERSION_ID=20.04
+++ HOME_URL=https://www.ubuntu.com/
+++ SUPPORT_URL=https://help.ubuntu.com/
+++ BUG_REPORT_URL=https://bugs.launchpad.net/ubuntu/
+++ PRIVACY_POLICY_URL=https://www.ubuntu.com/legal/terms-and-policies/privacy-policy
+++ VERSION_CODENAME=focal
+++ UBUNTU_CODENAME=focal
+++ date '+%a, %d %b %Y %H:%M:%S %z'
++ echo -ne 'nginx (101.20.2-1+naxsi1.3) focal; urgency=medium\n\n  * Custom build with WAF Naxsi\n\n -- Build with Docker image by Pavel Selivanov <selivan.at.github@gmail.com>  Wed, 04 May 2022 01:49:04 +0000\n\n'
++ mv changelog changelog.old
++ cat changelog.new changelog.old
++ echo 'load_module modules/ngx_http_naxsi_module.so;'
++ echo 'load_module modules/ngx_http_ip2location_module.so;'
++ cat
++ cat
++ cat
++ cat
++ chmod a+rx libnginx-mod-http-naxsi.nginx
++ cat
++ chmod a+rx libnginx-mod-http-ip2location.nginx
++ for i in *.nginx
++ sed -i s/build-extras/build-light/g libnginx-mod-brotli.nginx
++ for i in *.nginx
++ sed -i s/build-extras/build-light/g libnginx-mod-http-auth-pam.nginx
++ for i in *.nginx
++ sed -i s/build-extras/build-light/g libnginx-mod-http-cache-purge.nginx
++ for i in *.nginx
++ sed -i s/build-extras/build-light/g libnginx-mod-http-dav-ext.nginx
++ for i in *.nginx
++ sed -i s/build-extras/build-light/g libnginx-mod-http-echo.nginx
++ for i in *.nginx
++ sed -i s/build-extras/build-light/g libnginx-mod-http-fancyindex.nginx
++ for i in *.nginx
++ sed -i s/build-extras/build-light/g libnginx-mod-http-geoip.nginx
++ for i in *.nginx
++ sed -i s/build-extras/build-light/g libnginx-mod-http-geoip2.nginx
++ for i in *.nginx
++ sed -i s/build-extras/build-light/g libnginx-mod-http-headers-more-filter.nginx
++ for i in *.nginx
++ sed -i s/build-extras/build-light/g libnginx-mod-http-image-filter.nginx
++ for i in *.nginx
++ sed -i s/build-extras/build-light/g libnginx-mod-http-ip2location.nginx
++ for i in *.nginx
++ sed -i s/build-extras/build-light/g libnginx-mod-http-lua.nginx
++ for i in *.nginx
++ sed -i s/build-extras/build-light/g libnginx-mod-http-naxsi.nginx
++ for i in *.nginx
++ sed -i s/build-extras/build-light/g libnginx-mod-http-ndk.nginx
++ for i in *.nginx
++ sed -i s/build-extras/build-light/g libnginx-mod-http-perl.nginx
++ for i in *.nginx
++ sed -i s/build-extras/build-light/g libnginx-mod-http-subs-filter.nginx
++ for i in *.nginx
++ sed -i s/build-extras/build-light/g libnginx-mod-http-uploadprogress.nginx
++ for i in *.nginx
++ sed -i s/build-extras/build-light/g libnginx-mod-http-upstream-fair.nginx
++ for i in *.nginx
++ sed -i s/build-extras/build-light/g libnginx-mod-http-xslt-filter.nginx
++ for i in *.nginx
++ sed -i s/build-extras/build-light/g libnginx-mod-mail.nginx
++ for i in *.nginx
++ sed -i s/build-extras/build-light/g libnginx-mod-nchan.nginx
++ for i in *.nginx
++ sed -i s/build-extras/build-light/g libnginx-mod-rtmp.nginx
++ for i in *.nginx
++ sed -i s/build-extras/build-light/g libnginx-mod-ssl-ct.nginx
++ for i in *.nginx
++ sed -i s/build-extras/build-light/g libnginx-mod-stream-geoip.nginx
++ for i in *.nginx
++ sed -i s/build-extras/build-light/g libnginx-mod-stream-geoip2.nginx
++ for i in *.nginx
++ sed -i s/build-extras/build-light/g libnginx-mod-stream.nginx
++ cd ..
++ dpkg-buildpackage -us -uc -b
++ tee /opt/dpkg-buildpackage.log
dpkg-buildpackage: info: source package nginx
dpkg-buildpackage: info: source version 101.20.2-1+naxsi1.3
dpkg-buildpackage: info: source distribution focal
dpkg-buildpackage: info: source changed by Build with Docker image by Pavel Selivanov <selivan.at.github@gmail.com>
 dpkg-source --before-build .
dpkg-buildpackage: info: host architecture amd64
 debian/rules clean
dh clean
   debian/rules override_dh_clean
make[1]: Entering directory '/root/nginx-1.20.2'
if [ -s /root/nginx-1.20.2/debian/modules/http-lua/.pc/applied-patches ]; then \
	cd /root/nginx-1.20.2/debian/modules/http-lua && QUILT_PATCHES=/root/nginx-1.20.2/debian/modules/patches/http-lua quilt pop -q -a; \
	rm -rf /root/nginx-1.20.2/debian/modules/http-lua/.pc; \
fi
if [ -s /root/nginx-1.20.2/debian/modules/http-upstream-fair/.pc/applied-patches ]; then \
	cd /root/nginx-1.20.2/debian/modules/http-upstream-fair && QUILT_PATCHES=/root/nginx-1.20.2/debian/modules/patches/http-upstream-fair quilt pop -q -a; \
	rm -rf /root/nginx-1.20.2/debian/modules/http-upstream-fair/.pc; \
fi
if [ -s /root/nginx-1.20.2/debian/modules/http-subs-filter/.pc/applied-patches ]; then \
	cd /root/nginx-1.20.2/debian/modules/http-subs-filter && QUILT_PATCHES=/root/nginx-1.20.2/debian/modules/patches/http-subs-filter quilt pop -q -a; \
	rm -rf /root/nginx-1.20.2/debian/modules/http-subs-filter/.pc; \
fi
if [ -s /root/nginx-1.20.2/debian/modules/http-cache-purge/.pc/applied-patches ]; then \
	cd /root/nginx-1.20.2/debian/modules/http-cache-purge && QUILT_PATCHES=/root/nginx-1.20.2/debian/modules/patches/http-cache-purge quilt pop -q -a; \
	rm -rf /root/nginx-1.20.2/debian/modules/http-cache-purge/.pc; \
fi
rm -rf /root/nginx-1.20.2/debian/build-light
dh_clean
	rm -f debian/debhelper-build-stamp
	rm -rf debian/.debhelper/
	rm -f -- debian/nginx.substvars debian/nginx-common.substvars debian/nginx-light.substvars debian/libnginx-mod-http-geoip2.substvars debian/libnginx-mod-stream.substvars debian/libnginx-mod-stream-geoip2.substvars debian/libnginx-mod-http-echo.substvars debian/libnginx-mod-http-headers-more-filter.substvars debian/libnginx-mod-http-naxsi.substvars debian/libnginx-mod-http-ip2location.substvars debian/files
	rm -fr -- debian/nginx/ debian/tmp/ debian/nginx-common/ debian/nginx-light/ debian/libnginx-mod-http-geoip2/ debian/libnginx-mod-stream/ debian/libnginx-mod-stream-geoip2/ debian/libnginx-mod-http-echo/ debian/libnginx-mod-http-headers-more-filter/ debian/libnginx-mod-http-naxsi/ debian/libnginx-mod-http-ip2location/
	find .  \( \( \
		\( -path .\*/.git -o -path .\*/.svn -o -path .\*/.bzr -o -path .\*/.hg -o -path .\*/CVS -o -path .\*/.pc -o -path .\*/_darcs \) -prune -o -type f -a \
	        \( -name '#*#' -o -name '.*~' -o -name '*~' -o -name DEADJOE \
		 -o -name '*.orig' -o -name '*.rej' -o -name '*.bak' \
		 -o -name '.*.orig' -o -name .*.rej -o -name '.SUMS' \
		 -o -name TAGS -o \( -path '*/.deps/*' -a -name '*.P' \) \
		\) -exec rm -f {} + \) -o \
		\( -type d -a -name autom4te.cache -prune -exec rm -rf {} + \) \)
make[1]: Leaving directory '/root/nginx-1.20.2'
 debian/rules binary
dh binary
   dh_update_autotools_config
   dh_autoreconf
   debian/rules override_dh_auto_configure
make[1]: Entering directory '/root/nginx-1.20.2'
cd /root/nginx-1.20.2/debian/modules/http-lua && QUILT_PATCHES=/root/nginx-1.20.2/debian/modules/patches/http-lua quilt push -a
cd /root/nginx-1.20.2/debian/modules/http-upstream-fair && QUILT_PATCHES=/root/nginx-1.20.2/debian/modules/patches/http-upstream-fair quilt push -a
cd /root/nginx-1.20.2/debian/modules/http-subs-filter && QUILT_PATCHES=/root/nginx-1.20.2/debian/modules/patches/http-subs-filter quilt push -a
cd /root/nginx-1.20.2/debian/modules/http-cache-purge && QUILT_PATCHES=/root/nginx-1.20.2/debian/modules/patches/http-cache-purge quilt push -a
dh_testdir
mkdir -p /root/nginx-1.20.2/debian/build-light
cp -Pa /root/nginx-1.20.2/auto /root/nginx-1.20.2/debian/build-light/
cp -Pa /root/nginx-1.20.2/conf /root/nginx-1.20.2/debian/build-light/
cp -Pa /root/nginx-1.20.2/configure /root/nginx-1.20.2/debian/build-light/
cp -Pa /root/nginx-1.20.2/contrib /root/nginx-1.20.2/debian/build-light/
cp -Pa /root/nginx-1.20.2/src /root/nginx-1.20.2/debian/build-light/
Applying patch /root/nginx-1.20.2/debian/modules/patches/http-subs-filter/dynamic-module.patch
patching file config

Now at patch /root/nginx-1.20.2/debian/modules/patches/http-subs-filter/dynamic-module.patch
Applying patch /root/nginx-1.20.2/debian/modules/patches/http-lua/CVE-2020-11724.patch
patching file src/ngx_http_lua_subrequest.c
patching file t/020-subrequest.t

Applying patch /root/nginx-1.20.2/debian/modules/patches/http-lua/bug-994178-segfault.patch
patching file src/ngx_http_lua_initworkerby.c

cp -Pa /root/nginx-1.20.2/man /root/nginx-1.20.2/debian/build-light/
Applying patch /root/nginx-1.20.2/debian/modules/patches/http-cache-purge/dynamic-module.patch
patching file config

Applying patch /root/nginx-1.20.2/debian/modules/patches/http-cache-purge/segfault-1.11.6.patch
patching file ngx_cache_purge_module.c

cd /root/nginx-1.20.2/debian/build-light && ./configure --with-cc-opt="-g -O2 -fdebug-prefix-map=/root/nginx-1.20.2=. -fstack-protector-strong -Wformat -Werror=format-security -fPIC -Wdate-time -D_FORTIFY_SOURCE=2" --with-ld-opt="-Wl,-Bsymbolic-functions -Wl,-z,relro -Wl,-z,now -fPIC" --prefix=/usr/share/nginx --conf-path=/etc/nginx/nginx.conf --http-log-path=/var/log/nginx/access.log --error-log-path=/var/log/nginx/error.log --lock-path=/var/lock/nginx.lock --pid-path=/run/nginx.pid --modules-path=/usr/lib/nginx/modules --http-client-body-temp-path=/var/lib/nginx/body --http-fastcgi-temp-path=/var/lib/nginx/fastcgi --http-proxy-temp-path=/var/lib/nginx/proxy --http-scgi-temp-path=/var/lib/nginx/scgi --http-uwsgi-temp-path=/var/lib/nginx/uwsgi --with-compat --with-debug --with-pcre-jit --with-http_ssl_module --with-http_stub_status_module --with-http_realip_module --with-http_auth_request_module --with-http_v2_module --with-http_slice_module --with-threads  --with-http_gzip_static_module --without-http_browser_module --without-http_memcached_module --without-http_referer_module --without-http_split_clients_module --without-http_userid_module --with-stream=dynamic --with-stream_ssl_module --with-stream_ssl_preread_module --add-dynamic-module=/root/nginx-1.20.2/debian/modules/http-geoip2 --add-dynamic-module=/root/nginx-1.20.2/debian/modules/http-headers-more-filter --add-dynamic-module=/root/nginx-1.20.2/debian/modules/http-echo --add-dynamic-module=/root/nginx-1.20.2/debian/modules/http-naxsi/naxsi_src --add-dynamic-module=/root/nginx-1.20.2/debian/modules/ip2location-nginx-master
Now at patch /root/nginx-1.20.2/debian/modules/patches/http-lua/bug-994178-segfault.patch
Now at patch /root/nginx-1.20.2/debian/modules/patches/http-cache-purge/segfault-1.11.6.patch
Applying patch /root/nginx-1.20.2/debian/modules/patches/http-upstream-fair/dynamic-module.patch
patching file config

Applying patch /root/nginx-1.20.2/debian/modules/patches/http-upstream-fair/openssl-1.1.0.patch
patching file ngx_http_upstream_fair_module.c

Applying patch /root/nginx-1.20.2/debian/modules/patches/http-upstream-fair/drop-default-port.patch
patching file ngx_http_upstream_fair_module.c

Now at patch /root/nginx-1.20.2/debian/modules/patches/http-upstream-fair/drop-default-port.patch
checking for OS
 + Linux 5.10.102.1-microsoft-standard-WSL2 x86_64
checking for C compiler ... found
 + using GNU C compiler
checking for --with-ld-opt="-Wl,-Bsymbolic-functions -Wl,-z,relro -Wl,-z,now -fPIC" ... found
checking for -Wl,-E switch ... found
checking for gcc builtin atomic operations ... found
checking for C99 variadic macros ... found
checking for gcc variadic macros ... found
checking for gcc builtin 64 bit byteswap ... found
checking for unistd.h ... found
checking for inttypes.h ... found
checking for limits.h ... found
checking for sys/filio.h ... not found
checking for sys/param.h ... found
checking for sys/mount.h ... found
checking for sys/statvfs.h ... found
checking for crypt.h ... found
checking for Linux specific features
checking for epoll ... found
checking for EPOLLRDHUP ... found
checking for EPOLLEXCLUSIVE ... found
checking for eventfd() ... found
checking for O_PATH ... found
checking for sendfile() ... found
checking for sendfile64() ... found
checking for sys/prctl.h ... found
checking for prctl(PR_SET_DUMPABLE) ... found
checking for prctl(PR_SET_KEEPCAPS) ... found
checking for capabilities ... found
checking for crypt_r() ... found
checking for sys/vfs.h ... found
checking for nobody group ... not found
checking for nogroup group ... found
checking for poll() ... found
checking for /dev/poll ... not found
checking for kqueue ... not found
checking for crypt() ... not found
checking for crypt() in libcrypt ... found
checking for F_READAHEAD ... not found
checking for posix_fadvise() ... found
checking for O_DIRECT ... found
checking for F_NOCACHE ... not found
checking for directio() ... not found
checking for statfs() ... found
checking for statvfs() ... found
checking for dlopen() ... not found
checking for dlopen() in libdl ... found
checking for sched_yield() ... found
checking for sched_setaffinity() ... found
checking for SO_SETFIB ... not found
checking for SO_REUSEPORT ... found
checking for SO_ACCEPTFILTER ... not found
checking for SO_BINDANY ... not found
checking for IP_TRANSPARENT ... found
checking for IP_BINDANY ... not found
checking for IP_BIND_ADDRESS_NO_PORT ... found
checking for IP_RECVDSTADDR ... not found
checking for IP_SENDSRCADDR ... not found
checking for IP_PKTINFO ... found
checking for IPV6_RECVPKTINFO ... found
checking for TCP_DEFER_ACCEPT ... found
checking for TCP_KEEPIDLE ... found
checking for TCP_FASTOPEN ... found
checking for TCP_INFO ... found
checking for accept4() ... found
checking for int size ... 4 bytes
checking for long size ... 8 bytes
checking for long long size ... 8 bytes
checking for void * size ... 8 bytes
checking for uint32_t ... found
checking for uint64_t ... found
checking for sig_atomic_t ... found
checking for sig_atomic_t size ... 4 bytes
checking for socklen_t ... found
checking for in_addr_t ... found
checking for in_port_t ... found
checking for rlim_t ... found
checking for uintptr_t ... uintptr_t found
checking for system byte ordering ... little endian
checking for size_t size ... 8 bytes
checking for off_t size ... 8 bytes
checking for time_t size ... 8 bytes
checking for AF_INET6 ... found
checking for setproctitle() ... not found
checking for pread() ... found
checking for pwrite() ... found
checking for pwritev() ... found
checking for strerrordesc_np() ... not found
checking for sys_nerr ... found
checking for localtime_r() ... found
checking for clock_gettime(CLOCK_MONOTONIC) ... found
checking for posix_memalign() ... found
checking for memalign() ... found
checking for mmap(MAP_ANON|MAP_SHARED) ... found
checking for mmap("/dev/zero", MAP_SHARED) ... found
checking for System V shared memory ... found
checking for POSIX semaphores ... not found
checking for POSIX semaphores in libpthread ... found
checking for struct msghdr.msg_control ... found
checking for ioctl(FIONBIO) ... found
checking for ioctl(FIONREAD) ... found
checking for struct tm.tm_gmtoff ... found
checking for struct dirent.d_namlen ... not found
checking for struct dirent.d_type ... found
checking for sysconf(_SC_NPROCESSORS_ONLN) ... found
checking for sysconf(_SC_LEVEL1_DCACHE_LINESIZE) ... found
checking for openat(), fstatat() ... found
checking for getaddrinfo() ... found
configuring additional dynamic modules
adding module in /root/nginx-1.20.2/debian/modules/http-geoip2
checking for MaxmindDB library ... found
 + ngx_geoip2_module was configured
adding module in /root/nginx-1.20.2/debian/modules/http-headers-more-filter
 + ngx_http_headers_more_filter_module was configured
adding module in /root/nginx-1.20.2/debian/modules/http-echo
 + ngx_http_echo_module was configured
adding module in /root/nginx-1.20.2/debian/modules/http-naxsi/naxsi_src
 + ngx_http_naxsi_module was configured
adding module in /root/nginx-1.20.2/debian/modules/ip2location-nginx-master
 + ngx_http_naxsi_module was configured
checking for PCRE library ... found
checking for PCRE JIT support ... found
checking for OpenSSL library ... found
checking for zlib library ... found
creating objs/Makefile

Configuration summary
  + using threads
  + using system PCRE library
  + using system OpenSSL library
  + using system zlib library

  nginx path prefix: "/usr/share/nginx"
  nginx binary file: "/usr/share/nginx/sbin/nginx"
  nginx modules path: "/usr/lib/nginx/modules"
  nginx configuration prefix: "/etc/nginx"
  nginx configuration file: "/etc/nginx/nginx.conf"
  nginx pid file: "/run/nginx.pid"
  nginx error log file: "/var/log/nginx/error.log"
  nginx http access log file: "/var/log/nginx/access.log"
  nginx http client request body temporary files: "/var/lib/nginx/body"
  nginx http proxy temporary files: "/var/lib/nginx/proxy"
  nginx http fastcgi temporary files: "/var/lib/nginx/fastcgi"
  nginx http uwsgi temporary files: "/var/lib/nginx/uwsgi"
  nginx http scgi temporary files: "/var/lib/nginx/scgi"

dh override_dh_auto_configure
make[1]: Leaving directory '/root/nginx-1.20.2'
   debian/rules override_dh_auto_build
make[1]: Entering directory '/root/nginx-1.20.2'
/usr/bin/make -C /root/nginx-1.20.2/debian/build-light build
make[2]: Entering directory '/root/nginx-1.20.2/debian/build-light'
/usr/bin/make -f objs/Makefile
make[3]: Entering directory '/root/nginx-1.20.2/debian/build-light'
cc -c -g -O2 -fdebug-prefix-map=/root/nginx-1.20.2=. -fstack-protector-strong -Wformat -Werror=format-security -g -O2 -fdebug-prefix-map=/root/nginx-1.20.2=. -fstack-protector-strong -Wformat -Werror=format-security -fPIC -Wdate-time -D_FORTIFY_SOURCE=2 -I src/core -I src/event -I src/event/modules -I src/os/unix -I objs \
	-o objs/src/core/nginx.o \
	src/core/nginx.c
cc -c -g -O2 -fdebug-prefix-map=/root/nginx-1.20.2=. -fstack-protector-strong -Wformat -Werror=format-security -g -O2 -fdebug-prefix-map=/root/nginx-1.20.2=. -fstack-protector-strong -Wformat -Werror=format-security -fPIC -Wdate-time -D_FORTIFY_SOURCE=2 -I src/core -I src/event -I src/event/modules -I src/os/unix -I objs \
	-o objs/src/core/ngx_log.o \
	src/core/ngx_log.c
cc -c -g -O2 -fdebug-prefix-map=/root/nginx-1.20.2=. -fstack-protector-strong -Wformat -Werror=format-security -g -O2 -fdebug-prefix-map=/root/nginx-1.20.2=. -fstack-protector-strong -Wformat -Werror=format-security -fPIC -Wdate-time -D_FORTIFY_SOURCE=2 -I src/core -I src/event -I src/event/modules -I src/os/unix -I objs \
	-o objs/src/core/ngx_palloc.o \
	src/core/ngx_palloc.c
cc -c -g -O2 -fdebug-prefix-map=/root/nginx-1.20.2=. -fstack-protector-strong -Wformat -Werror=format-security -g -O2 -fdebug-prefix-map=/root/nginx-1.20.2=. -fstack-protector-strong -Wformat -Werror=format-security -fPIC -Wdate-time -D_FORTIFY_SOURCE=2 -I src/core -I src/event -I src/event/modules -I src/os/unix -I objs \
	-o objs/src/core/ngx_array.o \
	src/core/ngx_array.c
cc -c -g -O2 -fdebug-prefix-map=/root/nginx-1.20.2=. -fstack-protector-strong -Wformat -Werror=format-security -g -O2 -fdebug-prefix-map=/root/nginx-1.20.2=. -fstack-protector-strong -Wformat -Werror=format-security -fPIC -Wdate-time -D_FORTIFY_SOURCE=2 -I src/core -I src/event -I src/event/modules -I src/os/unix -I objs \
	-o objs/src/core/ngx_list.o \
	src/core/ngx_list.c
cc -c -g -O2 -fdebug-prefix-map=/root/nginx-1.20.2=. -fstack-protector-strong -Wformat -Werror=format-security -g -O2 -fdebug-prefix-map=/root/nginx-1.20.2=. -fstack-protector-strong -Wformat -Werror=format-security -fPIC -Wdate-time -D_FORTIFY_SOURCE=2 -I src/core -I src/event -I src/event/modules -I src/os/unix -I objs \
	-o objs/src/core/ngx_hash.o \
	src/core/ngx_hash.c
cc -c -g -O2 -fdebug-prefix-map=/root/nginx-1.20.2=. -fstack-protector-strong -Wformat -Werror=format-security -g -O2 -fdebug-prefix-map=/root/nginx-1.20.2=. -fstack-protector-strong -Wformat -Werror=format-security -fPIC -Wdate-time -D_FORTIFY_SOURCE=2 -I src/core -I src/event -I src/event/modules -I src/os/unix -I objs \
	-o objs/src/core/ngx_buf.o \
	src/core/ngx_buf.c
cc -c -g -O2 -fdebug-prefix-map=/root/nginx-1.20.2=. -fstack-protector-strong -Wformat -Werror=format-security -g -O2 -fdebug-prefix-map=/root/nginx-1.20.2=. -fstack-protector-strong -Wformat -Werror=format-security -fPIC -Wdate-time -D_FORTIFY_SOURCE=2 -I src/core -I src/event -I src/event/modules -I src/os/unix -I objs \
	-o objs/src/core/ngx_queue.o \
	src/core/ngx_queue.c
cc -c -g -O2 -fdebug-prefix-map=/root/nginx-1.20.2=. -fstack-protector-strong -Wformat -Werror=format-security -g -O2 -fdebug-prefix-map=/root/nginx-1.20.2=. -fstack-protector-strong -Wformat -Werror=format-security -fPIC -Wdate-time -D_FORTIFY_SOURCE=2 -I src/core -I src/event -I src/event/modules -I src/os/unix -I objs \
	-o objs/src/core/ngx_output_chain.o \
	src/core/ngx_output_chain.c
cc -c -g -O2 -fdebug-prefix-map=/root/nginx-1.20.2=. -fstack-protector-strong -Wformat -Werror=format-security -g -O2 -fdebug-prefix-map=/root/nginx-1.20.2=. -fstack-protector-strong -Wformat -Werror=format-security -fPIC -Wdate-time -D_FORTIFY_SOURCE=2 -I src/core -I src/event -I src/event/modules -I src/os/unix -I objs \
	-o objs/src/core/ngx_string.o \
	src/core/ngx_string.c
cc -c -g -O2 -fdebug-prefix-map=/root/nginx-1.20.2=. -fstack-protector-strong -Wformat -Werror=format-security -g -O2 -fdebug-prefix-map=/root/nginx-1.20.2=. -fstack-protector-strong -Wformat -Werror=format-security -fPIC -Wdate-time -D_FORTIFY_SOURCE=2 -I src/core -I src/event -I src/event/modules -I src/os/unix -I objs \
	-o objs/src/core/ngx_parse.o \
	src/core/ngx_parse.c
cc -c -g -O2 -fdebug-prefix-map=/root/nginx-1.20.2=. -fstack-protector-strong -Wformat -Werror=format-security -g -O2 -fdebug-prefix-map=/root/nginx-1.20.2=. -fstack-protector-strong -Wformat -Werror=format-security -fPIC -Wdate-time -D_FORTIFY_SOURCE=2 -I src/core -I src/event -I src/event/modules -I src/os/unix -I objs \
	-o objs/src/core/ngx_parse_time.o \
	src/core/ngx_parse_time.c
cc -c -g -O2 -fdebug-prefix-map=/root/nginx-1.20.2=. -fstack-protector-strong -Wformat -Werror=format-security -g -O2 -fdebug-prefix-map=/root/nginx-1.20.2=. -fstack-protector-strong -Wformat -Werror=format-security -fPIC -Wdate-time -D_FORTIFY_SOURCE=2 -I src/core -I src/event -I src/event/modules -I src/os/unix -I objs \
	-o objs/src/core/ngx_inet.o \
	src/core/ngx_inet.c
cc -c -g -O2 -fdebug-prefix-map=/root/nginx-1.20.2=. -fstack-protector-strong -Wformat -Werror=format-security -g -O2 -fdebug-prefix-map=/root/nginx-1.20.2=. -fstack-protector-strong -Wformat -Werror=format-security -fPIC -Wdate-time -D_FORTIFY_SOURCE=2 -I src/core -I src/event -I src/event/modules -I src/os/unix -I objs \
	-o objs/src/core/ngx_file.o \
	src/core/ngx_file.c
cc -c -g -O2 -fdebug-prefix-map=/root/nginx-1.20.2=. -fstack-protector-strong -Wformat -Werror=format-security -g -O2 -fdebug-prefix-map=/root/nginx-1.20.2=. -fstack-protector-strong -Wformat -Werror=format-security -fPIC -Wdate-time -D_FORTIFY_SOURCE=2 -I src/core -I src/event -I src/event/modules -I src/os/unix -I objs \
	-o objs/src/core/ngx_crc32.o \
	src/core/ngx_crc32.c
cc -c -g -O2 -fdebug-prefix-map=/root/nginx-1.20.2=. -fstack-protector-strong -Wformat -Werror=format-security -g -O2 -fdebug-prefix-map=/root/nginx-1.20.2=. -fstack-protector-strong -Wformat -Werror=format-security -fPIC -Wdate-time -D_FORTIFY_SOURCE=2 -I src/core -I src/event -I src/event/modules -I src/os/unix -I objs \
	-o objs/src/core/ngx_murmurhash.o \
	src/core/ngx_murmurhash.c
cc -c -g -O2 -fdebug-prefix-map=/root/nginx-1.20.2=. -fstack-protector-strong -Wformat -Werror=format-security -g -O2 -fdebug-prefix-map=/root/nginx-1.20.2=. -fstack-protector-strong -Wformat -Werror=format-security -fPIC -Wdate-time -D_FORTIFY_SOURCE=2 -I src/core -I src/event -I src/event/modules -I src/os/unix -I objs \
	-o objs/src/core/ngx_md5.o \
	src/core/ngx_md5.c
cc -c -g -O2 -fdebug-prefix-map=/root/nginx-1.20.2=. -fstack-protector-strong -Wformat -Werror=format-security -g -O2 -fdebug-prefix-map=/root/nginx-1.20.2=. -fstack-protector-strong -Wformat -Werror=format-security -fPIC -Wdate-time -D_FORTIFY_SOURCE=2 -I src/core -I src/event -I src/event/modules -I src/os/unix -I objs \
	-o objs/src/core/ngx_sha1.o \
	src/core/ngx_sha1.c
cc -c -g -O2 -fdebug-prefix-map=/root/nginx-1.20.2=. -fstack-protector-strong -Wformat -Werror=format-security -g -O2 -fdebug-prefix-map=/root/nginx-1.20.2=. -fstack-protector-strong -Wformat -Werror=format-security -fPIC -Wdate-time -D_FORTIFY_SOURCE=2 -I src/core -I src/event -I src/event/modules -I src/os/unix -I objs \
	-o objs/src/core/ngx_rbtree.o \
	src/core/ngx_rbtree.c
cc -c -g -O2 -fdebug-prefix-map=/root/nginx-1.20.2=. -fstack-protector-strong -Wformat -Werror=format-security -g -O2 -fdebug-prefix-map=/root/nginx-1.20.2=. -fstack-protector-strong -Wformat -Werror=format-security -fPIC -Wdate-time -D_FORTIFY_SOURCE=2 -I src/core -I src/event -I src/event/modules -I src/os/unix -I objs \
	-o objs/src/core/ngx_radix_tree.o \
	src/core/ngx_radix_tree.c
cc -c -g -O2 -fdebug-prefix-map=/root/nginx-1.20.2=. -fstack-protector-strong -Wformat -Werror=format-security -g -O2 -fdebug-prefix-map=/root/nginx-1.20.2=. -fstack-protector-strong -Wformat -Werror=format-security -fPIC -Wdate-time -D_FORTIFY_SOURCE=2 -I src/core -I src/event -I src/event/modules -I src/os/unix -I objs \
	-o objs/src/core/ngx_slab.o \
	src/core/ngx_slab.c
cc -c -g -O2 -fdebug-prefix-map=/root/nginx-1.20.2=. -fstack-protector-strong -Wformat -Werror=format-security -g -O2 -fdebug-prefix-map=/root/nginx-1.20.2=. -fstack-protector-strong -Wformat -Werror=format-security -fPIC -Wdate-time -D_FORTIFY_SOURCE=2 -I src/core -I src/event -I src/event/modules -I src/os/unix -I objs \
	-o objs/src/core/ngx_times.o \
	src/core/ngx_times.c
cc -c -g -O2 -fdebug-prefix-map=/root/nginx-1.20.2=. -fstack-protector-strong -Wformat -Werror=format-security -g -O2 -fdebug-prefix-map=/root/nginx-1.20.2=. -fstack-protector-strong -Wformat -Werror=format-security -fPIC -Wdate-time -D_FORTIFY_SOURCE=2 -I src/core -I src/event -I src/event/modules -I src/os/unix -I objs \
	-o objs/src/core/ngx_shmtx.o \
	src/core/ngx_shmtx.c
cc -c -g -O2 -fdebug-prefix-map=/root/nginx-1.20.2=. -fstack-protector-strong -Wformat -Werror=format-security -g -O2 -fdebug-prefix-map=/root/nginx-1.20.2=. -fstack-protector-strong -Wformat -Werror=format-security -fPIC -Wdate-time -D_FORTIFY_SOURCE=2 -I src/core -I src/event -I src/event/modules -I src/os/unix -I objs \
	-o objs/src/core/ngx_connection.o \
	src/core/ngx_connection.c
cc -c -g -O2 -fdebug-prefix-map=/root/nginx-1.20.2=. -fstack-protector-strong -Wformat -Werror=format-security -g -O2 -fdebug-prefix-map=/root/nginx-1.20.2=. -fstack-protector-strong -Wformat -Werror=format-security -fPIC -Wdate-time -D_FORTIFY_SOURCE=2 -I src/core -I src/event -I src/event/modules -I src/os/unix -I objs \
	-o objs/src/core/ngx_cycle.o \
	src/core/ngx_cycle.c
cc -c -g -O2 -fdebug-prefix-map=/root/nginx-1.20.2=. -fstack-protector-strong -Wformat -Werror=format-security -g -O2 -fdebug-prefix-map=/root/nginx-1.20.2=. -fstack-protector-strong -Wformat -Werror=format-security -fPIC -Wdate-time -D_FORTIFY_SOURCE=2 -I src/core -I src/event -I src/event/modules -I src/os/unix -I objs \
	-o objs/src/core/ngx_spinlock.o \
	src/core/ngx_spinlock.c
cc -c -g -O2 -fdebug-prefix-map=/root/nginx-1.20.2=. -fstack-protector-strong -Wformat -Werror=format-security -g -O2 -fdebug-prefix-map=/root/nginx-1.20.2=. -fstack-protector-strong -Wformat -Werror=format-security -fPIC -Wdate-time -D_FORTIFY_SOURCE=2 -I src/core -I src/event -I src/event/modules -I src/os/unix -I objs \
	-o objs/src/core/ngx_rwlock.o \
	src/core/ngx_rwlock.c
cc -c -g -O2 -fdebug-prefix-map=/root/nginx-1.20.2=. -fstack-protector-strong -Wformat -Werror=format-security -g -O2 -fdebug-prefix-map=/root/nginx-1.20.2=. -fstack-protector-strong -Wformat -Werror=format-security -fPIC -Wdate-time -D_FORTIFY_SOURCE=2 -I src/core -I src/event -I src/event/modules -I src/os/unix -I objs \
	-o objs/src/core/ngx_cpuinfo.o \
	src/core/ngx_cpuinfo.c
cc -c -g -O2 -fdebug-prefix-map=/root/nginx-1.20.2=. -fstack-protector-strong -Wformat -Werror=format-security -g -O2 -fdebug-prefix-map=/root/nginx-1.20.2=. -fstack-protector-strong -Wformat -Werror=format-security -fPIC -Wdate-time -D_FORTIFY_SOURCE=2 -I src/core -I src/event -I src/event/modules -I src/os/unix -I objs \
	-o objs/src/core/ngx_conf_file.o \
	src/core/ngx_conf_file.c
cc -c -g -O2 -fdebug-prefix-map=/root/nginx-1.20.2=. -fstack-protector-strong -Wformat -Werror=format-security -g -O2 -fdebug-prefix-map=/root/nginx-1.20.2=. -fstack-protector-strong -Wformat -Werror=format-security -fPIC -Wdate-time -D_FORTIFY_SOURCE=2 -I src/core -I src/event -I src/event/modules -I src/os/unix -I objs \
	-o objs/src/core/ngx_module.o \
	src/core/ngx_module.c
cc -c -g -O2 -fdebug-prefix-map=/root/nginx-1.20.2=. -fstack-protector-strong -Wformat -Werror=format-security -g -O2 -fdebug-prefix-map=/root/nginx-1.20.2=. -fstack-protector-strong -Wformat -Werror=format-security -fPIC -Wdate-time -D_FORTIFY_SOURCE=2 -I src/core -I src/event -I src/event/modules -I src/os/unix -I objs \
	-o objs/src/core/ngx_resolver.o \
	src/core/ngx_resolver.c
cc -c -g -O2 -fdebug-prefix-map=/root/nginx-1.20.2=. -fstack-protector-strong -Wformat -Werror=format-security -g -O2 -fdebug-prefix-map=/root/nginx-1.20.2=. -fstack-protector-strong -Wformat -Werror=format-security -fPIC -Wdate-time -D_FORTIFY_SOURCE=2 -I src/core -I src/event -I src/event/modules -I src/os/unix -I objs \
	-o objs/src/core/ngx_open_file_cache.o \
	src/core/ngx_open_file_cache.c
cc -c -g -O2 -fdebug-prefix-map=/root/nginx-1.20.2=. -fstack-protector-strong -Wformat -Werror=format-security -g -O2 -fdebug-prefix-map=/root/nginx-1.20.2=. -fstack-protector-strong -Wformat -Werror=format-security -fPIC -Wdate-time -D_FORTIFY_SOURCE=2 -I src/core -I src/event -I src/event/modules -I src/os/unix -I objs \
	-o objs/src/core/ngx_crypt.o \
	src/core/ngx_crypt.c
cc -c -g -O2 -fdebug-prefix-map=/root/nginx-1.20.2=. -fstack-protector-strong -Wformat -Werror=format-security -g -O2 -fdebug-prefix-map=/root/nginx-1.20.2=. -fstack-protector-strong -Wformat -Werror=format-security -fPIC -Wdate-time -D_FORTIFY_SOURCE=2 -I src/core -I src/event -I src/event/modules -I src/os/unix -I objs \
	-o objs/src/core/ngx_proxy_protocol.o \
	src/core/ngx_proxy_protocol.c
cc -c -g -O2 -fdebug-prefix-map=/root/nginx-1.20.2=. -fstack-protector-strong -Wformat -Werror=format-security -g -O2 -fdebug-prefix-map=/root/nginx-1.20.2=. -fstack-protector-strong -Wformat -Werror=format-security -fPIC -Wdate-time -D_FORTIFY_SOURCE=2 -I src/core -I src/event -I src/event/modules -I src/os/unix -I objs \
	-o objs/src/core/ngx_syslog.o \
	src/core/ngx_syslog.c
cc -c -g -O2 -fdebug-prefix-map=/root/nginx-1.20.2=. -fstack-protector-strong -Wformat -Werror=format-security -g -O2 -fdebug-prefix-map=/root/nginx-1.20.2=. -fstack-protector-strong -Wformat -Werror=format-security -fPIC -Wdate-time -D_FORTIFY_SOURCE=2 -I src/core -I src/event -I src/event/modules -I src/os/unix -I objs \
	-o objs/src/event/ngx_event.o \
	src/event/ngx_event.c
cc -c -g -O2 -fdebug-prefix-map=/root/nginx-1.20.2=. -fstack-protector-strong -Wformat -Werror=format-security -g -O2 -fdebug-prefix-map=/root/nginx-1.20.2=. -fstack-protector-strong -Wformat -Werror=format-security -fPIC -Wdate-time -D_FORTIFY_SOURCE=2 -I src/core -I src/event -I src/event/modules -I src/os/unix -I objs \
	-o objs/src/event/ngx_event_timer.o \
	src/event/ngx_event_timer.c
cc -c -g -O2 -fdebug-prefix-map=/root/nginx-1.20.2=. -fstack-protector-strong -Wformat -Werror=format-security -g -O2 -fdebug-prefix-map=/root/nginx-1.20.2=. -fstack-protector-strong -Wformat -Werror=format-security -fPIC -Wdate-time -D_FORTIFY_SOURCE=2 -I src/core -I src/event -I src/event/modules -I src/os/unix -I objs \
	-o objs/src/event/ngx_event_posted.o \
	src/event/ngx_event_posted.c
cc -c -g -O2 -fdebug-prefix-map=/root/nginx-1.20.2=. -fstack-protector-strong -Wformat -Werror=format-security -g -O2 -fdebug-prefix-map=/root/nginx-1.20.2=. -fstack-protector-strong -Wformat -Werror=format-security -fPIC -Wdate-time -D_FORTIFY_SOURCE=2 -I src/core -I src/event -I src/event/modules -I src/os/unix -I objs \
	-o objs/src/event/ngx_event_accept.o \
	src/event/ngx_event_accept.c
cc -c -g -O2 -fdebug-prefix-map=/root/nginx-1.20.2=. -fstack-protector-strong -Wformat -Werror=format-security -g -O2 -fdebug-prefix-map=/root/nginx-1.20.2=. -fstack-protector-strong -Wformat -Werror=format-security -fPIC -Wdate-time -D_FORTIFY_SOURCE=2 -I src/core -I src/event -I src/event/modules -I src/os/unix -I objs \
	-o objs/src/event/ngx_event_udp.o \
	src/event/ngx_event_udp.c
cc -c -g -O2 -fdebug-prefix-map=/root/nginx-1.20.2=. -fstack-protector-strong -Wformat -Werror=format-security -g -O2 -fdebug-prefix-map=/root/nginx-1.20.2=. -fstack-protector-strong -Wformat -Werror=format-security -fPIC -Wdate-time -D_FORTIFY_SOURCE=2 -I src/core -I src/event -I src/event/modules -I src/os/unix -I objs \
	-o objs/src/event/ngx_event_connect.o \
	src/event/ngx_event_connect.c
cc -c -g -O2 -fdebug-prefix-map=/root/nginx-1.20.2=. -fstack-protector-strong -Wformat -Werror=format-security -g -O2 -fdebug-prefix-map=/root/nginx-1.20.2=. -fstack-protector-strong -Wformat -Werror=format-security -fPIC -Wdate-time -D_FORTIFY_SOURCE=2 -I src/core -I src/event -I src/event/modules -I src/os/unix -I objs \
	-o objs/src/event/ngx_event_pipe.o \
	src/event/ngx_event_pipe.c
cc -c -g -O2 -fdebug-prefix-map=/root/nginx-1.20.2=. -fstack-protector-strong -Wformat -Werror=format-security -g -O2 -fdebug-prefix-map=/root/nginx-1.20.2=. -fstack-protector-strong -Wformat -Werror=format-security -fPIC -Wdate-time -D_FORTIFY_SOURCE=2 -I src/core -I src/event -I src/event/modules -I src/os/unix -I objs \
	-o objs/src/os/unix/ngx_time.o \
	src/os/unix/ngx_time.c
cc -c -g -O2 -fdebug-prefix-map=/root/nginx-1.20.2=. -fstack-protector-strong -Wformat -Werror=format-security -g -O2 -fdebug-prefix-map=/root/nginx-1.20.2=. -fstack-protector-strong -Wformat -Werror=format-security -fPIC -Wdate-time -D_FORTIFY_SOURCE=2 -I src/core -I src/event -I src/event/modules -I src/os/unix -I objs \
	-o objs/src/os/unix/ngx_errno.o \
	src/os/unix/ngx_errno.c
cc -c -g -O2 -fdebug-prefix-map=/root/nginx-1.20.2=. -fstack-protector-strong -Wformat -Werror=format-security -g -O2 -fdebug-prefix-map=/root/nginx-1.20.2=. -fstack-protector-strong -Wformat -Werror=format-security -fPIC -Wdate-time -D_FORTIFY_SOURCE=2 -I src/core -I src/event -I src/event/modules -I src/os/unix -I objs \
	-o objs/src/os/unix/ngx_alloc.o \
	src/os/unix/ngx_alloc.c
cc -c -g -O2 -fdebug-prefix-map=/root/nginx-1.20.2=. -fstack-protector-strong -Wformat -Werror=format-security -g -O2 -fdebug-prefix-map=/root/nginx-1.20.2=. -fstack-protector-strong -Wformat -Werror=format-security -fPIC -Wdate-time -D_FORTIFY_SOURCE=2 -I src/core -I src/event -I src/event/modules -I src/os/unix -I objs \
	-o objs/src/os/unix/ngx_files.o \
	src/os/unix/ngx_files.c
cc -c -g -O2 -fdebug-prefix-map=/root/nginx-1.20.2=. -fstack-protector-strong -Wformat -Werror=format-security -g -O2 -fdebug-prefix-map=/root/nginx-1.20.2=. -fstack-protector-strong -Wformat -Werror=format-security -fPIC -Wdate-time -D_FORTIFY_SOURCE=2 -I src/core -I src/event -I src/event/modules -I src/os/unix -I objs \
	-o objs/src/os/unix/ngx_socket.o \
	src/os/unix/ngx_socket.c
cc -c -g -O2 -fdebug-prefix-map=/root/nginx-1.20.2=. -fstack-protector-strong -Wformat -Werror=format-security -g -O2 -fdebug-prefix-map=/root/nginx-1.20.2=. -fstack-protector-strong -Wformat -Werror=format-security -fPIC -Wdate-time -D_FORTIFY_SOURCE=2 -I src/core -I src/event -I src/event/modules -I src/os/unix -I objs \
	-o objs/src/os/unix/ngx_recv.o \
	src/os/unix/ngx_recv.c
cc -c -g -O2 -fdebug-prefix-map=/root/nginx-1.20.2=. -fstack-protector-strong -Wformat -Werror=format-security -g -O2 -fdebug-prefix-map=/root/nginx-1.20.2=. -fstack-protector-strong -Wformat -Werror=format-security -fPIC -Wdate-time -D_FORTIFY_SOURCE=2 -I src/core -I src/event -I src/event/modules -I src/os/unix -I objs \
	-o objs/src/os/unix/ngx_readv_chain.o \
	src/os/unix/ngx_readv_chain.c
cc -c -g -O2 -fdebug-prefix-map=/root/nginx-1.20.2=. -fstack-protector-strong -Wformat -Werror=format-security -g -O2 -fdebug-prefix-map=/root/nginx-1.20.2=. -fstack-protector-strong -Wformat -Werror=format-security -fPIC -Wdate-time -D_FORTIFY_SOURCE=2 -I src/core -I src/event -I src/event/modules -I src/os/unix -I objs \
	-o objs/src/os/unix/ngx_udp_recv.o \
	src/os/unix/ngx_udp_recv.c
cc -c -g -O2 -fdebug-prefix-map=/root/nginx-1.20.2=. -fstack-protector-strong -Wformat -Werror=format-security -g -O2 -fdebug-prefix-map=/root/nginx-1.20.2=. -fstack-protector-strong -Wformat -Werror=format-security -fPIC -Wdate-time -D_FORTIFY_SOURCE=2 -I src/core -I src/event -I src/event/modules -I src/os/unix -I objs \
	-o objs/src/os/unix/ngx_send.o \
	src/os/unix/ngx_send.c
cc -c -g -O2 -fdebug-prefix-map=/root/nginx-1.20.2=. -fstack-protector-strong -Wformat -Werror=format-security -g -O2 -fdebug-prefix-map=/root/nginx-1.20.2=. -fstack-protector-strong -Wformat -Werror=format-security -fPIC -Wdate-time -D_FORTIFY_SOURCE=2 -I src/core -I src/event -I src/event/modules -I src/os/unix -I objs \
	-o objs/src/os/unix/ngx_writev_chain.o \
	src/os/unix/ngx_writev_chain.c
cc -c -g -O2 -fdebug-prefix-map=/root/nginx-1.20.2=. -fstack-protector-strong -Wformat -Werror=format-security -g -O2 -fdebug-prefix-map=/root/nginx-1.20.2=. -fstack-protector-strong -Wformat -Werror=format-security -fPIC -Wdate-time -D_FORTIFY_SOURCE=2 -I src/core -I src/event -I src/event/modules -I src/os/unix -I objs \
	-o objs/src/os/unix/ngx_udp_send.o \
	src/os/unix/ngx_udp_send.c
cc -c -g -O2 -fdebug-prefix-map=/root/nginx-1.20.2=. -fstack-protector-strong -Wformat -Werror=format-security -g -O2 -fdebug-prefix-map=/root/nginx-1.20.2=. -fstack-protector-strong -Wformat -Werror=format-security -fPIC -Wdate-time -D_FORTIFY_SOURCE=2 -I src/core -I src/event -I src/event/modules -I src/os/unix -I objs \
	-o objs/src/os/unix/ngx_udp_sendmsg_chain.o \
	src/os/unix/ngx_udp_sendmsg_chain.c
cc -c -g -O2 -fdebug-prefix-map=/root/nginx-1.20.2=. -fstack-protector-strong -Wformat -Werror=format-security -g -O2 -fdebug-prefix-map=/root/nginx-1.20.2=. -fstack-protector-strong -Wformat -Werror=format-security -fPIC -Wdate-time -D_FORTIFY_SOURCE=2 -I src/core -I src/event -I src/event/modules -I src/os/unix -I objs \
	-o objs/src/os/unix/ngx_channel.o \
	src/os/unix/ngx_channel.c
cc -c -g -O2 -fdebug-prefix-map=/root/nginx-1.20.2=. -fstack-protector-strong -Wformat -Werror=format-security -g -O2 -fdebug-prefix-map=/root/nginx-1.20.2=. -fstack-protector-strong -Wformat -Werror=format-security -fPIC -Wdate-time -D_FORTIFY_SOURCE=2 -I src/core -I src/event -I src/event/modules -I src/os/unix -I objs \
	-o objs/src/os/unix/ngx_shmem.o \
	src/os/unix/ngx_shmem.c
cc -c -g -O2 -fdebug-prefix-map=/root/nginx-1.20.2=. -fstack-protector-strong -Wformat -Werror=format-security -g -O2 -fdebug-prefix-map=/root/nginx-1.20.2=. -fstack-protector-strong -Wformat -Werror=format-security -fPIC -Wdate-time -D_FORTIFY_SOURCE=2 -I src/core -I src/event -I src/event/modules -I src/os/unix -I objs \
	-o objs/src/os/unix/ngx_process.o \
	src/os/unix/ngx_process.c
cc -c -g -O2 -fdebug-prefix-map=/root/nginx-1.20.2=. -fstack-protector-strong -Wformat -Werror=format-security -g -O2 -fdebug-prefix-map=/root/nginx-1.20.2=. -fstack-protector-strong -Wformat -Werror=format-security -fPIC -Wdate-time -D_FORTIFY_SOURCE=2 -I src/core -I src/event -I src/event/modules -I src/os/unix -I objs \
	-o objs/src/os/unix/ngx_daemon.o \
	src/os/unix/ngx_daemon.c
cc -c -g -O2 -fdebug-prefix-map=/root/nginx-1.20.2=. -fstack-protector-strong -Wformat -Werror=format-security -g -O2 -fdebug-prefix-map=/root/nginx-1.20.2=. -fstack-protector-strong -Wformat -Werror=format-security -fPIC -Wdate-time -D_FORTIFY_SOURCE=2 -I src/core -I src/event -I src/event/modules -I src/os/unix -I objs \
	-o objs/src/os/unix/ngx_setaffinity.o \
	src/os/unix/ngx_setaffinity.c
cc -c -g -O2 -fdebug-prefix-map=/root/nginx-1.20.2=. -fstack-protector-strong -Wformat -Werror=format-security -g -O2 -fdebug-prefix-map=/root/nginx-1.20.2=. -fstack-protector-strong -Wformat -Werror=format-security -fPIC -Wdate-time -D_FORTIFY_SOURCE=2 -I src/core -I src/event -I src/event/modules -I src/os/unix -I objs \
	-o objs/src/os/unix/ngx_setproctitle.o \
	src/os/unix/ngx_setproctitle.c
cc -c -g -O2 -fdebug-prefix-map=/root/nginx-1.20.2=. -fstack-protector-strong -Wformat -Werror=format-security -g -O2 -fdebug-prefix-map=/root/nginx-1.20.2=. -fstack-protector-strong -Wformat -Werror=format-security -fPIC -Wdate-time -D_FORTIFY_SOURCE=2 -I src/core -I src/event -I src/event/modules -I src/os/unix -I objs \
	-o objs/src/os/unix/ngx_posix_init.o \
	src/os/unix/ngx_posix_init.c
cc -c -g -O2 -fdebug-prefix-map=/root/nginx-1.20.2=. -fstack-protector-strong -Wformat -Werror=format-security -g -O2 -fdebug-prefix-map=/root/nginx-1.20.2=. -fstack-protector-strong -Wformat -Werror=format-security -fPIC -Wdate-time -D_FORTIFY_SOURCE=2 -I src/core -I src/event -I src/event/modules -I src/os/unix -I objs \
	-o objs/src/os/unix/ngx_user.o \
	src/os/unix/ngx_user.c
cc -c -g -O2 -fdebug-prefix-map=/root/nginx-1.20.2=. -fstack-protector-strong -Wformat -Werror=format-security -g -O2 -fdebug-prefix-map=/root/nginx-1.20.2=. -fstack-protector-strong -Wformat -Werror=format-security -fPIC -Wdate-time -D_FORTIFY_SOURCE=2 -I src/core -I src/event -I src/event/modules -I src/os/unix -I objs \
	-o objs/src/os/unix/ngx_dlopen.o \
	src/os/unix/ngx_dlopen.c
cc -c -g -O2 -fdebug-prefix-map=/root/nginx-1.20.2=. -fstack-protector-strong -Wformat -Werror=format-security -g -O2 -fdebug-prefix-map=/root/nginx-1.20.2=. -fstack-protector-strong -Wformat -Werror=format-security -fPIC -Wdate-time -D_FORTIFY_SOURCE=2 -I src/core -I src/event -I src/event/modules -I src/os/unix -I objs \
	-o objs/src/os/unix/ngx_process_cycle.o \
	src/os/unix/ngx_process_cycle.c
cc -c -g -O2 -fdebug-prefix-map=/root/nginx-1.20.2=. -fstack-protector-strong -Wformat -Werror=format-security -g -O2 -fdebug-prefix-map=/root/nginx-1.20.2=. -fstack-protector-strong -Wformat -Werror=format-security -fPIC -Wdate-time -D_FORTIFY_SOURCE=2 -I src/core -I src/event -I src/event/modules -I src/os/unix -I objs \
	-o objs/src/os/unix/ngx_linux_init.o \
	src/os/unix/ngx_linux_init.c
cc -c -g -O2 -fdebug-prefix-map=/root/nginx-1.20.2=. -fstack-protector-strong -Wformat -Werror=format-security -g -O2 -fdebug-prefix-map=/root/nginx-1.20.2=. -fstack-protector-strong -Wformat -Werror=format-security -fPIC -Wdate-time -D_FORTIFY_SOURCE=2 -I src/core -I src/event -I src/event/modules -I src/os/unix -I objs \
	-o objs/src/event/modules/ngx_epoll_module.o \
	src/event/modules/ngx_epoll_module.c
cc -c -g -O2 -fdebug-prefix-map=/root/nginx-1.20.2=. -fstack-protector-strong -Wformat -Werror=format-security -g -O2 -fdebug-prefix-map=/root/nginx-1.20.2=. -fstack-protector-strong -Wformat -Werror=format-security -fPIC -Wdate-time -D_FORTIFY_SOURCE=2 -I src/core -I src/event -I src/event/modules -I src/os/unix -I objs \
	-o objs/src/os/unix/ngx_linux_sendfile_chain.o \
	src/os/unix/ngx_linux_sendfile_chain.c
cc -c -g -O2 -fdebug-prefix-map=/root/nginx-1.20.2=. -fstack-protector-strong -Wformat -Werror=format-security -g -O2 -fdebug-prefix-map=/root/nginx-1.20.2=. -fstack-protector-strong -Wformat -Werror=format-security -fPIC -Wdate-time -D_FORTIFY_SOURCE=2 -I src/core -I src/event -I src/event/modules -I src/os/unix -I objs \
	-o objs/src/core/ngx_thread_pool.o \
	src/core/ngx_thread_pool.c
cc -c -g -O2 -fdebug-prefix-map=/root/nginx-1.20.2=. -fstack-protector-strong -Wformat -Werror=format-security -g -O2 -fdebug-prefix-map=/root/nginx-1.20.2=. -fstack-protector-strong -Wformat -Werror=format-security -fPIC -Wdate-time -D_FORTIFY_SOURCE=2 -I src/core -I src/event -I src/event/modules -I src/os/unix -I objs \
	-o objs/src/os/unix/ngx_thread_cond.o \
	src/os/unix/ngx_thread_cond.c
cc -c -g -O2 -fdebug-prefix-map=/root/nginx-1.20.2=. -fstack-protector-strong -Wformat -Werror=format-security -g -O2 -fdebug-prefix-map=/root/nginx-1.20.2=. -fstack-protector-strong -Wformat -Werror=format-security -fPIC -Wdate-time -D_FORTIFY_SOURCE=2 -I src/core -I src/event -I src/event/modules -I src/os/unix -I objs \
	-o objs/src/os/unix/ngx_thread_mutex.o \
	src/os/unix/ngx_thread_mutex.c
cc -c -g -O2 -fdebug-prefix-map=/root/nginx-1.20.2=. -fstack-protector-strong -Wformat -Werror=format-security -g -O2 -fdebug-prefix-map=/root/nginx-1.20.2=. -fstack-protector-strong -Wformat -Werror=format-security -fPIC -Wdate-time -D_FORTIFY_SOURCE=2 -I src/core -I src/event -I src/event/modules -I src/os/unix -I objs \
	-o objs/src/os/unix/ngx_thread_id.o \
	src/os/unix/ngx_thread_id.c
cc -c -g -O2 -fdebug-prefix-map=/root/nginx-1.20.2=. -fstack-protector-strong -Wformat -Werror=format-security -g -O2 -fdebug-prefix-map=/root/nginx-1.20.2=. -fstack-protector-strong -Wformat -Werror=format-security -fPIC -Wdate-time -D_FORTIFY_SOURCE=2 -I src/core -I src/event -I src/event/modules -I src/os/unix -I objs \
	-o objs/src/event/ngx_event_openssl.o \
	src/event/ngx_event_openssl.c
cc -c -g -O2 -fdebug-prefix-map=/root/nginx-1.20.2=. -fstack-protector-strong -Wformat -Werror=format-security -g -O2 -fdebug-prefix-map=/root/nginx-1.20.2=. -fstack-protector-strong -Wformat -Werror=format-security -fPIC -Wdate-time -D_FORTIFY_SOURCE=2 -I src/core -I src/event -I src/event/modules -I src/os/unix -I objs \
	-o objs/src/event/ngx_event_openssl_stapling.o \
	src/event/ngx_event_openssl_stapling.c
cc -c -g -O2 -fdebug-prefix-map=/root/nginx-1.20.2=. -fstack-protector-strong -Wformat -Werror=format-security -g -O2 -fdebug-prefix-map=/root/nginx-1.20.2=. -fstack-protector-strong -Wformat -Werror=format-security -fPIC -Wdate-time -D_FORTIFY_SOURCE=2 -I src/core -I src/event -I src/event/modules -I src/os/unix -I objs \
	-o objs/src/core/ngx_regex.o \
	src/core/ngx_regex.c
cc -c -g -O2 -fdebug-prefix-map=/root/nginx-1.20.2=. -fstack-protector-strong -Wformat -Werror=format-security -g -O2 -fdebug-prefix-map=/root/nginx-1.20.2=. -fstack-protector-strong -Wformat -Werror=format-security -fPIC -Wdate-time -D_FORTIFY_SOURCE=2 -I src/core -I src/event -I src/event/modules -I src/os/unix -I objs -I src/http -I src/http/modules -I src/http/v2 \
	-o objs/src/http/ngx_http.o \
	src/http/ngx_http.c
cc -c -g -O2 -fdebug-prefix-map=/root/nginx-1.20.2=. -fstack-protector-strong -Wformat -Werror=format-security -g -O2 -fdebug-prefix-map=/root/nginx-1.20.2=. -fstack-protector-strong -Wformat -Werror=format-security -fPIC -Wdate-time -D_FORTIFY_SOURCE=2 -I src/core -I src/event -I src/event/modules -I src/os/unix -I objs -I src/http -I src/http/modules -I src/http/v2 \
	-o objs/src/http/ngx_http_core_module.o \
	src/http/ngx_http_core_module.c
cc -c -g -O2 -fdebug-prefix-map=/root/nginx-1.20.2=. -fstack-protector-strong -Wformat -Werror=format-security -g -O2 -fdebug-prefix-map=/root/nginx-1.20.2=. -fstack-protector-strong -Wformat -Werror=format-security -fPIC -Wdate-time -D_FORTIFY_SOURCE=2 -I src/core -I src/event -I src/event/modules -I src/os/unix -I objs -I src/http -I src/http/modules -I src/http/v2 \
	-o objs/src/http/ngx_http_special_response.o \
	src/http/ngx_http_special_response.c
cc -c -g -O2 -fdebug-prefix-map=/root/nginx-1.20.2=. -fstack-protector-strong -Wformat -Werror=format-security -g -O2 -fdebug-prefix-map=/root/nginx-1.20.2=. -fstack-protector-strong -Wformat -Werror=format-security -fPIC -Wdate-time -D_FORTIFY_SOURCE=2 -I src/core -I src/event -I src/event/modules -I src/os/unix -I objs -I src/http -I src/http/modules -I src/http/v2 \
	-o objs/src/http/ngx_http_request.o \
	src/http/ngx_http_request.c
cc -c -g -O2 -fdebug-prefix-map=/root/nginx-1.20.2=. -fstack-protector-strong -Wformat -Werror=format-security -g -O2 -fdebug-prefix-map=/root/nginx-1.20.2=. -fstack-protector-strong -Wformat -Werror=format-security -fPIC -Wdate-time -D_FORTIFY_SOURCE=2 -I src/core -I src/event -I src/event/modules -I src/os/unix -I objs -I src/http -I src/http/modules -I src/http/v2 \
	-o objs/src/http/ngx_http_parse.o \
	src/http/ngx_http_parse.c
cc -c -g -O2 -fdebug-prefix-map=/root/nginx-1.20.2=. -fstack-protector-strong -Wformat -Werror=format-security -g -O2 -fdebug-prefix-map=/root/nginx-1.20.2=. -fstack-protector-strong -Wformat -Werror=format-security -fPIC -Wdate-time -D_FORTIFY_SOURCE=2 -I src/core -I src/event -I src/event/modules -I src/os/unix -I objs -I src/http -I src/http/modules -I src/http/v2 \
	-o objs/src/http/modules/ngx_http_log_module.o \
	src/http/modules/ngx_http_log_module.c
cc -c -g -O2 -fdebug-prefix-map=/root/nginx-1.20.2=. -fstack-protector-strong -Wformat -Werror=format-security -g -O2 -fdebug-prefix-map=/root/nginx-1.20.2=. -fstack-protector-strong -Wformat -Werror=format-security -fPIC -Wdate-time -D_FORTIFY_SOURCE=2 -I src/core -I src/event -I src/event/modules -I src/os/unix -I objs -I src/http -I src/http/modules -I src/http/v2 \
	-o objs/src/http/ngx_http_request_body.o \
	src/http/ngx_http_request_body.c
cc -c -g -O2 -fdebug-prefix-map=/root/nginx-1.20.2=. -fstack-protector-strong -Wformat -Werror=format-security -g -O2 -fdebug-prefix-map=/root/nginx-1.20.2=. -fstack-protector-strong -Wformat -Werror=format-security -fPIC -Wdate-time -D_FORTIFY_SOURCE=2 -I src/core -I src/event -I src/event/modules -I src/os/unix -I objs -I src/http -I src/http/modules -I src/http/v2 \
	-o objs/src/http/ngx_http_variables.o \
	src/http/ngx_http_variables.c
cc -c -g -O2 -fdebug-prefix-map=/root/nginx-1.20.2=. -fstack-protector-strong -Wformat -Werror=format-security -g -O2 -fdebug-prefix-map=/root/nginx-1.20.2=. -fstack-protector-strong -Wformat -Werror=format-security -fPIC -Wdate-time -D_FORTIFY_SOURCE=2 -I src/core -I src/event -I src/event/modules -I src/os/unix -I objs -I src/http -I src/http/modules -I src/http/v2 \
	-o objs/src/http/ngx_http_script.o \
	src/http/ngx_http_script.c
cc -c -g -O2 -fdebug-prefix-map=/root/nginx-1.20.2=. -fstack-protector-strong -Wformat -Werror=format-security -g -O2 -fdebug-prefix-map=/root/nginx-1.20.2=. -fstack-protector-strong -Wformat -Werror=format-security -fPIC -Wdate-time -D_FORTIFY_SOURCE=2 -I src/core -I src/event -I src/event/modules -I src/os/unix -I objs -I src/http -I src/http/modules -I src/http/v2 \
	-o objs/src/http/ngx_http_upstream.o \
	src/http/ngx_http_upstream.c
cc -c -g -O2 -fdebug-prefix-map=/root/nginx-1.20.2=. -fstack-protector-strong -Wformat -Werror=format-security -g -O2 -fdebug-prefix-map=/root/nginx-1.20.2=. -fstack-protector-strong -Wformat -Werror=format-security -fPIC -Wdate-time -D_FORTIFY_SOURCE=2 -I src/core -I src/event -I src/event/modules -I src/os/unix -I objs -I src/http -I src/http/modules -I src/http/v2 \
	-o objs/src/http/ngx_http_upstream_round_robin.o \
	src/http/ngx_http_upstream_round_robin.c
cc -c -g -O2 -fdebug-prefix-map=/root/nginx-1.20.2=. -fstack-protector-strong -Wformat -Werror=format-security -g -O2 -fdebug-prefix-map=/root/nginx-1.20.2=. -fstack-protector-strong -Wformat -Werror=format-security -fPIC -Wdate-time -D_FORTIFY_SOURCE=2 -I src/core -I src/event -I src/event/modules -I src/os/unix -I objs -I src/http -I src/http/modules -I src/http/v2 \
	-o objs/src/http/ngx_http_file_cache.o \
	src/http/ngx_http_file_cache.c
cc -c -g -O2 -fdebug-prefix-map=/root/nginx-1.20.2=. -fstack-protector-strong -Wformat -Werror=format-security -g -O2 -fdebug-prefix-map=/root/nginx-1.20.2=. -fstack-protector-strong -Wformat -Werror=format-security -fPIC -Wdate-time -D_FORTIFY_SOURCE=2 -I src/core -I src/event -I src/event/modules -I src/os/unix -I objs -I src/http -I src/http/modules -I src/http/v2 \
	-o objs/src/http/ngx_http_write_filter_module.o \
	src/http/ngx_http_write_filter_module.c
cc -c -g -O2 -fdebug-prefix-map=/root/nginx-1.20.2=. -fstack-protector-strong -Wformat -Werror=format-security -g -O2 -fdebug-prefix-map=/root/nginx-1.20.2=. -fstack-protector-strong -Wformat -Werror=format-security -fPIC -Wdate-time -D_FORTIFY_SOURCE=2 -I src/core -I src/event -I src/event/modules -I src/os/unix -I objs -I src/http -I src/http/modules -I src/http/v2 \
	-o objs/src/http/ngx_http_header_filter_module.o \
	src/http/ngx_http_header_filter_module.c
cc -c -g -O2 -fdebug-prefix-map=/root/nginx-1.20.2=. -fstack-protector-strong -Wformat -Werror=format-security -g -O2 -fdebug-prefix-map=/root/nginx-1.20.2=. -fstack-protector-strong -Wformat -Werror=format-security -fPIC -Wdate-time -D_FORTIFY_SOURCE=2 -I src/core -I src/event -I src/event/modules -I src/os/unix -I objs -I src/http -I src/http/modules -I src/http/v2 \
	-o objs/src/http/modules/ngx_http_chunked_filter_module.o \
	src/http/modules/ngx_http_chunked_filter_module.c
cc -c -g -O2 -fdebug-prefix-map=/root/nginx-1.20.2=. -fstack-protector-strong -Wformat -Werror=format-security -g -O2 -fdebug-prefix-map=/root/nginx-1.20.2=. -fstack-protector-strong -Wformat -Werror=format-security -fPIC -Wdate-time -D_FORTIFY_SOURCE=2 -I src/core -I src/event -I src/event/modules -I src/os/unix -I objs -I src/http -I src/http/modules -I src/http/v2 \
	-o objs/src/http/v2/ngx_http_v2_filter_module.o \
	src/http/v2/ngx_http_v2_filter_module.c
cc -c -g -O2 -fdebug-prefix-map=/root/nginx-1.20.2=. -fstack-protector-strong -Wformat -Werror=format-security -g -O2 -fdebug-prefix-map=/root/nginx-1.20.2=. -fstack-protector-strong -Wformat -Werror=format-security -fPIC -Wdate-time -D_FORTIFY_SOURCE=2 -I src/core -I src/event -I src/event/modules -I src/os/unix -I objs -I src/http -I src/http/modules -I src/http/v2 \
	-o objs/src/http/modules/ngx_http_range_filter_module.o \
	src/http/modules/ngx_http_range_filter_module.c
cc -c -g -O2 -fdebug-prefix-map=/root/nginx-1.20.2=. -fstack-protector-strong -Wformat -Werror=format-security -g -O2 -fdebug-prefix-map=/root/nginx-1.20.2=. -fstack-protector-strong -Wformat -Werror=format-security -fPIC -Wdate-time -D_FORTIFY_SOURCE=2 -I src/core -I src/event -I src/event/modules -I src/os/unix -I objs -I src/http -I src/http/modules -I src/http/v2 \
	-o objs/src/http/modules/ngx_http_gzip_filter_module.o \
	src/http/modules/ngx_http_gzip_filter_module.c
cc -c -g -O2 -fdebug-prefix-map=/root/nginx-1.20.2=. -fstack-protector-strong -Wformat -Werror=format-security -g -O2 -fdebug-prefix-map=/root/nginx-1.20.2=. -fstack-protector-strong -Wformat -Werror=format-security -fPIC -Wdate-time -D_FORTIFY_SOURCE=2 -I src/core -I src/event -I src/event/modules -I src/os/unix -I objs -I src/http -I src/http/modules -I src/http/v2 \
	-o objs/src/http/ngx_http_postpone_filter_module.o \
	src/http/ngx_http_postpone_filter_module.c
cc -c -g -O2 -fdebug-prefix-map=/root/nginx-1.20.2=. -fstack-protector-strong -Wformat -Werror=format-security -g -O2 -fdebug-prefix-map=/root/nginx-1.20.2=. -fstack-protector-strong -Wformat -Werror=format-security -fPIC -Wdate-time -D_FORTIFY_SOURCE=2 -I src/core -I src/event -I src/event/modules -I src/os/unix -I objs -I src/http -I src/http/modules -I src/http/v2 \
	-o objs/src/http/modules/ngx_http_ssi_filter_module.o \
	src/http/modules/ngx_http_ssi_filter_module.c
cc -c -g -O2 -fdebug-prefix-map=/root/nginx-1.20.2=. -fstack-protector-strong -Wformat -Werror=format-security -g -O2 -fdebug-prefix-map=/root/nginx-1.20.2=. -fstack-protector-strong -Wformat -Werror=format-security -fPIC -Wdate-time -D_FORTIFY_SOURCE=2 -I src/core -I src/event -I src/event/modules -I src/os/unix -I objs -I src/http -I src/http/modules -I src/http/v2 \
	-o objs/src/http/modules/ngx_http_charset_filter_module.o \
	src/http/modules/ngx_http_charset_filter_module.c
cc -c -g -O2 -fdebug-prefix-map=/root/nginx-1.20.2=. -fstack-protector-strong -Wformat -Werror=format-security -g -O2 -fdebug-prefix-map=/root/nginx-1.20.2=. -fstack-protector-strong -Wformat -Werror=format-security -fPIC -Wdate-time -D_FORTIFY_SOURCE=2 -I src/core -I src/event -I src/event/modules -I src/os/unix -I objs -I src/http -I src/http/modules -I src/http/v2 \
	-o objs/src/http/modules/ngx_http_headers_filter_module.o \
	src/http/modules/ngx_http_headers_filter_module.c
cc -c -g -O2 -fdebug-prefix-map=/root/nginx-1.20.2=. -fstack-protector-strong -Wformat -Werror=format-security -g -O2 -fdebug-prefix-map=/root/nginx-1.20.2=. -fstack-protector-strong -Wformat -Werror=format-security -fPIC -Wdate-time -D_FORTIFY_SOURCE=2 -I src/core -I src/event -I src/event/modules -I src/os/unix -I objs -I src/http -I src/http/modules -I src/http/v2 \
	-o objs/src/http/ngx_http_copy_filter_module.o \
	src/http/ngx_http_copy_filter_module.c
cc -c -g -O2 -fdebug-prefix-map=/root/nginx-1.20.2=. -fstack-protector-strong -Wformat -Werror=format-security -g -O2 -fdebug-prefix-map=/root/nginx-1.20.2=. -fstack-protector-strong -Wformat -Werror=format-security -fPIC -Wdate-time -D_FORTIFY_SOURCE=2 -I src/core -I src/event -I src/event/modules -I src/os/unix -I objs -I src/http -I src/http/modules -I src/http/v2 \
	-o objs/src/http/modules/ngx_http_not_modified_filter_module.o \
	src/http/modules/ngx_http_not_modified_filter_module.c
cc -c -g -O2 -fdebug-prefix-map=/root/nginx-1.20.2=. -fstack-protector-strong -Wformat -Werror=format-security -g -O2 -fdebug-prefix-map=/root/nginx-1.20.2=. -fstack-protector-strong -Wformat -Werror=format-security -fPIC -Wdate-time -D_FORTIFY_SOURCE=2 -I src/core -I src/event -I src/event/modules -I src/os/unix -I objs -I src/http -I src/http/modules -I src/http/v2 \
	-o objs/src/http/modules/ngx_http_slice_filter_module.o \
	src/http/modules/ngx_http_slice_filter_module.c
cc -c -g -O2 -fdebug-prefix-map=/root/nginx-1.20.2=. -fstack-protector-strong -Wformat -Werror=format-security -g -O2 -fdebug-prefix-map=/root/nginx-1.20.2=. -fstack-protector-strong -Wformat -Werror=format-security -fPIC -Wdate-time -D_FORTIFY_SOURCE=2 -I src/core -I src/event -I src/event/modules -I src/os/unix -I objs -I src/http -I src/http/modules -I src/http/v2 \
	-o objs/src/http/v2/ngx_http_v2.o \
	src/http/v2/ngx_http_v2.c
cc -c -g -O2 -fdebug-prefix-map=/root/nginx-1.20.2=. -fstack-protector-strong -Wformat -Werror=format-security -g -O2 -fdebug-prefix-map=/root/nginx-1.20.2=. -fstack-protector-strong -Wformat -Werror=format-security -fPIC -Wdate-time -D_FORTIFY_SOURCE=2 -I src/core -I src/event -I src/event/modules -I src/os/unix -I objs -I src/http -I src/http/modules -I src/http/v2 \
	-o objs/src/http/v2/ngx_http_v2_table.o \
	src/http/v2/ngx_http_v2_table.c
cc -c -g -O2 -fdebug-prefix-map=/root/nginx-1.20.2=. -fstack-protector-strong -Wformat -Werror=format-security -g -O2 -fdebug-prefix-map=/root/nginx-1.20.2=. -fstack-protector-strong -Wformat -Werror=format-security -fPIC -Wdate-time -D_FORTIFY_SOURCE=2 -I src/core -I src/event -I src/event/modules -I src/os/unix -I objs -I src/http -I src/http/modules -I src/http/v2 \
	-o objs/src/http/v2/ngx_http_v2_encode.o \
	src/http/v2/ngx_http_v2_encode.c
cc -c -g -O2 -fdebug-prefix-map=/root/nginx-1.20.2=. -fstack-protector-strong -Wformat -Werror=format-security -g -O2 -fdebug-prefix-map=/root/nginx-1.20.2=. -fstack-protector-strong -Wformat -Werror=format-security -fPIC -Wdate-time -D_FORTIFY_SOURCE=2 -I src/core -I src/event -I src/event/modules -I src/os/unix -I objs -I src/http -I src/http/modules -I src/http/v2 \
	-o objs/src/http/v2/ngx_http_v2_huff_decode.o \
	src/http/v2/ngx_http_v2_huff_decode.c
cc -c -g -O2 -fdebug-prefix-map=/root/nginx-1.20.2=. -fstack-protector-strong -Wformat -Werror=format-security -g -O2 -fdebug-prefix-map=/root/nginx-1.20.2=. -fstack-protector-strong -Wformat -Werror=format-security -fPIC -Wdate-time -D_FORTIFY_SOURCE=2 -I src/core -I src/event -I src/event/modules -I src/os/unix -I objs -I src/http -I src/http/modules -I src/http/v2 \
	-o objs/src/http/v2/ngx_http_v2_huff_encode.o \
	src/http/v2/ngx_http_v2_huff_encode.c
cc -c -g -O2 -fdebug-prefix-map=/root/nginx-1.20.2=. -fstack-protector-strong -Wformat -Werror=format-security -g -O2 -fdebug-prefix-map=/root/nginx-1.20.2=. -fstack-protector-strong -Wformat -Werror=format-security -fPIC -Wdate-time -D_FORTIFY_SOURCE=2 -I src/core -I src/event -I src/event/modules -I src/os/unix -I objs -I src/http -I src/http/modules -I src/http/v2 \
	-o objs/src/http/v2/ngx_http_v2_module.o \
	src/http/v2/ngx_http_v2_module.c
cc -c -g -O2 -fdebug-prefix-map=/root/nginx-1.20.2=. -fstack-protector-strong -Wformat -Werror=format-security -g -O2 -fdebug-prefix-map=/root/nginx-1.20.2=. -fstack-protector-strong -Wformat -Werror=format-security -fPIC -Wdate-time -D_FORTIFY_SOURCE=2 -I src/core -I src/event -I src/event/modules -I src/os/unix -I objs -I src/http -I src/http/modules -I src/http/v2 \
	-o objs/src/http/modules/ngx_http_static_module.o \
	src/http/modules/ngx_http_static_module.c
cc -c -g -O2 -fdebug-prefix-map=/root/nginx-1.20.2=. -fstack-protector-strong -Wformat -Werror=format-security -g -O2 -fdebug-prefix-map=/root/nginx-1.20.2=. -fstack-protector-strong -Wformat -Werror=format-security -fPIC -Wdate-time -D_FORTIFY_SOURCE=2 -I src/core -I src/event -I src/event/modules -I src/os/unix -I objs -I src/http -I src/http/modules -I src/http/v2 \
	-o objs/src/http/modules/ngx_http_gzip_static_module.o \
	src/http/modules/ngx_http_gzip_static_module.c
cc -c -g -O2 -fdebug-prefix-map=/root/nginx-1.20.2=. -fstack-protector-strong -Wformat -Werror=format-security -g -O2 -fdebug-prefix-map=/root/nginx-1.20.2=. -fstack-protector-strong -Wformat -Werror=format-security -fPIC -Wdate-time -D_FORTIFY_SOURCE=2 -I src/core -I src/event -I src/event/modules -I src/os/unix -I objs -I src/http -I src/http/modules -I src/http/v2 \
	-o objs/src/http/modules/ngx_http_autoindex_module.o \
	src/http/modules/ngx_http_autoindex_module.c
cc -c -g -O2 -fdebug-prefix-map=/root/nginx-1.20.2=. -fstack-protector-strong -Wformat -Werror=format-security -g -O2 -fdebug-prefix-map=/root/nginx-1.20.2=. -fstack-protector-strong -Wformat -Werror=format-security -fPIC -Wdate-time -D_FORTIFY_SOURCE=2 -I src/core -I src/event -I src/event/modules -I src/os/unix -I objs -I src/http -I src/http/modules -I src/http/v2 \
	-o objs/src/http/modules/ngx_http_index_module.o \
	src/http/modules/ngx_http_index_module.c
cc -c -g -O2 -fdebug-prefix-map=/root/nginx-1.20.2=. -fstack-protector-strong -Wformat -Werror=format-security -g -O2 -fdebug-prefix-map=/root/nginx-1.20.2=. -fstack-protector-strong -Wformat -Werror=format-security -fPIC -Wdate-time -D_FORTIFY_SOURCE=2 -I src/core -I src/event -I src/event/modules -I src/os/unix -I objs -I src/http -I src/http/modules -I src/http/v2 \
	-o objs/src/http/modules/ngx_http_mirror_module.o \
	src/http/modules/ngx_http_mirror_module.c
cc -c -g -O2 -fdebug-prefix-map=/root/nginx-1.20.2=. -fstack-protector-strong -Wformat -Werror=format-security -g -O2 -fdebug-prefix-map=/root/nginx-1.20.2=. -fstack-protector-strong -Wformat -Werror=format-security -fPIC -Wdate-time -D_FORTIFY_SOURCE=2 -I src/core -I src/event -I src/event/modules -I src/os/unix -I objs -I src/http -I src/http/modules -I src/http/v2 \
	-o objs/src/http/modules/ngx_http_try_files_module.o \
	src/http/modules/ngx_http_try_files_module.c
cc -c -g -O2 -fdebug-prefix-map=/root/nginx-1.20.2=. -fstack-protector-strong -Wformat -Werror=format-security -g -O2 -fdebug-prefix-map=/root/nginx-1.20.2=. -fstack-protector-strong -Wformat -Werror=format-security -fPIC -Wdate-time -D_FORTIFY_SOURCE=2 -I src/core -I src/event -I src/event/modules -I src/os/unix -I objs -I src/http -I src/http/modules -I src/http/v2 \
	-o objs/src/http/modules/ngx_http_auth_request_module.o \
	src/http/modules/ngx_http_auth_request_module.c
cc -c -g -O2 -fdebug-prefix-map=/root/nginx-1.20.2=. -fstack-protector-strong -Wformat -Werror=format-security -g -O2 -fdebug-prefix-map=/root/nginx-1.20.2=. -fstack-protector-strong -Wformat -Werror=format-security -fPIC -Wdate-time -D_FORTIFY_SOURCE=2 -I src/core -I src/event -I src/event/modules -I src/os/unix -I objs -I src/http -I src/http/modules -I src/http/v2 \
	-o objs/src/http/modules/ngx_http_auth_basic_module.o \
	src/http/modules/ngx_http_auth_basic_module.c
cc -c -g -O2 -fdebug-prefix-map=/root/nginx-1.20.2=. -fstack-protector-strong -Wformat -Werror=format-security -g -O2 -fdebug-prefix-map=/root/nginx-1.20.2=. -fstack-protector-strong -Wformat -Werror=format-security -fPIC -Wdate-time -D_FORTIFY_SOURCE=2 -I src/core -I src/event -I src/event/modules -I src/os/unix -I objs -I src/http -I src/http/modules -I src/http/v2 \
	-o objs/src/http/modules/ngx_http_access_module.o \
	src/http/modules/ngx_http_access_module.c
cc -c -g -O2 -fdebug-prefix-map=/root/nginx-1.20.2=. -fstack-protector-strong -Wformat -Werror=format-security -g -O2 -fdebug-prefix-map=/root/nginx-1.20.2=. -fstack-protector-strong -Wformat -Werror=format-security -fPIC -Wdate-time -D_FORTIFY_SOURCE=2 -I src/core -I src/event -I src/event/modules -I src/os/unix -I objs -I src/http -I src/http/modules -I src/http/v2 \
	-o objs/src/http/modules/ngx_http_limit_conn_module.o \
	src/http/modules/ngx_http_limit_conn_module.c
cc -c -g -O2 -fdebug-prefix-map=/root/nginx-1.20.2=. -fstack-protector-strong -Wformat -Werror=format-security -g -O2 -fdebug-prefix-map=/root/nginx-1.20.2=. -fstack-protector-strong -Wformat -Werror=format-security -fPIC -Wdate-time -D_FORTIFY_SOURCE=2 -I src/core -I src/event -I src/event/modules -I src/os/unix -I objs -I src/http -I src/http/modules -I src/http/v2 \
	-o objs/src/http/modules/ngx_http_limit_req_module.o \
	src/http/modules/ngx_http_limit_req_module.c
cc -c -g -O2 -fdebug-prefix-map=/root/nginx-1.20.2=. -fstack-protector-strong -Wformat -Werror=format-security -g -O2 -fdebug-prefix-map=/root/nginx-1.20.2=. -fstack-protector-strong -Wformat -Werror=format-security -fPIC -Wdate-time -D_FORTIFY_SOURCE=2 -I src/core -I src/event -I src/event/modules -I src/os/unix -I objs -I src/http -I src/http/modules -I src/http/v2 \
	-o objs/src/http/modules/ngx_http_realip_module.o \
	src/http/modules/ngx_http_realip_module.c
cc -c -g -O2 -fdebug-prefix-map=/root/nginx-1.20.2=. -fstack-protector-strong -Wformat -Werror=format-security -g -O2 -fdebug-prefix-map=/root/nginx-1.20.2=. -fstack-protector-strong -Wformat -Werror=format-security -fPIC -Wdate-time -D_FORTIFY_SOURCE=2 -I src/core -I src/event -I src/event/modules -I src/os/unix -I objs -I src/http -I src/http/modules -I src/http/v2 \
	-o objs/src/http/modules/ngx_http_geo_module.o \
	src/http/modules/ngx_http_geo_module.c
cc -c -g -O2 -fdebug-prefix-map=/root/nginx-1.20.2=. -fstack-protector-strong -Wformat -Werror=format-security -g -O2 -fdebug-prefix-map=/root/nginx-1.20.2=. -fstack-protector-strong -Wformat -Werror=format-security -fPIC -Wdate-time -D_FORTIFY_SOURCE=2 -I src/core -I src/event -I src/event/modules -I src/os/unix -I objs -I src/http -I src/http/modules -I src/http/v2 \
	-o objs/src/http/modules/ngx_http_map_module.o \
	src/http/modules/ngx_http_map_module.c
cc -c -g -O2 -fdebug-prefix-map=/root/nginx-1.20.2=. -fstack-protector-strong -Wformat -Werror=format-security -g -O2 -fdebug-prefix-map=/root/nginx-1.20.2=. -fstack-protector-strong -Wformat -Werror=format-security -fPIC -Wdate-time -D_FORTIFY_SOURCE=2 -I src/core -I src/event -I src/event/modules -I src/os/unix -I objs -I src/http -I src/http/modules -I src/http/v2 \
	-o objs/src/http/modules/ngx_http_rewrite_module.o \
	src/http/modules/ngx_http_rewrite_module.c
cc -c -g -O2 -fdebug-prefix-map=/root/nginx-1.20.2=. -fstack-protector-strong -Wformat -Werror=format-security -g -O2 -fdebug-prefix-map=/root/nginx-1.20.2=. -fstack-protector-strong -Wformat -Werror=format-security -fPIC -Wdate-time -D_FORTIFY_SOURCE=2 -I src/core -I src/event -I src/event/modules -I src/os/unix -I objs -I src/http -I src/http/modules -I src/http/v2 \
	-o objs/src/http/modules/ngx_http_ssl_module.o \
	src/http/modules/ngx_http_ssl_module.c
cc -c -g -O2 -fdebug-prefix-map=/root/nginx-1.20.2=. -fstack-protector-strong -Wformat -Werror=format-security -g -O2 -fdebug-prefix-map=/root/nginx-1.20.2=. -fstack-protector-strong -Wformat -Werror=format-security -fPIC -Wdate-time -D_FORTIFY_SOURCE=2 -I src/core -I src/event -I src/event/modules -I src/os/unix -I objs -I src/http -I src/http/modules -I src/http/v2 \
	-o objs/src/http/modules/ngx_http_proxy_module.o \
	src/http/modules/ngx_http_proxy_module.c
cc -c -g -O2 -fdebug-prefix-map=/root/nginx-1.20.2=. -fstack-protector-strong -Wformat -Werror=format-security -g -O2 -fdebug-prefix-map=/root/nginx-1.20.2=. -fstack-protector-strong -Wformat -Werror=format-security -fPIC -Wdate-time -D_FORTIFY_SOURCE=2 -I src/core -I src/event -I src/event/modules -I src/os/unix -I objs -I src/http -I src/http/modules -I src/http/v2 \
	-o objs/src/http/modules/ngx_http_fastcgi_module.o \
	src/http/modules/ngx_http_fastcgi_module.c
cc -c -g -O2 -fdebug-prefix-map=/root/nginx-1.20.2=. -fstack-protector-strong -Wformat -Werror=format-security -g -O2 -fdebug-prefix-map=/root/nginx-1.20.2=. -fstack-protector-strong -Wformat -Werror=format-security -fPIC -Wdate-time -D_FORTIFY_SOURCE=2 -I src/core -I src/event -I src/event/modules -I src/os/unix -I objs -I src/http -I src/http/modules -I src/http/v2 \
	-o objs/src/http/modules/ngx_http_uwsgi_module.o \
	src/http/modules/ngx_http_uwsgi_module.c
cc -c -g -O2 -fdebug-prefix-map=/root/nginx-1.20.2=. -fstack-protector-strong -Wformat -Werror=format-security -g -O2 -fdebug-prefix-map=/root/nginx-1.20.2=. -fstack-protector-strong -Wformat -Werror=format-security -fPIC -Wdate-time -D_FORTIFY_SOURCE=2 -I src/core -I src/event -I src/event/modules -I src/os/unix -I objs -I src/http -I src/http/modules -I src/http/v2 \
	-o objs/src/http/modules/ngx_http_scgi_module.o \
	src/http/modules/ngx_http_scgi_module.c
cc -c -g -O2 -fdebug-prefix-map=/root/nginx-1.20.2=. -fstack-protector-strong -Wformat -Werror=format-security -g -O2 -fdebug-prefix-map=/root/nginx-1.20.2=. -fstack-protector-strong -Wformat -Werror=format-security -fPIC -Wdate-time -D_FORTIFY_SOURCE=2 -I src/core -I src/event -I src/event/modules -I src/os/unix -I objs -I src/http -I src/http/modules -I src/http/v2 \
	-o objs/src/http/modules/ngx_http_grpc_module.o \
	src/http/modules/ngx_http_grpc_module.c
cc -c -g -O2 -fdebug-prefix-map=/root/nginx-1.20.2=. -fstack-protector-strong -Wformat -Werror=format-security -g -O2 -fdebug-prefix-map=/root/nginx-1.20.2=. -fstack-protector-strong -Wformat -Werror=format-security -fPIC -Wdate-time -D_FORTIFY_SOURCE=2 -I src/core -I src/event -I src/event/modules -I src/os/unix -I objs -I src/http -I src/http/modules -I src/http/v2 \
	-o objs/src/http/modules/ngx_http_empty_gif_module.o \
	src/http/modules/ngx_http_empty_gif_module.c
cc -c -g -O2 -fdebug-prefix-map=/root/nginx-1.20.2=. -fstack-protector-strong -Wformat -Werror=format-security -g -O2 -fdebug-prefix-map=/root/nginx-1.20.2=. -fstack-protector-strong -Wformat -Werror=format-security -fPIC -Wdate-time -D_FORTIFY_SOURCE=2 -I src/core -I src/event -I src/event/modules -I src/os/unix -I objs -I src/http -I src/http/modules -I src/http/v2 \
	-o objs/src/http/modules/ngx_http_upstream_hash_module.o \
	src/http/modules/ngx_http_upstream_hash_module.c
cc -c -g -O2 -fdebug-prefix-map=/root/nginx-1.20.2=. -fstack-protector-strong -Wformat -Werror=format-security -g -O2 -fdebug-prefix-map=/root/nginx-1.20.2=. -fstack-protector-strong -Wformat -Werror=format-security -fPIC -Wdate-time -D_FORTIFY_SOURCE=2 -I src/core -I src/event -I src/event/modules -I src/os/unix -I objs -I src/http -I src/http/modules -I src/http/v2 \
	-o objs/src/http/modules/ngx_http_upstream_ip_hash_module.o \
	src/http/modules/ngx_http_upstream_ip_hash_module.c
cc -c -g -O2 -fdebug-prefix-map=/root/nginx-1.20.2=. -fstack-protector-strong -Wformat -Werror=format-security -g -O2 -fdebug-prefix-map=/root/nginx-1.20.2=. -fstack-protector-strong -Wformat -Werror=format-security -fPIC -Wdate-time -D_FORTIFY_SOURCE=2 -I src/core -I src/event -I src/event/modules -I src/os/unix -I objs -I src/http -I src/http/modules -I src/http/v2 \
	-o objs/src/http/modules/ngx_http_upstream_least_conn_module.o \
	src/http/modules/ngx_http_upstream_least_conn_module.c
cc -c -g -O2 -fdebug-prefix-map=/root/nginx-1.20.2=. -fstack-protector-strong -Wformat -Werror=format-security -g -O2 -fdebug-prefix-map=/root/nginx-1.20.2=. -fstack-protector-strong -Wformat -Werror=format-security -fPIC -Wdate-time -D_FORTIFY_SOURCE=2 -I src/core -I src/event -I src/event/modules -I src/os/unix -I objs -I src/http -I src/http/modules -I src/http/v2 \
	-o objs/src/http/modules/ngx_http_upstream_random_module.o \
	src/http/modules/ngx_http_upstream_random_module.c
cc -c -g -O2 -fdebug-prefix-map=/root/nginx-1.20.2=. -fstack-protector-strong -Wformat -Werror=format-security -g -O2 -fdebug-prefix-map=/root/nginx-1.20.2=. -fstack-protector-strong -Wformat -Werror=format-security -fPIC -Wdate-time -D_FORTIFY_SOURCE=2 -I src/core -I src/event -I src/event/modules -I src/os/unix -I objs -I src/http -I src/http/modules -I src/http/v2 \
	-o objs/src/http/modules/ngx_http_upstream_keepalive_module.o \
	src/http/modules/ngx_http_upstream_keepalive_module.c
cc -c -g -O2 -fdebug-prefix-map=/root/nginx-1.20.2=. -fstack-protector-strong -Wformat -Werror=format-security -g -O2 -fdebug-prefix-map=/root/nginx-1.20.2=. -fstack-protector-strong -Wformat -Werror=format-security -fPIC -Wdate-time -D_FORTIFY_SOURCE=2 -I src/core -I src/event -I src/event/modules -I src/os/unix -I objs -I src/http -I src/http/modules -I src/http/v2 \
	-o objs/src/http/modules/ngx_http_upstream_zone_module.o \
	src/http/modules/ngx_http_upstream_zone_module.c
cc -c -g -O2 -fdebug-prefix-map=/root/nginx-1.20.2=. -fstack-protector-strong -Wformat -Werror=format-security -g -O2 -fdebug-prefix-map=/root/nginx-1.20.2=. -fstack-protector-strong -Wformat -Werror=format-security -fPIC -Wdate-time -D_FORTIFY_SOURCE=2 -I src/core -I src/event -I src/event/modules -I src/os/unix -I objs -I src/http -I src/http/modules -I src/http/v2 \
	-o objs/src/http/modules/ngx_http_stub_status_module.o \
	src/http/modules/ngx_http_stub_status_module.c
cc -c -g -O2 -fdebug-prefix-map=/root/nginx-1.20.2=. -fstack-protector-strong -Wformat -Werror=format-security -g -O2 -fdebug-prefix-map=/root/nginx-1.20.2=. -fstack-protector-strong -Wformat -Werror=format-security -fPIC -Wdate-time -D_FORTIFY_SOURCE=2 -I src/core -I src/event -I src/event/modules -I src/os/unix -I objs \
	-o objs/ngx_modules.o \
	objs/ngx_modules.c
cc -c -fPIC -g -O2 -fdebug-prefix-map=/root/nginx-1.20.2=. -fstack-protector-strong -Wformat -Werror=format-security -g -O2 -fdebug-prefix-map=/root/nginx-1.20.2=. -fstack-protector-strong -Wformat -Werror=format-security -fPIC -Wdate-time -D_FORTIFY_SOURCE=2 -I src/core -I src/event -I src/event/modules -I src/os/unix -I objs -I src/http -I src/http/modules -I src/http/v2 -I src/stream \
	-o objs/addon/http-geoip2/ngx_http_geoip2_module.o \
	/root/nginx-1.20.2/debian/modules/http-geoip2/ngx_http_geoip2_module.c
cc -c -fPIC -g -O2 -fdebug-prefix-map=/root/nginx-1.20.2=. -fstack-protector-strong -Wformat -Werror=format-security -g -O2 -fdebug-prefix-map=/root/nginx-1.20.2=. -fstack-protector-strong -Wformat -Werror=format-security -fPIC -Wdate-time -D_FORTIFY_SOURCE=2 -I src/core -I src/event -I src/event/modules -I src/os/unix -I objs -I src/http -I src/http/modules -I src/http/v2 -I src/stream \
	-o objs/ngx_http_geoip2_module_modules.o \
	objs/ngx_http_geoip2_module_modules.c
cc -c -fPIC -g -O2 -fdebug-prefix-map=/root/nginx-1.20.2=. -fstack-protector-strong -Wformat -Werror=format-security -g -O2 -fdebug-prefix-map=/root/nginx-1.20.2=. -fstack-protector-strong -Wformat -Werror=format-security -fPIC -Wdate-time -D_FORTIFY_SOURCE=2 -I src/core -I src/event -I src/event/modules -I src/os/unix -I objs -I src/http -I src/http/modules -I src/http/v2 -I src/stream \
	-o objs/addon/http-geoip2/ngx_stream_geoip2_module.o \
	/root/nginx-1.20.2/debian/modules/http-geoip2/ngx_stream_geoip2_module.c
cc -c -fPIC -g -O2 -fdebug-prefix-map=/root/nginx-1.20.2=. -fstack-protector-strong -Wformat -Werror=format-security -g -O2 -fdebug-prefix-map=/root/nginx-1.20.2=. -fstack-protector-strong -Wformat -Werror=format-security -fPIC -Wdate-time -D_FORTIFY_SOURCE=2 -I src/core -I src/event -I src/event/modules -I src/os/unix -I objs -I src/http -I src/http/modules -I src/http/v2 -I src/stream \
	-o objs/ngx_stream_geoip2_module_modules.o \
	objs/ngx_stream_geoip2_module_modules.c
cc -c -fPIC -g -O2 -fdebug-prefix-map=/root/nginx-1.20.2=. -fstack-protector-strong -Wformat -Werror=format-security -g -O2 -fdebug-prefix-map=/root/nginx-1.20.2=. -fstack-protector-strong -Wformat -Werror=format-security -fPIC -Wdate-time -D_FORTIFY_SOURCE=2 -I src/core -I src/event -I src/event/modules -I src/os/unix -I objs -I src/http -I src/http/modules -I src/http/v2 -I src/stream \
	-o objs/addon/src/ngx_http_headers_more_filter_module.o \
	/root/nginx-1.20.2/debian/modules/http-headers-more-filter/src/ngx_http_headers_more_filter_module.c
cc -c -fPIC -g -O2 -fdebug-prefix-map=/root/nginx-1.20.2=. -fstack-protector-strong -Wformat -Werror=format-security -g -O2 -fdebug-prefix-map=/root/nginx-1.20.2=. -fstack-protector-strong -Wformat -Werror=format-security -fPIC -Wdate-time -D_FORTIFY_SOURCE=2 -I src/core -I src/event -I src/event/modules -I src/os/unix -I objs -I src/http -I src/http/modules -I src/http/v2 -I src/stream \
	-o objs/addon/src/ngx_http_headers_more_headers_out.o \
	/root/nginx-1.20.2/debian/modules/http-headers-more-filter/src/ngx_http_headers_more_headers_out.c
cc -c -fPIC -g -O2 -fdebug-prefix-map=/root/nginx-1.20.2=. -fstack-protector-strong -Wformat -Werror=format-security -g -O2 -fdebug-prefix-map=/root/nginx-1.20.2=. -fstack-protector-strong -Wformat -Werror=format-security -fPIC -Wdate-time -D_FORTIFY_SOURCE=2 -I src/core -I src/event -I src/event/modules -I src/os/unix -I objs -I src/http -I src/http/modules -I src/http/v2 -I src/stream \
	-o objs/addon/src/ngx_http_headers_more_headers_in.o \
	/root/nginx-1.20.2/debian/modules/http-headers-more-filter/src/ngx_http_headers_more_headers_in.c
cc -c -fPIC -g -O2 -fdebug-prefix-map=/root/nginx-1.20.2=. -fstack-protector-strong -Wformat -Werror=format-security -g -O2 -fdebug-prefix-map=/root/nginx-1.20.2=. -fstack-protector-strong -Wformat -Werror=format-security -fPIC -Wdate-time -D_FORTIFY_SOURCE=2 -I src/core -I src/event -I src/event/modules -I src/os/unix -I objs -I src/http -I src/http/modules -I src/http/v2 -I src/stream \
	-o objs/addon/src/ngx_http_headers_more_util.o \
	/root/nginx-1.20.2/debian/modules/http-headers-more-filter/src/ngx_http_headers_more_util.c
cc -c -fPIC -g -O2 -fdebug-prefix-map=/root/nginx-1.20.2=. -fstack-protector-strong -Wformat -Werror=format-security -g -O2 -fdebug-prefix-map=/root/nginx-1.20.2=. -fstack-protector-strong -Wformat -Werror=format-security -fPIC -Wdate-time -D_FORTIFY_SOURCE=2 -I src/core -I src/event -I src/event/modules -I src/os/unix -I objs -I src/http -I src/http/modules -I src/http/v2 -I src/stream \
	-o objs/ngx_http_headers_more_filter_module_modules.o \
	objs/ngx_http_headers_more_filter_module_modules.c
cc -c -fPIC -g -O2 -fdebug-prefix-map=/root/nginx-1.20.2=. -fstack-protector-strong -Wformat -Werror=format-security -g -O2 -fdebug-prefix-map=/root/nginx-1.20.2=. -fstack-protector-strong -Wformat -Werror=format-security -fPIC -Wdate-time -D_FORTIFY_SOURCE=2 -I src/core -I src/event -I src/event/modules -I src/os/unix -I objs -I src/http -I src/http/modules -I src/http/v2 -I src/stream \
	-o objs/addon/src/ngx_http_echo_module.o \
	/root/nginx-1.20.2/debian/modules/http-echo/src/ngx_http_echo_module.c
cc -c -fPIC -g -O2 -fdebug-prefix-map=/root/nginx-1.20.2=. -fstack-protector-strong -Wformat -Werror=format-security -g -O2 -fdebug-prefix-map=/root/nginx-1.20.2=. -fstack-protector-strong -Wformat -Werror=format-security -fPIC -Wdate-time -D_FORTIFY_SOURCE=2 -I src/core -I src/event -I src/event/modules -I src/os/unix -I objs -I src/http -I src/http/modules -I src/http/v2 -I src/stream \
	-o objs/addon/src/ngx_http_echo_util.o \
	/root/nginx-1.20.2/debian/modules/http-echo/src/ngx_http_echo_util.c
cc -c -fPIC -g -O2 -fdebug-prefix-map=/root/nginx-1.20.2=. -fstack-protector-strong -Wformat -Werror=format-security -g -O2 -fdebug-prefix-map=/root/nginx-1.20.2=. -fstack-protector-strong -Wformat -Werror=format-security -fPIC -Wdate-time -D_FORTIFY_SOURCE=2 -I src/core -I src/event -I src/event/modules -I src/os/unix -I objs -I src/http -I src/http/modules -I src/http/v2 -I src/stream \
	-o objs/addon/src/ngx_http_echo_timer.o \
	/root/nginx-1.20.2/debian/modules/http-echo/src/ngx_http_echo_timer.c
cc -c -fPIC -g -O2 -fdebug-prefix-map=/root/nginx-1.20.2=. -fstack-protector-strong -Wformat -Werror=format-security -g -O2 -fdebug-prefix-map=/root/nginx-1.20.2=. -fstack-protector-strong -Wformat -Werror=format-security -fPIC -Wdate-time -D_FORTIFY_SOURCE=2 -I src/core -I src/event -I src/event/modules -I src/os/unix -I objs -I src/http -I src/http/modules -I src/http/v2 -I src/stream \
	-o objs/addon/src/ngx_http_echo_var.o \
	/root/nginx-1.20.2/debian/modules/http-echo/src/ngx_http_echo_var.c
cc -c -fPIC -g -O2 -fdebug-prefix-map=/root/nginx-1.20.2=. -fstack-protector-strong -Wformat -Werror=format-security -g -O2 -fdebug-prefix-map=/root/nginx-1.20.2=. -fstack-protector-strong -Wformat -Werror=format-security -fPIC -Wdate-time -D_FORTIFY_SOURCE=2 -I src/core -I src/event -I src/event/modules -I src/os/unix -I objs -I src/http -I src/http/modules -I src/http/v2 -I src/stream \
	-o objs/addon/src/ngx_http_echo_handler.o \
	/root/nginx-1.20.2/debian/modules/http-echo/src/ngx_http_echo_handler.c
cc -c -fPIC -g -O2 -fdebug-prefix-map=/root/nginx-1.20.2=. -fstack-protector-strong -Wformat -Werror=format-security -g -O2 -fdebug-prefix-map=/root/nginx-1.20.2=. -fstack-protector-strong -Wformat -Werror=format-security -fPIC -Wdate-time -D_FORTIFY_SOURCE=2 -I src/core -I src/event -I src/event/modules -I src/os/unix -I objs -I src/http -I src/http/modules -I src/http/v2 -I src/stream \
	-o objs/addon/src/ngx_http_echo_filter.o \
	/root/nginx-1.20.2/debian/modules/http-echo/src/ngx_http_echo_filter.c
cc -c -fPIC -g -O2 -fdebug-prefix-map=/root/nginx-1.20.2=. -fstack-protector-strong -Wformat -Werror=format-security -g -O2 -fdebug-prefix-map=/root/nginx-1.20.2=. -fstack-protector-strong -Wformat -Werror=format-security -fPIC -Wdate-time -D_FORTIFY_SOURCE=2 -I src/core -I src/event -I src/event/modules -I src/os/unix -I objs -I src/http -I src/http/modules -I src/http/v2 -I src/stream \
	-o objs/addon/src/ngx_http_echo_sleep.o \
	/root/nginx-1.20.2/debian/modules/http-echo/src/ngx_http_echo_sleep.c
cc -c -fPIC -g -O2 -fdebug-prefix-map=/root/nginx-1.20.2=. -fstack-protector-strong -Wformat -Werror=format-security -g -O2 -fdebug-prefix-map=/root/nginx-1.20.2=. -fstack-protector-strong -Wformat -Werror=format-security -fPIC -Wdate-time -D_FORTIFY_SOURCE=2 -I src/core -I src/event -I src/event/modules -I src/os/unix -I objs -I src/http -I src/http/modules -I src/http/v2 -I src/stream \
	-o objs/addon/src/ngx_http_echo_location.o \
	/root/nginx-1.20.2/debian/modules/http-echo/src/ngx_http_echo_location.c
cc -c -fPIC -g -O2 -fdebug-prefix-map=/root/nginx-1.20.2=. -fstack-protector-strong -Wformat -Werror=format-security -g -O2 -fdebug-prefix-map=/root/nginx-1.20.2=. -fstack-protector-strong -Wformat -Werror=format-security -fPIC -Wdate-time -D_FORTIFY_SOURCE=2 -I src/core -I src/event -I src/event/modules -I src/os/unix -I objs -I src/http -I src/http/modules -I src/http/v2 -I src/stream \
	-o objs/addon/src/ngx_http_echo_echo.o \
	/root/nginx-1.20.2/debian/modules/http-echo/src/ngx_http_echo_echo.c
cc -c -fPIC -g -O2 -fdebug-prefix-map=/root/nginx-1.20.2=. -fstack-protector-strong -Wformat -Werror=format-security -g -O2 -fdebug-prefix-map=/root/nginx-1.20.2=. -fstack-protector-strong -Wformat -Werror=format-security -fPIC -Wdate-time -D_FORTIFY_SOURCE=2 -I src/core -I src/event -I src/event/modules -I src/os/unix -I objs -I src/http -I src/http/modules -I src/http/v2 -I src/stream \
	-o objs/addon/src/ngx_http_echo_request_info.o \
	/root/nginx-1.20.2/debian/modules/http-echo/src/ngx_http_echo_request_info.c
cc -c -fPIC -g -O2 -fdebug-prefix-map=/root/nginx-1.20.2=. -fstack-protector-strong -Wformat -Werror=format-security -g -O2 -fdebug-prefix-map=/root/nginx-1.20.2=. -fstack-protector-strong -Wformat -Werror=format-security -fPIC -Wdate-time -D_FORTIFY_SOURCE=2 -I src/core -I src/event -I src/event/modules -I src/os/unix -I objs -I src/http -I src/http/modules -I src/http/v2 -I src/stream \
	-o objs/addon/src/ngx_http_echo_subrequest.o \
	/root/nginx-1.20.2/debian/modules/http-echo/src/ngx_http_echo_subrequest.c
cc -c -fPIC -g -O2 -fdebug-prefix-map=/root/nginx-1.20.2=. -fstack-protector-strong -Wformat -Werror=format-security -g -O2 -fdebug-prefix-map=/root/nginx-1.20.2=. -fstack-protector-strong -Wformat -Werror=format-security -fPIC -Wdate-time -D_FORTIFY_SOURCE=2 -I src/core -I src/event -I src/event/modules -I src/os/unix -I objs -I src/http -I src/http/modules -I src/http/v2 -I src/stream \
	-o objs/addon/src/ngx_http_echo_foreach.o \
	/root/nginx-1.20.2/debian/modules/http-echo/src/ngx_http_echo_foreach.c
cc -c -fPIC -g -O2 -fdebug-prefix-map=/root/nginx-1.20.2=. -fstack-protector-strong -Wformat -Werror=format-security -g -O2 -fdebug-prefix-map=/root/nginx-1.20.2=. -fstack-protector-strong -Wformat -Werror=format-security -fPIC -Wdate-time -D_FORTIFY_SOURCE=2 -I src/core -I src/event -I src/event/modules -I src/os/unix -I objs -I src/http -I src/http/modules -I src/http/v2 -I src/stream \
	-o objs/ngx_http_echo_module_modules.o \
	objs/ngx_http_echo_module_modules.c
cc -c -fPIC -g -O2 -fdebug-prefix-map=/root/nginx-1.20.2=. -fstack-protector-strong -Wformat -Werror=format-security -g -O2 -fdebug-prefix-map=/root/nginx-1.20.2=. -fstack-protector-strong -Wformat -Werror=format-security -fPIC -Wdate-time -D_FORTIFY_SOURCE=2 -I src/core -I src/event -I src/event/modules -I src/os/unix -I objs -I src/http -I src/http/modules -I src/http/v2 -I src/stream \
	-o objs/addon/naxsi_src/naxsi_runtime.o \
	/root/nginx-1.20.2/debian/modules/http-naxsi/naxsi_src/naxsi_runtime.c
cc -c -fPIC -g -O2 -fdebug-prefix-map=/root/nginx-1.20.2=. -fstack-protector-strong -Wformat -Werror=format-security -g -O2 -fdebug-prefix-map=/root/nginx-1.20.2=. -fstack-protector-strong -Wformat -Werror=format-security -fPIC -Wdate-time -D_FORTIFY_SOURCE=2 -I src/core -I src/event -I src/event/modules -I src/os/unix -I objs -I src/http -I src/http/modules -I src/http/v2 -I src/stream \
	-o objs/addon/naxsi_src/naxsi_config.o \
	/root/nginx-1.20.2/debian/modules/http-naxsi/naxsi_src/naxsi_config.c
cc -c -fPIC -g -O2 -fdebug-prefix-map=/root/nginx-1.20.2=. -fstack-protector-strong -Wformat -Werror=format-security -g -O2 -fdebug-prefix-map=/root/nginx-1.20.2=. -fstack-protector-strong -Wformat -Werror=format-security -fPIC -Wdate-time -D_FORTIFY_SOURCE=2 -I src/core -I src/event -I src/event/modules -I src/os/unix -I objs -I src/http -I src/http/modules -I src/http/v2 -I src/stream \
	-o objs/addon/naxsi_src/naxsi_utils.o \
	/root/nginx-1.20.2/debian/modules/http-naxsi/naxsi_src/naxsi_utils.c
cc -c -fPIC -g -O2 -fdebug-prefix-map=/root/nginx-1.20.2=. -fstack-protector-strong -Wformat -Werror=format-security -g -O2 -fdebug-prefix-map=/root/nginx-1.20.2=. -fstack-protector-strong -Wformat -Werror=format-security -fPIC -Wdate-time -D_FORTIFY_SOURCE=2 -I src/core -I src/event -I src/event/modules -I src/os/unix -I objs -I src/http -I src/http/modules -I src/http/v2 -I src/stream \
	-o objs/addon/naxsi_src/naxsi_skeleton.o \
	/root/nginx-1.20.2/debian/modules/http-naxsi/naxsi_src/naxsi_skeleton.c
cc -c -fPIC -g -O2 -fdebug-prefix-map=/root/nginx-1.20.2=. -fstack-protector-strong -Wformat -Werror=format-security -g -O2 -fdebug-prefix-map=/root/nginx-1.20.2=. -fstack-protector-strong -Wformat -Werror=format-security -fPIC -Wdate-time -D_FORTIFY_SOURCE=2 -I src/core -I src/event -I src/event/modules -I src/os/unix -I objs -I src/http -I src/http/modules -I src/http/v2 -I src/stream \
	-o objs/addon/naxsi_src/naxsi_json.o \
	/root/nginx-1.20.2/debian/modules/http-naxsi/naxsi_src/naxsi_json.c
cc -c -fPIC -g -O2 -fdebug-prefix-map=/root/nginx-1.20.2=. -fstack-protector-strong -Wformat -Werror=format-security -g -O2 -fdebug-prefix-map=/root/nginx-1.20.2=. -fstack-protector-strong -Wformat -Werror=format-security -fPIC -Wdate-time -D_FORTIFY_SOURCE=2 -I src/core -I src/event -I src/event/modules -I src/os/unix -I objs -I src/http -I src/http/modules -I src/http/v2 -I src/stream \
	-o objs/addon/naxsi_src/naxsi_raw.o \
	/root/nginx-1.20.2/debian/modules/http-naxsi/naxsi_src/naxsi_raw.c
cc -c -fPIC -g -O2 -fdebug-prefix-map=/root/nginx-1.20.2=. -fstack-protector-strong -Wformat -Werror=format-security -g -O2 -fdebug-prefix-map=/root/nginx-1.20.2=. -fstack-protector-strong -Wformat -Werror=format-security -fPIC -Wdate-time -D_FORTIFY_SOURCE=2 -I src/core -I src/event -I src/event/modules -I src/os/unix -I objs -I src/http -I src/http/modules -I src/http/v2 -I src/stream \
	-o objs/addon/naxsi_src/naxsi_net.o \
	/root/nginx-1.20.2/debian/modules/http-naxsi/naxsi_src/naxsi_net.c
cc -c -fPIC -g -O2 -fdebug-prefix-map=/root/nginx-1.20.2=. -fstack-protector-strong -Wformat -Werror=format-security -g -O2 -fdebug-prefix-map=/root/nginx-1.20.2=. -fstack-protector-strong -Wformat -Werror=format-security -fPIC -Wdate-time -D_FORTIFY_SOURCE=2 -I src/core -I src/event -I src/event/modules -I src/os/unix -I objs -I src/http -I src/http/modules -I src/http/v2 -I src/stream \
	-o objs/addon/libinjection/libinjection_sqli.o \
	/root/nginx-1.20.2/debian/modules/http-naxsi/naxsi_src/ext/libinjection/libinjection_sqli.c
cc -c -fPIC -g -O2 -fdebug-prefix-map=/root/nginx-1.20.2=. -fstack-protector-strong -Wformat -Werror=format-security -g -O2 -fdebug-prefix-map=/root/nginx-1.20.2=. -fstack-protector-strong -Wformat -Werror=format-security -fPIC -Wdate-time -D_FORTIFY_SOURCE=2 -I src/core -I src/event -I src/event/modules -I src/os/unix -I objs -I src/http -I src/http/modules -I src/http/v2 -I src/stream \
	-o objs/addon/libinjection/libinjection_xss.o \
	/root/nginx-1.20.2/debian/modules/http-naxsi/naxsi_src/ext/libinjection/libinjection_xss.c
cc -c -fPIC -g -O2 -fdebug-prefix-map=/root/nginx-1.20.2=. -fstack-protector-strong -Wformat -Werror=format-security -g -O2 -fdebug-prefix-map=/root/nginx-1.20.2=. -fstack-protector-strong -Wformat -Werror=format-security -fPIC -Wdate-time -D_FORTIFY_SOURCE=2 -I src/core -I src/event -I src/event/modules -I src/os/unix -I objs -I src/http -I src/http/modules -I src/http/v2 -I src/stream \
	-o objs/addon/libinjection/libinjection_html5.o \
	/root/nginx-1.20.2/debian/modules/http-naxsi/naxsi_src/ext/libinjection/libinjection_html5.c
cc -c -fPIC -g -O2 -fdebug-prefix-map=/root/nginx-1.20.2=. -fstack-protector-strong -Wformat -Werror=format-security -g -O2 -fdebug-prefix-map=/root/nginx-1.20.2=. -fstack-protector-strong -Wformat -Werror=format-security -fPIC -Wdate-time -D_FORTIFY_SOURCE=2 -I src/core -I src/event -I src/event/modules -I src/os/unix -I objs -I src/http -I src/http/modules -I src/http/v2 -I src/stream \
	-o objs/ngx_http_naxsi_module_modules.o \
	objs/ngx_http_naxsi_module_modules.c
cc -c -fPIC -g -O2 -fdebug-prefix-map=/root/nginx-1.20.2=. -fstack-protector-strong -Wformat -Werror=format-security -g -O2 -fdebug-prefix-map=/root/nginx-1.20.2=. -fstack-protector-strong -Wformat -Werror=format-security -fPIC -Wdate-time -D_FORTIFY_SOURCE=2 -I src/core -I src/event -I src/event/modules -I src/os/unix -I objs -I src/http -I src/http/modules -I src/http/v2 -I src/stream \
	-o objs/addon/ip2location-nginx-master/ngx_http_ip2location_module.o \
	/root/nginx-1.20.2/debian/modules/ip2location-nginx-master/ngx_http_ip2location_module.c
cc -c -fPIC -g -O2 -fdebug-prefix-map=/root/nginx-1.20.2=. -fstack-protector-strong -Wformat -Werror=format-security -g -O2 -fdebug-prefix-map=/root/nginx-1.20.2=. -fstack-protector-strong -Wformat -Werror=format-security -fPIC -Wdate-time -D_FORTIFY_SOURCE=2 -I src/core -I src/event -I src/event/modules -I src/os/unix -I objs -I src/http -I src/http/modules -I src/http/v2 -I src/stream \
	-o objs/ngx_http_ip2location_module_modules.o \
	objs/ngx_http_ip2location_module_modules.c
cc -c -fPIC -g -O2 -fdebug-prefix-map=/root/nginx-1.20.2=. -fstack-protector-strong -Wformat -Werror=format-security -g -O2 -fdebug-prefix-map=/root/nginx-1.20.2=. -fstack-protector-strong -Wformat -Werror=format-security -fPIC -Wdate-time -D_FORTIFY_SOURCE=2 -I src/core -I src/event -I src/event/modules -I src/os/unix -I objs -I src/http -I src/http/modules -I src/http/v2 -I src/stream \
	-o objs/src/stream/ngx_stream.o \
	src/stream/ngx_stream.c
cc -c -fPIC -g -O2 -fdebug-prefix-map=/root/nginx-1.20.2=. -fstack-protector-strong -Wformat -Werror=format-security -g -O2 -fdebug-prefix-map=/root/nginx-1.20.2=. -fstack-protector-strong -Wformat -Werror=format-security -fPIC -Wdate-time -D_FORTIFY_SOURCE=2 -I src/core -I src/event -I src/event/modules -I src/os/unix -I objs -I src/http -I src/http/modules -I src/http/v2 -I src/stream \
	-o objs/src/stream/ngx_stream_variables.o \
	src/stream/ngx_stream_variables.c
cc -c -fPIC -g -O2 -fdebug-prefix-map=/root/nginx-1.20.2=. -fstack-protector-strong -Wformat -Werror=format-security -g -O2 -fdebug-prefix-map=/root/nginx-1.20.2=. -fstack-protector-strong -Wformat -Werror=format-security -fPIC -Wdate-time -D_FORTIFY_SOURCE=2 -I src/core -I src/event -I src/event/modules -I src/os/unix -I objs -I src/http -I src/http/modules -I src/http/v2 -I src/stream \
	-o objs/src/stream/ngx_stream_script.o \
	src/stream/ngx_stream_script.c
cc -c -fPIC -g -O2 -fdebug-prefix-map=/root/nginx-1.20.2=. -fstack-protector-strong -Wformat -Werror=format-security -g -O2 -fdebug-prefix-map=/root/nginx-1.20.2=. -fstack-protector-strong -Wformat -Werror=format-security -fPIC -Wdate-time -D_FORTIFY_SOURCE=2 -I src/core -I src/event -I src/event/modules -I src/os/unix -I objs -I src/http -I src/http/modules -I src/http/v2 -I src/stream \
	-o objs/src/stream/ngx_stream_handler.o \
	src/stream/ngx_stream_handler.c
cc -c -fPIC -g -O2 -fdebug-prefix-map=/root/nginx-1.20.2=. -fstack-protector-strong -Wformat -Werror=format-security -g -O2 -fdebug-prefix-map=/root/nginx-1.20.2=. -fstack-protector-strong -Wformat -Werror=format-security -fPIC -Wdate-time -D_FORTIFY_SOURCE=2 -I src/core -I src/event -I src/event/modules -I src/os/unix -I objs -I src/http -I src/http/modules -I src/http/v2 -I src/stream \
	-o objs/src/stream/ngx_stream_core_module.o \
	src/stream/ngx_stream_core_module.c
cc -c -fPIC -g -O2 -fdebug-prefix-map=/root/nginx-1.20.2=. -fstack-protector-strong -Wformat -Werror=format-security -g -O2 -fdebug-prefix-map=/root/nginx-1.20.2=. -fstack-protector-strong -Wformat -Werror=format-security -fPIC -Wdate-time -D_FORTIFY_SOURCE=2 -I src/core -I src/event -I src/event/modules -I src/os/unix -I objs -I src/http -I src/http/modules -I src/http/v2 -I src/stream \
	-o objs/src/stream/ngx_stream_log_module.o \
	src/stream/ngx_stream_log_module.c
cc -c -fPIC -g -O2 -fdebug-prefix-map=/root/nginx-1.20.2=. -fstack-protector-strong -Wformat -Werror=format-security -g -O2 -fdebug-prefix-map=/root/nginx-1.20.2=. -fstack-protector-strong -Wformat -Werror=format-security -fPIC -Wdate-time -D_FORTIFY_SOURCE=2 -I src/core -I src/event -I src/event/modules -I src/os/unix -I objs -I src/http -I src/http/modules -I src/http/v2 -I src/stream \
	-o objs/src/stream/ngx_stream_proxy_module.o \
	src/stream/ngx_stream_proxy_module.c
cc -c -fPIC -g -O2 -fdebug-prefix-map=/root/nginx-1.20.2=. -fstack-protector-strong -Wformat -Werror=format-security -g -O2 -fdebug-prefix-map=/root/nginx-1.20.2=. -fstack-protector-strong -Wformat -Werror=format-security -fPIC -Wdate-time -D_FORTIFY_SOURCE=2 -I src/core -I src/event -I src/event/modules -I src/os/unix -I objs -I src/http -I src/http/modules -I src/http/v2 -I src/stream \
	-o objs/src/stream/ngx_stream_upstream.o \
	src/stream/ngx_stream_upstream.c
cc -c -fPIC -g -O2 -fdebug-prefix-map=/root/nginx-1.20.2=. -fstack-protector-strong -Wformat -Werror=format-security -g -O2 -fdebug-prefix-map=/root/nginx-1.20.2=. -fstack-protector-strong -Wformat -Werror=format-security -fPIC -Wdate-time -D_FORTIFY_SOURCE=2 -I src/core -I src/event -I src/event/modules -I src/os/unix -I objs -I src/http -I src/http/modules -I src/http/v2 -I src/stream \
	-o objs/src/stream/ngx_stream_upstream_round_robin.o \
	src/stream/ngx_stream_upstream_round_robin.c
cc -c -fPIC -g -O2 -fdebug-prefix-map=/root/nginx-1.20.2=. -fstack-protector-strong -Wformat -Werror=format-security -g -O2 -fdebug-prefix-map=/root/nginx-1.20.2=. -fstack-protector-strong -Wformat -Werror=format-security -fPIC -Wdate-time -D_FORTIFY_SOURCE=2 -I src/core -I src/event -I src/event/modules -I src/os/unix -I objs -I src/http -I src/http/modules -I src/http/v2 -I src/stream \
	-o objs/src/stream/ngx_stream_write_filter_module.o \
	src/stream/ngx_stream_write_filter_module.c
cc -c -fPIC -g -O2 -fdebug-prefix-map=/root/nginx-1.20.2=. -fstack-protector-strong -Wformat -Werror=format-security -g -O2 -fdebug-prefix-map=/root/nginx-1.20.2=. -fstack-protector-strong -Wformat -Werror=format-security -fPIC -Wdate-time -D_FORTIFY_SOURCE=2 -I src/core -I src/event -I src/event/modules -I src/os/unix -I objs -I src/http -I src/http/modules -I src/http/v2 -I src/stream \
	-o objs/src/stream/ngx_stream_ssl_module.o \
	src/stream/ngx_stream_ssl_module.c
cc -c -fPIC -g -O2 -fdebug-prefix-map=/root/nginx-1.20.2=. -fstack-protector-strong -Wformat -Werror=format-security -g -O2 -fdebug-prefix-map=/root/nginx-1.20.2=. -fstack-protector-strong -Wformat -Werror=format-security -fPIC -Wdate-time -D_FORTIFY_SOURCE=2 -I src/core -I src/event -I src/event/modules -I src/os/unix -I objs -I src/http -I src/http/modules -I src/http/v2 -I src/stream \
	-o objs/src/stream/ngx_stream_limit_conn_module.o \
	src/stream/ngx_stream_limit_conn_module.c
cc -c -fPIC -g -O2 -fdebug-prefix-map=/root/nginx-1.20.2=. -fstack-protector-strong -Wformat -Werror=format-security -g -O2 -fdebug-prefix-map=/root/nginx-1.20.2=. -fstack-protector-strong -Wformat -Werror=format-security -fPIC -Wdate-time -D_FORTIFY_SOURCE=2 -I src/core -I src/event -I src/event/modules -I src/os/unix -I objs -I src/http -I src/http/modules -I src/http/v2 -I src/stream \
	-o objs/src/stream/ngx_stream_access_module.o \
	src/stream/ngx_stream_access_module.c
cc -c -fPIC -g -O2 -fdebug-prefix-map=/root/nginx-1.20.2=. -fstack-protector-strong -Wformat -Werror=format-security -g -O2 -fdebug-prefix-map=/root/nginx-1.20.2=. -fstack-protector-strong -Wformat -Werror=format-security -fPIC -Wdate-time -D_FORTIFY_SOURCE=2 -I src/core -I src/event -I src/event/modules -I src/os/unix -I objs -I src/http -I src/http/modules -I src/http/v2 -I src/stream \
	-o objs/src/stream/ngx_stream_geo_module.o \
	src/stream/ngx_stream_geo_module.c
cc -c -fPIC -g -O2 -fdebug-prefix-map=/root/nginx-1.20.2=. -fstack-protector-strong -Wformat -Werror=format-security -g -O2 -fdebug-prefix-map=/root/nginx-1.20.2=. -fstack-protector-strong -Wformat -Werror=format-security -fPIC -Wdate-time -D_FORTIFY_SOURCE=2 -I src/core -I src/event -I src/event/modules -I src/os/unix -I objs -I src/http -I src/http/modules -I src/http/v2 -I src/stream \
	-o objs/src/stream/ngx_stream_map_module.o \
	src/stream/ngx_stream_map_module.c
cc -c -fPIC -g -O2 -fdebug-prefix-map=/root/nginx-1.20.2=. -fstack-protector-strong -Wformat -Werror=format-security -g -O2 -fdebug-prefix-map=/root/nginx-1.20.2=. -fstack-protector-strong -Wformat -Werror=format-security -fPIC -Wdate-time -D_FORTIFY_SOURCE=2 -I src/core -I src/event -I src/event/modules -I src/os/unix -I objs -I src/http -I src/http/modules -I src/http/v2 -I src/stream \
	-o objs/src/stream/ngx_stream_split_clients_module.o \
	src/stream/ngx_stream_split_clients_module.c
cc -c -fPIC -g -O2 -fdebug-prefix-map=/root/nginx-1.20.2=. -fstack-protector-strong -Wformat -Werror=format-security -g -O2 -fdebug-prefix-map=/root/nginx-1.20.2=. -fstack-protector-strong -Wformat -Werror=format-security -fPIC -Wdate-time -D_FORTIFY_SOURCE=2 -I src/core -I src/event -I src/event/modules -I src/os/unix -I objs -I src/http -I src/http/modules -I src/http/v2 -I src/stream \
	-o objs/src/stream/ngx_stream_return_module.o \
	src/stream/ngx_stream_return_module.c
cc -c -fPIC -g -O2 -fdebug-prefix-map=/root/nginx-1.20.2=. -fstack-protector-strong -Wformat -Werror=format-security -g -O2 -fdebug-prefix-map=/root/nginx-1.20.2=. -fstack-protector-strong -Wformat -Werror=format-security -fPIC -Wdate-time -D_FORTIFY_SOURCE=2 -I src/core -I src/event -I src/event/modules -I src/os/unix -I objs -I src/http -I src/http/modules -I src/http/v2 -I src/stream \
	-o objs/src/stream/ngx_stream_set_module.o \
	src/stream/ngx_stream_set_module.c
cc -c -fPIC -g -O2 -fdebug-prefix-map=/root/nginx-1.20.2=. -fstack-protector-strong -Wformat -Werror=format-security -g -O2 -fdebug-prefix-map=/root/nginx-1.20.2=. -fstack-protector-strong -Wformat -Werror=format-security -fPIC -Wdate-time -D_FORTIFY_SOURCE=2 -I src/core -I src/event -I src/event/modules -I src/os/unix -I objs -I src/http -I src/http/modules -I src/http/v2 -I src/stream \
	-o objs/src/stream/ngx_stream_upstream_hash_module.o \
	src/stream/ngx_stream_upstream_hash_module.c
cc -c -fPIC -g -O2 -fdebug-prefix-map=/root/nginx-1.20.2=. -fstack-protector-strong -Wformat -Werror=format-security -g -O2 -fdebug-prefix-map=/root/nginx-1.20.2=. -fstack-protector-strong -Wformat -Werror=format-security -fPIC -Wdate-time -D_FORTIFY_SOURCE=2 -I src/core -I src/event -I src/event/modules -I src/os/unix -I objs -I src/http -I src/http/modules -I src/http/v2 -I src/stream \
	-o objs/src/stream/ngx_stream_upstream_least_conn_module.o \
	src/stream/ngx_stream_upstream_least_conn_module.c
cc -c -fPIC -g -O2 -fdebug-prefix-map=/root/nginx-1.20.2=. -fstack-protector-strong -Wformat -Werror=format-security -g -O2 -fdebug-prefix-map=/root/nginx-1.20.2=. -fstack-protector-strong -Wformat -Werror=format-security -fPIC -Wdate-time -D_FORTIFY_SOURCE=2 -I src/core -I src/event -I src/event/modules -I src/os/unix -I objs -I src/http -I src/http/modules -I src/http/v2 -I src/stream \
	-o objs/src/stream/ngx_stream_upstream_random_module.o \
	src/stream/ngx_stream_upstream_random_module.c
cc -c -fPIC -g -O2 -fdebug-prefix-map=/root/nginx-1.20.2=. -fstack-protector-strong -Wformat -Werror=format-security -g -O2 -fdebug-prefix-map=/root/nginx-1.20.2=. -fstack-protector-strong -Wformat -Werror=format-security -fPIC -Wdate-time -D_FORTIFY_SOURCE=2 -I src/core -I src/event -I src/event/modules -I src/os/unix -I objs -I src/http -I src/http/modules -I src/http/v2 -I src/stream \
	-o objs/src/stream/ngx_stream_upstream_zone_module.o \
	src/stream/ngx_stream_upstream_zone_module.c
cc -c -fPIC -g -O2 -fdebug-prefix-map=/root/nginx-1.20.2=. -fstack-protector-strong -Wformat -Werror=format-security -g -O2 -fdebug-prefix-map=/root/nginx-1.20.2=. -fstack-protector-strong -Wformat -Werror=format-security -fPIC -Wdate-time -D_FORTIFY_SOURCE=2 -I src/core -I src/event -I src/event/modules -I src/os/unix -I objs -I src/http -I src/http/modules -I src/http/v2 -I src/stream \
	-o objs/src/stream/ngx_stream_ssl_preread_module.o \
	src/stream/ngx_stream_ssl_preread_module.c
cc -c -fPIC -g -O2 -fdebug-prefix-map=/root/nginx-1.20.2=. -fstack-protector-strong -Wformat -Werror=format-security -g -O2 -fdebug-prefix-map=/root/nginx-1.20.2=. -fstack-protector-strong -Wformat -Werror=format-security -fPIC -Wdate-time -D_FORTIFY_SOURCE=2 -I src/core -I src/event -I src/event/modules -I src/os/unix -I objs -I src/http -I src/http/modules -I src/http/v2 -I src/stream \
	-o objs/ngx_stream_module_modules.o \
	objs/ngx_stream_module_modules.c
sed -e "s|%%PREFIX%%|/usr/share/nginx|" \
	-e "s|%%PID_PATH%%|/run/nginx.pid|" \
	-e "s|%%CONF_PATH%%|/etc/nginx/nginx.conf|" \
	-e "s|%%ERROR_LOG_PATH%%|/var/log/nginx/error.log|" \
	< man/nginx.8 > objs/nginx.8
cc -o objs/nginx \
objs/src/core/nginx.o \
objs/src/core/ngx_log.o \
objs/src/core/ngx_palloc.o \
objs/src/core/ngx_array.o \
objs/src/core/ngx_list.o \
objs/src/core/ngx_hash.o \
objs/src/core/ngx_buf.o \
objs/src/core/ngx_queue.o \
objs/src/core/ngx_output_chain.o \
objs/src/core/ngx_string.o \
objs/src/core/ngx_parse.o \
objs/src/core/ngx_parse_time.o \
objs/src/core/ngx_inet.o \
objs/src/core/ngx_file.o \
objs/src/core/ngx_crc32.o \
objs/src/core/ngx_murmurhash.o \
objs/src/core/ngx_md5.o \
objs/src/core/ngx_sha1.o \
objs/src/core/ngx_rbtree.o \
objs/src/core/ngx_radix_tree.o \
objs/src/core/ngx_slab.o \
objs/src/core/ngx_times.o \
objs/src/core/ngx_shmtx.o \
objs/src/core/ngx_connection.o \
objs/src/core/ngx_cycle.o \
objs/src/core/ngx_spinlock.o \
objs/src/core/ngx_rwlock.o \
objs/src/core/ngx_cpuinfo.o \
objs/src/core/ngx_conf_file.o \
objs/src/core/ngx_module.o \
objs/src/core/ngx_resolver.o \
objs/src/core/ngx_open_file_cache.o \
objs/src/core/ngx_crypt.o \
objs/src/core/ngx_proxy_protocol.o \
objs/src/core/ngx_syslog.o \
objs/src/event/ngx_event.o \
objs/src/event/ngx_event_timer.o \
objs/src/event/ngx_event_posted.o \
objs/src/event/ngx_event_accept.o \
objs/src/event/ngx_event_udp.o \
objs/src/event/ngx_event_connect.o \
objs/src/event/ngx_event_pipe.o \
objs/src/os/unix/ngx_time.o \
objs/src/os/unix/ngx_errno.o \
objs/src/os/unix/ngx_alloc.o \
objs/src/os/unix/ngx_files.o \
objs/src/os/unix/ngx_socket.o \
objs/src/os/unix/ngx_recv.o \
objs/src/os/unix/ngx_readv_chain.o \
objs/src/os/unix/ngx_udp_recv.o \
objs/src/os/unix/ngx_send.o \
objs/src/os/unix/ngx_writev_chain.o \
objs/src/os/unix/ngx_udp_send.o \
objs/src/os/unix/ngx_udp_sendmsg_chain.o \
objs/src/os/unix/ngx_channel.o \
objs/src/os/unix/ngx_shmem.o \
objs/src/os/unix/ngx_process.o \
objs/src/os/unix/ngx_daemon.o \
objs/src/os/unix/ngx_setaffinity.o \
objs/src/os/unix/ngx_setproctitle.o \
objs/src/os/unix/ngx_posix_init.o \
objs/src/os/unix/ngx_user.o \
objs/src/os/unix/ngx_dlopen.o \
objs/src/os/unix/ngx_process_cycle.o \
objs/src/os/unix/ngx_linux_init.o \
objs/src/event/modules/ngx_epoll_module.o \
objs/src/os/unix/ngx_linux_sendfile_chain.o \
objs/src/core/ngx_thread_pool.o \
objs/src/os/unix/ngx_thread_cond.o \
objs/src/os/unix/ngx_thread_mutex.o \
objs/src/os/unix/ngx_thread_id.o \
objs/src/event/ngx_event_openssl.o \
objs/src/event/ngx_event_openssl_stapling.o \
objs/src/core/ngx_regex.o \
objs/src/http/ngx_http.o \
objs/src/http/ngx_http_core_module.o \
objs/src/http/ngx_http_special_response.o \
objs/src/http/ngx_http_request.o \
objs/src/http/ngx_http_parse.o \
objs/src/http/modules/ngx_http_log_module.o \
objs/src/http/ngx_http_request_body.o \
objs/src/http/ngx_http_variables.o \
objs/src/http/ngx_http_script.o \
objs/src/http/ngx_http_upstream.o \
objs/src/http/ngx_http_upstream_round_robin.o \
objs/src/http/ngx_http_file_cache.o \
objs/src/http/ngx_http_write_filter_module.o \
objs/src/http/ngx_http_header_filter_module.o \
objs/src/http/modules/ngx_http_chunked_filter_module.o \
objs/src/http/v2/ngx_http_v2_filter_module.o \
objs/src/http/modules/ngx_http_range_filter_module.o \
objs/src/http/modules/ngx_http_gzip_filter_module.o \
objs/src/http/ngx_http_postpone_filter_module.o \
objs/src/http/modules/ngx_http_ssi_filter_module.o \
objs/src/http/modules/ngx_http_charset_filter_module.o \
objs/src/http/modules/ngx_http_headers_filter_module.o \
objs/src/http/ngx_http_copy_filter_module.o \
objs/src/http/modules/ngx_http_not_modified_filter_module.o \
objs/src/http/modules/ngx_http_slice_filter_module.o \
objs/src/http/v2/ngx_http_v2.o \
objs/src/http/v2/ngx_http_v2_table.o \
objs/src/http/v2/ngx_http_v2_encode.o \
objs/src/http/v2/ngx_http_v2_huff_decode.o \
objs/src/http/v2/ngx_http_v2_huff_encode.o \
objs/src/http/v2/ngx_http_v2_module.o \
objs/src/http/modules/ngx_http_static_module.o \
objs/src/http/modules/ngx_http_gzip_static_module.o \
objs/src/http/modules/ngx_http_autoindex_module.o \
objs/src/http/modules/ngx_http_index_module.o \
objs/src/http/modules/ngx_http_mirror_module.o \
objs/src/http/modules/ngx_http_try_files_module.o \
objs/src/http/modules/ngx_http_auth_request_module.o \
objs/src/http/modules/ngx_http_auth_basic_module.o \
objs/src/http/modules/ngx_http_access_module.o \
objs/src/http/modules/ngx_http_limit_conn_module.o \
objs/src/http/modules/ngx_http_limit_req_module.o \
objs/src/http/modules/ngx_http_realip_module.o \
objs/src/http/modules/ngx_http_geo_module.o \
objs/src/http/modules/ngx_http_map_module.o \
objs/src/http/modules/ngx_http_rewrite_module.o \
objs/src/http/modules/ngx_http_ssl_module.o \
objs/src/http/modules/ngx_http_proxy_module.o \
objs/src/http/modules/ngx_http_fastcgi_module.o \
objs/src/http/modules/ngx_http_uwsgi_module.o \
objs/src/http/modules/ngx_http_scgi_module.o \
objs/src/http/modules/ngx_http_grpc_module.o \
objs/src/http/modules/ngx_http_empty_gif_module.o \
objs/src/http/modules/ngx_http_upstream_hash_module.o \
objs/src/http/modules/ngx_http_upstream_ip_hash_module.o \
objs/src/http/modules/ngx_http_upstream_least_conn_module.o \
objs/src/http/modules/ngx_http_upstream_random_module.o \
objs/src/http/modules/ngx_http_upstream_keepalive_module.o \
objs/src/http/modules/ngx_http_upstream_zone_module.o \
objs/src/http/modules/ngx_http_stub_status_module.o \
objs/ngx_modules.o \
-Wl,-Bsymbolic-functions -Wl,-z,relro -Wl,-z,now -fPIC -ldl -lpthread -lpthread -lcrypt -lpcre -lssl -lcrypto -ldl -lpthread -lz \
-Wl,-E
cc -o objs/ngx_http_geoip2_module.so \
objs/addon/http-geoip2/ngx_http_geoip2_module.o \
objs/ngx_http_geoip2_module_modules.o \
-Wl,-Bsymbolic-functions -Wl,-z,relro -Wl,-z,now -fPIC -lmaxminddb \
-shared
cc -o objs/ngx_stream_geoip2_module.so \
objs/addon/http-geoip2/ngx_stream_geoip2_module.o \
objs/ngx_stream_geoip2_module_modules.o \
-Wl,-Bsymbolic-functions -Wl,-z,relro -Wl,-z,now -fPIC -lmaxminddb \
-shared
cc -o objs/ngx_http_headers_more_filter_module.so \
objs/addon/src/ngx_http_headers_more_filter_module.o \
objs/addon/src/ngx_http_headers_more_headers_out.o \
objs/addon/src/ngx_http_headers_more_headers_in.o \
objs/addon/src/ngx_http_headers_more_util.o \
objs/ngx_http_headers_more_filter_module_modules.o \
-Wl,-Bsymbolic-functions -Wl,-z,relro -Wl,-z,now -fPIC \
-shared
cc -o objs/ngx_http_echo_module.so \
objs/addon/src/ngx_http_echo_module.o \
objs/addon/src/ngx_http_echo_util.o \
objs/addon/src/ngx_http_echo_timer.o \
objs/addon/src/ngx_http_echo_var.o \
objs/addon/src/ngx_http_echo_handler.o \
objs/addon/src/ngx_http_echo_filter.o \
objs/addon/src/ngx_http_echo_sleep.o \
objs/addon/src/ngx_http_echo_location.o \
objs/addon/src/ngx_http_echo_echo.o \
objs/addon/src/ngx_http_echo_request_info.o \
objs/addon/src/ngx_http_echo_subrequest.o \
objs/addon/src/ngx_http_echo_foreach.o \
objs/ngx_http_echo_module_modules.o \
-Wl,-Bsymbolic-functions -Wl,-z,relro -Wl,-z,now -fPIC \
-shared
cc -o objs/ngx_http_naxsi_module.so \
objs/addon/naxsi_src/naxsi_runtime.o \
objs/addon/naxsi_src/naxsi_config.o \
objs/addon/naxsi_src/naxsi_utils.o \
objs/addon/naxsi_src/naxsi_skeleton.o \
objs/addon/naxsi_src/naxsi_json.o \
objs/addon/naxsi_src/naxsi_raw.o \
objs/addon/naxsi_src/naxsi_net.o \
objs/addon/libinjection/libinjection_sqli.o \
objs/addon/libinjection/libinjection_xss.o \
objs/addon/libinjection/libinjection_html5.o \
objs/ngx_http_naxsi_module_modules.o \
-Wl,-Bsymbolic-functions -Wl,-z,relro -Wl,-z,now -fPIC \
-shared
cc -o objs/ngx_http_ip2location_module.so \
objs/addon/ip2location-nginx-master/ngx_http_ip2location_module.o \
objs/ngx_http_ip2location_module_modules.o \
-Wl,-Bsymbolic-functions -Wl,-z,relro -Wl,-z,now -fPIC -lIP2Location \
-shared
cc -o objs/ngx_stream_module.so \
objs/src/stream/ngx_stream.o \
objs/src/stream/ngx_stream_variables.o \
objs/src/stream/ngx_stream_script.o \
objs/src/stream/ngx_stream_handler.o \
objs/src/stream/ngx_stream_core_module.o \
objs/src/stream/ngx_stream_log_module.o \
objs/src/stream/ngx_stream_proxy_module.o \
objs/src/stream/ngx_stream_upstream.o \
objs/src/stream/ngx_stream_upstream_round_robin.o \
objs/src/stream/ngx_stream_write_filter_module.o \
objs/src/stream/ngx_stream_ssl_module.o \
objs/src/stream/ngx_stream_limit_conn_module.o \
objs/src/stream/ngx_stream_access_module.o \
objs/src/stream/ngx_stream_geo_module.o \
objs/src/stream/ngx_stream_map_module.o \
objs/src/stream/ngx_stream_split_clients_module.o \
objs/src/stream/ngx_stream_return_module.o \
objs/src/stream/ngx_stream_set_module.o \
objs/src/stream/ngx_stream_upstream_hash_module.o \
objs/src/stream/ngx_stream_upstream_least_conn_module.o \
objs/src/stream/ngx_stream_upstream_random_module.o \
objs/src/stream/ngx_stream_upstream_zone_module.o \
objs/src/stream/ngx_stream_ssl_preread_module.o \
objs/ngx_stream_module_modules.o \
-Wl,-Bsymbolic-functions -Wl,-z,relro -Wl,-z,now -fPIC \
-shared
make[3]: Leaving directory '/root/nginx-1.20.2/debian/build-light'
make[2]: Leaving directory '/root/nginx-1.20.2/debian/build-light'
dh override_dh_auto_build
make[1]: Leaving directory '/root/nginx-1.20.2'
   create-stamp debian/debhelper-build-stamp
   dh_testroot
   dh_prep
	rm -f -- debian/nginx.substvars debian/nginx-common.substvars debian/nginx-light.substvars debian/libnginx-mod-http-geoip2.substvars debian/libnginx-mod-stream.substvars debian/libnginx-mod-stream-geoip2.substvars debian/libnginx-mod-http-echo.substvars debian/libnginx-mod-http-headers-more-filter.substvars debian/libnginx-mod-http-naxsi.substvars debian/libnginx-mod-http-ip2location.substvars
	rm -fr -- debian/.debhelper/generated/nginx/ debian/nginx/ debian/tmp/ debian/.debhelper/generated/nginx-common/ debian/nginx-common/ debian/.debhelper/generated/nginx-light/ debian/nginx-light/ debian/.debhelper/generated/libnginx-mod-http-geoip2/ debian/libnginx-mod-http-geoip2/ debian/.debhelper/generated/libnginx-mod-stream/ debian/libnginx-mod-stream/ debian/.debhelper/generated/libnginx-mod-stream-geoip2/ debian/libnginx-mod-stream-geoip2/ debian/.debhelper/generated/libnginx-mod-http-echo/ debian/libnginx-mod-http-echo/ debian/.debhelper/generated/libnginx-mod-http-headers-more-filter/ debian/libnginx-mod-http-headers-more-filter/ debian/.debhelper/generated/libnginx-mod-http-naxsi/ debian/libnginx-mod-http-naxsi/ debian/.debhelper/generated/libnginx-mod-http-ip2location/ debian/libnginx-mod-http-ip2location/
   dh_installdirs
	install -d debian/nginx
	install -d debian/nginx-common
	install -d debian/nginx-common/etc/nginx debian/nginx-common/etc/nginx/conf.d debian/nginx-common/etc/nginx/modules-available debian/nginx-common/etc/nginx/modules-enabled debian/nginx-common/etc/nginx/sites-available debian/nginx-common/etc/nginx/sites-enabled debian/nginx-common/etc/ufw/applications.d debian/nginx-common/usr/share/nginx debian/nginx-common/usr/share/vim/addons debian/nginx-common/usr/share/vim/registry debian/nginx-common/var/lib/nginx debian/nginx-common/var/log/nginx debian/nginx-common/var/www/html
	install -d debian/nginx-light
	install -d debian/nginx-light/usr/sbin
	install -d debian/libnginx-mod-http-geoip2
	install -d debian/libnginx-mod-stream
	install -d debian/libnginx-mod-stream-geoip2
	install -d debian/libnginx-mod-http-echo
	install -d debian/libnginx-mod-http-headers-more-filter
	install -d debian/libnginx-mod-http-naxsi
	install -d debian/libnginx-mod-http-ip2location
   debian/rules override_dh_install
make[1]: Entering directory '/root/nginx-1.20.2'
dh_install
	install -d debian/.debhelper/generated/nginx
	cp --reflink=auto -a ./debian/conf/fastcgi.conf ./debian/conf/fastcgi_params ./debian/conf/koi-utf ./debian/conf/koi-win ./debian/conf/mime.types ./debian/conf/nginx.conf ./debian/conf/proxy_params ./debian/conf/scgi_params ./debian/conf/sites-available ./debian/conf/snippets ./debian/conf/uwsgi_params ./debian/conf/win-utf debian/nginx-common/etc/nginx/
	cp --reflink=auto -a ./debian/ufw/nginx debian/nginx-common/etc/ufw/applications.d/
	install -d debian/nginx-common/usr/share/nginx/html/
	cp --reflink=auto -a ./html/index.html debian/nginx-common/usr/share/nginx/html//
	cp --reflink=auto -a ./contrib/vim/ftdetect ./contrib/vim/ftplugin ./contrib/vim/indent ./contrib/vim/syntax debian/nginx-common/usr/share/vim/addons/
	cp --reflink=auto -a ./debian/vim/nginx.yaml debian/nginx-common/usr/share/vim/registry/
	install -d debian/.debhelper/generated/nginx-common
	cp --reflink=auto -a ./debian/build-light/objs/nginx debian/nginx-light/usr/sbin/
	install -d debian/.debhelper/generated/nginx-light
	install -d debian/.debhelper/generated/libnginx-mod-http-geoip2
	install -d debian/.debhelper/generated/libnginx-mod-stream
	install -d debian/.debhelper/generated/libnginx-mod-stream-geoip2
	install -d debian/.debhelper/generated/libnginx-mod-http-echo
	install -d debian/.debhelper/generated/libnginx-mod-http-headers-more-filter
	install -d debian/.debhelper/generated/libnginx-mod-http-naxsi
	install -d debian/.debhelper/generated/libnginx-mod-http-ip2location
DH_AUTOSCRIPTDIR=/root/nginx-1.20.2/debian/autoscripts debian/dh_nginx
	modules -- debian/build-light/objs/ngx_http_geoip2_module.so -- 


	Installing module binary debian/build-light/objs/ngx_http_geoip2_module.so into debian/libnginx-mod-http-geoip2//usr/lib/nginx/modules/

	mkdir -p debian/libnginx-mod-http-geoip2//usr/lib/nginx/modules/
	chmod 755 debian/libnginx-mod-http-geoip2//usr/lib/nginx/modules/
	cp debian/build-light/objs/ngx_http_geoip2_module.so debian/libnginx-mod-http-geoip2//usr/lib/nginx/modules/
	modules -- debian/libnginx-mod.conf/mod-http-geoip2.conf -- 


	Installing module configuration mod-http-geoip2.conf into debian/libnginx-mod-http-geoip2/usr/share/nginx/modules-available/ prio:50

	mkdir -p debian/libnginx-mod-http-geoip2/usr/share/nginx/modules-available/
	chmod 755 debian/libnginx-mod-http-geoip2/usr/share/nginx/modules-available/
	cp debian/libnginx-mod.conf/mod-http-geoip2.conf debian/libnginx-mod-http-geoip2/usr/share/nginx/modules-available/
	chmod 644 debian/libnginx-mod-http-geoip2/usr/share/nginx/modules-available//mod-http-geoip2.conf
	(grep -a -s -v misc:Depends debian/libnginx-mod-http-geoip2.substvars; echo "misc:Depends=nginx-common (= \${source:Version})") > debian/libnginx-mod-http-geoip2.substvars.new
	mv debian/libnginx-mod-http-geoip2.substvars.new debian/libnginx-mod-http-geoip2.substvars
	echo "# Automatically added by dh_nginx/UNDECLARED">> debian/libnginx-mod-http-geoip2.postinst.debhelper
	sed "s#NAMES#mod-http-geoip2.conf:50-mod-http-geoip2.conf g; " /root/nginx-1.20.2/debian/autoscripts/postinst-nginx >> debian/libnginx-mod-http-geoip2.postinst.debhelper
	echo '# End automatically added section' >> debian/libnginx-mod-http-geoip2.postinst.debhelper
	echo "# Automatically added by dh_nginx/UNDECLARED">> debian/libnginx-mod-http-geoip2.prerm.debhelper
	sed "s#NAMES#mod-http-geoip2.conf:50-mod-http-geoip2.conf g; " /root/nginx-1.20.2/debian/autoscripts/prerm-nginx >> debian/libnginx-mod-http-geoip2.prerm.debhelper
	echo '# End automatically added section' >> debian/libnginx-mod-http-geoip2.prerm.debhelper
	echo "# Automatically added by dh_nginx/UNDECLARED">> debian/libnginx-mod-http-geoip2.postrm.debhelper
	sed "s#NAMES#mod-http-geoip2.conf:50-mod-http-geoip2.conf g; " /root/nginx-1.20.2/debian/autoscripts/postrm-nginx >> debian/libnginx-mod-http-geoip2.postrm.debhelper
	echo '# End automatically added section' >> debian/libnginx-mod-http-geoip2.postrm.debhelper
	modules -- debian/build-light/objs/ngx_stream_module.so -- 


	Installing module binary debian/build-light/objs/ngx_stream_module.so into debian/libnginx-mod-stream//usr/lib/nginx/modules/

	mkdir -p debian/libnginx-mod-stream//usr/lib/nginx/modules/
	chmod 755 debian/libnginx-mod-stream//usr/lib/nginx/modules/
	cp debian/build-light/objs/ngx_stream_module.so debian/libnginx-mod-stream//usr/lib/nginx/modules/
	modules -- debian/libnginx-mod.conf/mod-stream.conf -- 


	Installing module configuration mod-stream.conf into debian/libnginx-mod-stream/usr/share/nginx/modules-available/ prio:50

	mkdir -p debian/libnginx-mod-stream/usr/share/nginx/modules-available/
	chmod 755 debian/libnginx-mod-stream/usr/share/nginx/modules-available/
	cp debian/libnginx-mod.conf/mod-stream.conf debian/libnginx-mod-stream/usr/share/nginx/modules-available/
	chmod 644 debian/libnginx-mod-stream/usr/share/nginx/modules-available//mod-stream.conf
	(grep -a -s -v misc:Depends debian/libnginx-mod-stream.substvars; echo "misc:Depends=nginx-common (= \${source:Version})") > debian/libnginx-mod-stream.substvars.new
	mv debian/libnginx-mod-stream.substvars.new debian/libnginx-mod-stream.substvars
	echo "# Automatically added by dh_nginx/UNDECLARED">> debian/libnginx-mod-stream.postinst.debhelper
	sed "s#NAMES#mod-stream.conf:50-mod-stream.conf g; " /root/nginx-1.20.2/debian/autoscripts/postinst-nginx >> debian/libnginx-mod-stream.postinst.debhelper
	echo '# End automatically added section' >> debian/libnginx-mod-stream.postinst.debhelper
	echo "# Automatically added by dh_nginx/UNDECLARED">> debian/libnginx-mod-stream.prerm.debhelper
	sed "s#NAMES#mod-stream.conf:50-mod-stream.conf g; " /root/nginx-1.20.2/debian/autoscripts/prerm-nginx >> debian/libnginx-mod-stream.prerm.debhelper
	echo '# End automatically added section' >> debian/libnginx-mod-stream.prerm.debhelper
	echo "# Automatically added by dh_nginx/UNDECLARED">> debian/libnginx-mod-stream.postrm.debhelper
	sed "s#NAMES#mod-stream.conf:50-mod-stream.conf g; " /root/nginx-1.20.2/debian/autoscripts/postrm-nginx >> debian/libnginx-mod-stream.postrm.debhelper
	echo '# End automatically added section' >> debian/libnginx-mod-stream.postrm.debhelper
	modules -- debian/build-light/objs/ngx_stream_geoip2_module.so -- 


	Installing module binary debian/build-light/objs/ngx_stream_geoip2_module.so into debian/libnginx-mod-stream-geoip2//usr/lib/nginx/modules/

	mkdir -p debian/libnginx-mod-stream-geoip2//usr/lib/nginx/modules/
	chmod 755 debian/libnginx-mod-stream-geoip2//usr/lib/nginx/modules/
	cp debian/build-light/objs/ngx_stream_geoip2_module.so debian/libnginx-mod-stream-geoip2//usr/lib/nginx/modules/
	modules -- debian/libnginx-mod.conf/mod-stream-geoip2.conf -- 70


	Installing module configuration mod-stream-geoip2.conf into debian/libnginx-mod-stream-geoip2/usr/share/nginx/modules-available/ prio:70

	mkdir -p debian/libnginx-mod-stream-geoip2/usr/share/nginx/modules-available/
	chmod 755 debian/libnginx-mod-stream-geoip2/usr/share/nginx/modules-available/
	cp debian/libnginx-mod.conf/mod-stream-geoip2.conf debian/libnginx-mod-stream-geoip2/usr/share/nginx/modules-available/
	chmod 644 debian/libnginx-mod-stream-geoip2/usr/share/nginx/modules-available//mod-stream-geoip2.conf
	(grep -a -s -v misc:Depends debian/libnginx-mod-stream-geoip2.substvars; echo "misc:Depends=nginx-common (= \${source:Version})") > debian/libnginx-mod-stream-geoip2.substvars.new
	mv debian/libnginx-mod-stream-geoip2.substvars.new debian/libnginx-mod-stream-geoip2.substvars
	echo "# Automatically added by dh_nginx/UNDECLARED">> debian/libnginx-mod-stream-geoip2.postinst.debhelper
	sed "s#NAMES#mod-stream-geoip2.conf:70-mod-stream-geoip2.conf g; " /root/nginx-1.20.2/debian/autoscripts/postinst-nginx >> debian/libnginx-mod-stream-geoip2.postinst.debhelper
	echo '# End automatically added section' >> debian/libnginx-mod-stream-geoip2.postinst.debhelper
	echo "# Automatically added by dh_nginx/UNDECLARED">> debian/libnginx-mod-stream-geoip2.prerm.debhelper
	sed "s#NAMES#mod-stream-geoip2.conf:70-mod-stream-geoip2.conf g; " /root/nginx-1.20.2/debian/autoscripts/prerm-nginx >> debian/libnginx-mod-stream-geoip2.prerm.debhelper
	echo '# End automatically added section' >> debian/libnginx-mod-stream-geoip2.prerm.debhelper
	echo "# Automatically added by dh_nginx/UNDECLARED">> debian/libnginx-mod-stream-geoip2.postrm.debhelper
	sed "s#NAMES#mod-stream-geoip2.conf:70-mod-stream-geoip2.conf g; " /root/nginx-1.20.2/debian/autoscripts/postrm-nginx >> debian/libnginx-mod-stream-geoip2.postrm.debhelper
	echo '# End automatically added section' >> debian/libnginx-mod-stream-geoip2.postrm.debhelper
	modules -- debian/build-light/objs/ngx_http_echo_module.so -- 


	Installing module binary debian/build-light/objs/ngx_http_echo_module.so into debian/libnginx-mod-http-echo//usr/lib/nginx/modules/

	mkdir -p debian/libnginx-mod-http-echo//usr/lib/nginx/modules/
	chmod 755 debian/libnginx-mod-http-echo//usr/lib/nginx/modules/
	cp debian/build-light/objs/ngx_http_echo_module.so debian/libnginx-mod-http-echo//usr/lib/nginx/modules/
	modules -- debian/libnginx-mod.conf/mod-http-echo.conf -- 


	Installing module configuration mod-http-echo.conf into debian/libnginx-mod-http-echo/usr/share/nginx/modules-available/ prio:50

	mkdir -p debian/libnginx-mod-http-echo/usr/share/nginx/modules-available/
	chmod 755 debian/libnginx-mod-http-echo/usr/share/nginx/modules-available/
	cp debian/libnginx-mod.conf/mod-http-echo.conf debian/libnginx-mod-http-echo/usr/share/nginx/modules-available/
	chmod 644 debian/libnginx-mod-http-echo/usr/share/nginx/modules-available//mod-http-echo.conf
	(grep -a -s -v misc:Depends debian/libnginx-mod-http-echo.substvars; echo "misc:Depends=nginx-common (= \${source:Version})") > debian/libnginx-mod-http-echo.substvars.new
	mv debian/libnginx-mod-http-echo.substvars.new debian/libnginx-mod-http-echo.substvars
	echo "# Automatically added by dh_nginx/UNDECLARED">> debian/libnginx-mod-http-echo.postinst.debhelper
	sed "s#NAMES#mod-http-echo.conf:50-mod-http-echo.conf g; " /root/nginx-1.20.2/debian/autoscripts/postinst-nginx >> debian/libnginx-mod-http-echo.postinst.debhelper
	echo '# End automatically added section' >> debian/libnginx-mod-http-echo.postinst.debhelper
	echo "# Automatically added by dh_nginx/UNDECLARED">> debian/libnginx-mod-http-echo.prerm.debhelper
	sed "s#NAMES#mod-http-echo.conf:50-mod-http-echo.conf g; " /root/nginx-1.20.2/debian/autoscripts/prerm-nginx >> debian/libnginx-mod-http-echo.prerm.debhelper
	echo '# End automatically added section' >> debian/libnginx-mod-http-echo.prerm.debhelper
	echo "# Automatically added by dh_nginx/UNDECLARED">> debian/libnginx-mod-http-echo.postrm.debhelper
	sed "s#NAMES#mod-http-echo.conf:50-mod-http-echo.conf g; " /root/nginx-1.20.2/debian/autoscripts/postrm-nginx >> debian/libnginx-mod-http-echo.postrm.debhelper
	echo '# End automatically added section' >> debian/libnginx-mod-http-echo.postrm.debhelper
	modules -- debian/build-light/objs/ngx_http_headers_more_filter_module.so -- 


	Installing module binary debian/build-light/objs/ngx_http_headers_more_filter_module.so into debian/libnginx-mod-http-headers-more-filter//usr/lib/nginx/modules/

	mkdir -p debian/libnginx-mod-http-headers-more-filter//usr/lib/nginx/modules/
	chmod 755 debian/libnginx-mod-http-headers-more-filter//usr/lib/nginx/modules/
	cp debian/build-light/objs/ngx_http_headers_more_filter_module.so debian/libnginx-mod-http-headers-more-filter//usr/lib/nginx/modules/
	modules -- debian/libnginx-mod.conf/mod-http-headers-more-filter.conf -- 


	Installing module configuration mod-http-headers-more-filter.conf into debian/libnginx-mod-http-headers-more-filter/usr/share/nginx/modules-available/ prio:50

	mkdir -p debian/libnginx-mod-http-headers-more-filter/usr/share/nginx/modules-available/
	chmod 755 debian/libnginx-mod-http-headers-more-filter/usr/share/nginx/modules-available/
	cp debian/libnginx-mod.conf/mod-http-headers-more-filter.conf debian/libnginx-mod-http-headers-more-filter/usr/share/nginx/modules-available/
	chmod 644 debian/libnginx-mod-http-headers-more-filter/usr/share/nginx/modules-available//mod-http-headers-more-filter.conf
	(grep -a -s -v misc:Depends debian/libnginx-mod-http-headers-more-filter.substvars; echo "misc:Depends=nginx-common (= \${source:Version})") > debian/libnginx-mod-http-headers-more-filter.substvars.new
	mv debian/libnginx-mod-http-headers-more-filter.substvars.new debian/libnginx-mod-http-headers-more-filter.substvars
	echo "# Automatically added by dh_nginx/UNDECLARED">> debian/libnginx-mod-http-headers-more-filter.postinst.debhelper
	sed "s#NAMES#mod-http-headers-more-filter.conf:50-mod-http-headers-more-filter.conf g; " /root/nginx-1.20.2/debian/autoscripts/postinst-nginx >> debian/libnginx-mod-http-headers-more-filter.postinst.debhelper
	echo '# End automatically added section' >> debian/libnginx-mod-http-headers-more-filter.postinst.debhelper
	echo "# Automatically added by dh_nginx/UNDECLARED">> debian/libnginx-mod-http-headers-more-filter.prerm.debhelper
	sed "s#NAMES#mod-http-headers-more-filter.conf:50-mod-http-headers-more-filter.conf g; " /root/nginx-1.20.2/debian/autoscripts/prerm-nginx >> debian/libnginx-mod-http-headers-more-filter.prerm.debhelper
	echo '# End automatically added section' >> debian/libnginx-mod-http-headers-more-filter.prerm.debhelper
	echo "# Automatically added by dh_nginx/UNDECLARED">> debian/libnginx-mod-http-headers-more-filter.postrm.debhelper
	sed "s#NAMES#mod-http-headers-more-filter.conf:50-mod-http-headers-more-filter.conf g; " /root/nginx-1.20.2/debian/autoscripts/postrm-nginx >> debian/libnginx-mod-http-headers-more-filter.postrm.debhelper
	echo '# End automatically added section' >> debian/libnginx-mod-http-headers-more-filter.postrm.debhelper
	modules -- debian/build-light/objs/ngx_http_naxsi_module.so -- 


	Installing module binary debian/build-light/objs/ngx_http_naxsi_module.so into debian/libnginx-mod-http-naxsi//usr/lib/nginx/modules/

	mkdir -p debian/libnginx-mod-http-naxsi//usr/lib/nginx/modules/
	chmod 755 debian/libnginx-mod-http-naxsi//usr/lib/nginx/modules/
	cp debian/build-light/objs/ngx_http_naxsi_module.so debian/libnginx-mod-http-naxsi//usr/lib/nginx/modules/
	modules -- debian/libnginx-mod.conf/mod-http-naxsi.conf -- 


	Installing module configuration mod-http-naxsi.conf into debian/libnginx-mod-http-naxsi/usr/share/nginx/modules-available/ prio:50

	mkdir -p debian/libnginx-mod-http-naxsi/usr/share/nginx/modules-available/
	chmod 755 debian/libnginx-mod-http-naxsi/usr/share/nginx/modules-available/
	cp debian/libnginx-mod.conf/mod-http-naxsi.conf debian/libnginx-mod-http-naxsi/usr/share/nginx/modules-available/
	chmod 644 debian/libnginx-mod-http-naxsi/usr/share/nginx/modules-available//mod-http-naxsi.conf
	(grep -a -s -v misc:Depends debian/libnginx-mod-http-naxsi.substvars; echo "misc:Depends=nginx-common (= \${source:Version})") > debian/libnginx-mod-http-naxsi.substvars.new
	mv debian/libnginx-mod-http-naxsi.substvars.new debian/libnginx-mod-http-naxsi.substvars
	echo "# Automatically added by dh_nginx/UNDECLARED">> debian/libnginx-mod-http-naxsi.postinst.debhelper
	sed "s#NAMES#mod-http-naxsi.conf:50-mod-http-naxsi.conf g; " /root/nginx-1.20.2/debian/autoscripts/postinst-nginx >> debian/libnginx-mod-http-naxsi.postinst.debhelper
	echo '# End automatically added section' >> debian/libnginx-mod-http-naxsi.postinst.debhelper
	echo "# Automatically added by dh_nginx/UNDECLARED">> debian/libnginx-mod-http-naxsi.prerm.debhelper
	sed "s#NAMES#mod-http-naxsi.conf:50-mod-http-naxsi.conf g; " /root/nginx-1.20.2/debian/autoscripts/prerm-nginx >> debian/libnginx-mod-http-naxsi.prerm.debhelper
	echo '# End automatically added section' >> debian/libnginx-mod-http-naxsi.prerm.debhelper
	echo "# Automatically added by dh_nginx/UNDECLARED">> debian/libnginx-mod-http-naxsi.postrm.debhelper
	sed "s#NAMES#mod-http-naxsi.conf:50-mod-http-naxsi.conf g; " /root/nginx-1.20.2/debian/autoscripts/postrm-nginx >> debian/libnginx-mod-http-naxsi.postrm.debhelper
	echo '# End automatically added section' >> debian/libnginx-mod-http-naxsi.postrm.debhelper
	modules -- debian/build-light/objs/ngx_http_ip2location_module.so -- 


	Installing module binary debian/build-light/objs/ngx_http_ip2location_module.so into debian/libnginx-mod-http-ip2location//usr/lib/nginx/modules/

	mkdir -p debian/libnginx-mod-http-ip2location//usr/lib/nginx/modules/
	chmod 755 debian/libnginx-mod-http-ip2location//usr/lib/nginx/modules/
	cp debian/build-light/objs/ngx_http_ip2location_module.so debian/libnginx-mod-http-ip2location//usr/lib/nginx/modules/
	modules -- debian/libnginx-mod.conf/mod-http-ip2location.conf -- 


	Installing module configuration mod-http-ip2location.conf into debian/libnginx-mod-http-ip2location/usr/share/nginx/modules-available/ prio:50

	mkdir -p debian/libnginx-mod-http-ip2location/usr/share/nginx/modules-available/
	chmod 755 debian/libnginx-mod-http-ip2location/usr/share/nginx/modules-available/
	cp debian/libnginx-mod.conf/mod-http-ip2location.conf debian/libnginx-mod-http-ip2location/usr/share/nginx/modules-available/
	chmod 644 debian/libnginx-mod-http-ip2location/usr/share/nginx/modules-available//mod-http-ip2location.conf
	(grep -a -s -v misc:Depends debian/libnginx-mod-http-ip2location.substvars; echo "misc:Depends=nginx-common (= \${source:Version})") > debian/libnginx-mod-http-ip2location.substvars.new
	mv debian/libnginx-mod-http-ip2location.substvars.new debian/libnginx-mod-http-ip2location.substvars
	echo "# Automatically added by dh_nginx/UNDECLARED">> debian/libnginx-mod-http-ip2location.postinst.debhelper
	sed "s#NAMES#mod-http-ip2location.conf:50-mod-http-ip2location.conf g; " /root/nginx-1.20.2/debian/autoscripts/postinst-nginx >> debian/libnginx-mod-http-ip2location.postinst.debhelper
	echo '# End automatically added section' >> debian/libnginx-mod-http-ip2location.postinst.debhelper
	echo "# Automatically added by dh_nginx/UNDECLARED">> debian/libnginx-mod-http-ip2location.prerm.debhelper
	sed "s#NAMES#mod-http-ip2location.conf:50-mod-http-ip2location.conf g; " /root/nginx-1.20.2/debian/autoscripts/prerm-nginx >> debian/libnginx-mod-http-ip2location.prerm.debhelper
	echo '# End automatically added section' >> debian/libnginx-mod-http-ip2location.prerm.debhelper
	echo "# Automatically added by dh_nginx/UNDECLARED">> debian/libnginx-mod-http-ip2location.postrm.debhelper
	sed "s#NAMES#mod-http-ip2location.conf:50-mod-http-ip2location.conf g; " /root/nginx-1.20.2/debian/autoscripts/postrm-nginx >> debian/libnginx-mod-http-ip2location.postrm.debhelper
	echo '# End automatically added section' >> debian/libnginx-mod-http-ip2location.postrm.debhelper
make[1]: Leaving directory '/root/nginx-1.20.2'
   dh_installdocs
	install -d debian/nginx/usr/share/doc/nginx
	install -p -m0644 debian/copyright debian/nginx/usr/share/doc/nginx/copyright
	install -d debian/nginx-common/usr/share/doc/nginx-common
	install -p -m0644 debian/nginx-common.README.Debian debian/nginx-common/usr/share/doc/nginx-common/README.Debian
	install -p -m0644 debian/copyright debian/nginx-common/usr/share/doc/nginx-common/copyright
	install -d debian/nginx-light/usr/share/doc/nginx-light
	install -p -m0644 debian/copyright debian/nginx-light/usr/share/doc/nginx-light/copyright
	install -d debian/libnginx-mod-http-geoip2/usr/share/doc/libnginx-mod-http-geoip2
	install -p -m0644 debian/copyright debian/libnginx-mod-http-geoip2/usr/share/doc/libnginx-mod-http-geoip2/copyright
	install -d debian/libnginx-mod-stream/usr/share/doc/libnginx-mod-stream
	install -p -m0644 debian/copyright debian/libnginx-mod-stream/usr/share/doc/libnginx-mod-stream/copyright
	install -d debian/libnginx-mod-stream-geoip2/usr/share/doc/libnginx-mod-stream-geoip2
	install -p -m0644 debian/copyright debian/libnginx-mod-stream-geoip2/usr/share/doc/libnginx-mod-stream-geoip2/copyright
	install -d debian/libnginx-mod-http-echo/usr/share/doc/libnginx-mod-http-echo
	install -p -m0644 debian/copyright debian/libnginx-mod-http-echo/usr/share/doc/libnginx-mod-http-echo/copyright
	install -d debian/libnginx-mod-http-headers-more-filter/usr/share/doc/libnginx-mod-http-headers-more-filter
	install -p -m0644 debian/copyright debian/libnginx-mod-http-headers-more-filter/usr/share/doc/libnginx-mod-http-headers-more-filter/copyright
	install -d debian/libnginx-mod-http-naxsi/usr/share/doc/libnginx-mod-http-naxsi
	install -p -m0644 debian/copyright debian/libnginx-mod-http-naxsi/usr/share/doc/libnginx-mod-http-naxsi/copyright
	install -d debian/libnginx-mod-http-ip2location/usr/share/doc/libnginx-mod-http-ip2location
	install -p -m0644 debian/copyright debian/libnginx-mod-http-ip2location/usr/share/doc/libnginx-mod-http-ip2location/copyright
   dh_installchangelogs
	install -p -m0644 debian/changelog debian/nginx/usr/share/doc/nginx/changelog.Debian
	install -p -m0644 debian/changelog debian/nginx-common/usr/share/doc/nginx-common/changelog.Debian
	install -p -m0644 debian/nginx-common.NEWS debian/nginx-common/usr/share/doc/nginx-common/NEWS.Debian
	install -p -m0644 debian/changelog debian/libnginx-mod-stream/usr/share/doc/libnginx-mod-stream/changelog.Debian
	install -p -m0644 debian/changelog debian/libnginx-mod-stream-geoip2/usr/share/doc/libnginx-mod-stream-geoip2/changelog.Debian
	install -p -m0644 debian/changelog debian/libnginx-mod-http-echo/usr/share/doc/libnginx-mod-http-echo/changelog.Debian
	install -p -m0644 debian/changelog debian/libnginx-mod-http-headers-more-filter/usr/share/doc/libnginx-mod-http-headers-more-filter/changelog.Debian
	install -p -m0644 debian/changelog debian/nginx-light/usr/share/doc/nginx-light/changelog.Debian
	install -p -m0644 debian/changelog debian/libnginx-mod-http-geoip2/usr/share/doc/libnginx-mod-http-geoip2/changelog.Debian
	install -p -m0644 debian/changelog debian/libnginx-mod-http-naxsi/usr/share/doc/libnginx-mod-http-naxsi/changelog.Debian
	install -p -m0644 debian/changelog debian/libnginx-mod-http-ip2location/usr/share/doc/libnginx-mod-http-ip2location/changelog.Debian
   dh_installman
	install -d debian/nginx-light/usr/share/man/man8/
	install -p -m0644 ./debian/build-light/objs/nginx.8 debian/nginx-light/usr/share/man/man8/nginx.8
	man-recode --to-code UTF-8 --suffix .dh-new debian/nginx-light/usr/share/man/man8/nginx.8
	mv debian/nginx-light/usr/share/man/man8/nginx.8.dh-new debian/nginx-light/usr/share/man/man8/nginx.8
	chmod 0644 -- debian/nginx-light/usr/share/man/man8/nginx.8
   dh_installdebconf
	install -d debian/nginx/DEBIAN
	install -d debian/nginx-common/DEBIAN
	cp -f debian/nginx-common.config debian/nginx-common/DEBIAN/config
	[META] Replace #TOKEN#s in "debian/nginx-common/DEBIAN/config"
	chmod 0755 -- debian/nginx-common/DEBIAN/config
	po2debconf  debian/nginx-common.templates > debian/nginx-common/DEBIAN/templates
	(grep -a -s -v misc:Depends debian/nginx-common.substvars; echo "misc:Depends=debconf (>= 0.5) | debconf-2.0") > debian/nginx-common.substvars.new
	mv debian/nginx-common.substvars.new debian/nginx-common.substvars
	[META] Append autosnippet "postrm-debconf" to postrm [debian/nginx-common.postrm.debhelper]
	install -d debian/nginx-light/DEBIAN
	install -d debian/libnginx-mod-http-geoip2/DEBIAN
	install -d debian/libnginx-mod-stream/DEBIAN
	install -d debian/libnginx-mod-stream-geoip2/DEBIAN
	install -d debian/libnginx-mod-http-echo/DEBIAN
	install -d debian/libnginx-mod-http-headers-more-filter/DEBIAN
	install -d debian/libnginx-mod-http-naxsi/DEBIAN
	install -d debian/libnginx-mod-http-ip2location/DEBIAN
	rm -f debian/libnginx-mod-http-echo.debhelper.log debian/libnginx-mod-http-geoip2.debhelper.log debian/libnginx-mod-http-headers-more-filter.debhelper.log debian/libnginx-mod-http-ip2location.debhelper.log debian/libnginx-mod-http-naxsi.debhelper.log debian/libnginx-mod-stream-geoip2.debhelper.log debian/libnginx-mod-stream.debhelper.log debian/nginx-common.debhelper.log debian/nginx-light.debhelper.log debian/nginx.debhelper.log
   debian/rules override_dh_installinit
make[1]: Entering directory '/root/nginx-1.20.2'
dh_installinit --no-stop-on-upgrade --no-start --name=nginx
	install -d debian/nginx-common/lib/systemd/system
	install -p -m0644 debian/nginx-common.nginx.service debian/nginx-common/lib/systemd/system/nginx.service
	install -d debian/nginx-common/etc/default
	install -p -m0644 debian/nginx-common.nginx.default debian/nginx-common/etc/default/nginx
	install -d debian/nginx-common/etc/init.d
	install -p -m0755 debian/nginx-common.nginx.init debian/nginx-common/etc/init.d/nginx
	[META] Append autosnippet "postinst-init-nostart" to postinst [debian/.debhelper/generated/nginx-common/postinst.service]
	[META] Append autosnippet "postrm-init" to postrm [debian/.debhelper/generated/nginx-common/postrm.service]
make[1]: Leaving directory '/root/nginx-1.20.2'
   dh_systemd_start
	rm -f debian/libnginx-mod-http-echo.debhelper.log debian/libnginx-mod-http-geoip2.debhelper.log debian/libnginx-mod-http-headers-more-filter.debhelper.log debian/libnginx-mod-http-ip2location.debhelper.log debian/libnginx-mod-http-naxsi.debhelper.log debian/libnginx-mod-stream-geoip2.debhelper.log debian/libnginx-mod-stream.debhelper.log debian/nginx-common.debhelper.log debian/nginx-light.debhelper.log debian/nginx.debhelper.log
   debian/rules override_dh_installlogrotate
make[1]: Entering directory '/root/nginx-1.20.2'
dh_installlogrotate --package nginx-common --name=nginx
	install -d debian/nginx-common/etc/logrotate.d
	install -p -m0644 debian/nginx-common.nginx.logrotate debian/nginx-common/etc/logrotate.d/nginx
make[1]: Leaving directory '/root/nginx-1.20.2'
   dh_lintian
	install -d debian/nginx-common/usr/share/lintian/overrides
	install -p -m0644 debian/nginx-common.lintian-overrides debian/nginx-common/usr/share/lintian/overrides/nginx-common
   dh_perl
   dh_link
	rm -f debian/nginx-common/usr/share/nginx/modules
	ln -s ../../lib/nginx/modules debian/nginx-common/usr/share/nginx/modules
   dh_strip_nondeterminism
   dh_compress
	cd debian/nginx
	cd debian/libnginx-mod-http-echo
	cd debian/nginx-light
	cd debian/libnginx-mod-stream
	cd debian/libnginx-mod-http-naxsi
	chmod a-x usr/share/doc/nginx/changelog.Debian
	chmod a-x usr/share/doc/libnginx-mod-stream/changelog.Debian
	chmod a-x usr/share/doc/nginx-light/changelog.Debian usr/share/man/man8/nginx.8
	chmod a-x usr/share/doc/libnginx-mod-http-echo/changelog.Debian
	chmod a-x usr/share/doc/libnginx-mod-http-naxsi/changelog.Debian
	gzip -9nf usr/share/doc/libnginx-mod-stream/changelog.Debian
	gzip -9nf usr/share/doc/nginx/changelog.Debian
	gzip -9nf usr/share/doc/nginx-light/changelog.Debian usr/share/man/man8/nginx.8
	gzip -9nf usr/share/doc/libnginx-mod-http-echo/changelog.Debian
	gzip -9nf usr/share/doc/libnginx-mod-http-naxsi/changelog.Debian
	cd '/root/nginx-1.20.2'
	cd '/root/nginx-1.20.2'
	cd '/root/nginx-1.20.2'
	cd '/root/nginx-1.20.2'
	cd debian/libnginx-mod-http-headers-more-filter
	cd '/root/nginx-1.20.2'
	cd debian/libnginx-mod-stream-geoip2
	cd debian/libnginx-mod-http-geoip2
	cd debian/nginx-common
	cd debian/libnginx-mod-http-ip2location
	chmod a-x usr/share/doc/libnginx-mod-http-headers-more-filter/changelog.Debian
	chmod a-x usr/share/doc/libnginx-mod-stream-geoip2/changelog.Debian
	chmod a-x usr/share/doc/nginx-common/NEWS.Debian usr/share/doc/nginx-common/changelog.Debian
	chmod a-x usr/share/doc/libnginx-mod-http-geoip2/changelog.Debian
	gzip -9nf usr/share/doc/libnginx-mod-http-headers-more-filter/changelog.Debian
	chmod a-x usr/share/doc/libnginx-mod-http-ip2location/changelog.Debian
	gzip -9nf usr/share/doc/libnginx-mod-stream-geoip2/changelog.Debian
	gzip -9nf usr/share/doc/nginx-common/NEWS.Debian usr/share/doc/nginx-common/changelog.Debian
	gzip -9nf usr/share/doc/libnginx-mod-http-geoip2/changelog.Debian
	gzip -9nf usr/share/doc/libnginx-mod-http-ip2location/changelog.Debian
	cd '/root/nginx-1.20.2'
	cd '/root/nginx-1.20.2'
	cd '/root/nginx-1.20.2'
	cd '/root/nginx-1.20.2'
	cd '/root/nginx-1.20.2'
   dh_fixperms
	find debian/nginx ! -type l -a -true -a -true -print0 2>/dev/null | xargs -0r chmod go=rX,u+rw,a-s
	find debian/nginx-light ! -type l -a -true -a -true -print0 2>/dev/null | xargs -0r chmod go=rX,u+rw,a-s
	find debian/libnginx-mod-stream ! -type l -a -true -a -true -print0 2>/dev/null | xargs -0r chmod go=rX,u+rw,a-s
	find debian/libnginx-mod-http-echo ! -type l -a -true -a -true -print0 2>/dev/null | xargs -0r chmod go=rX,u+rw,a-s
	find debian/libnginx-mod-http-naxsi ! -type l -a -true -a -true -print0 2>/dev/null | xargs -0r chmod go=rX,u+rw,a-s
	find debian/nginx/usr/share/doc -type f -a -true -a ! -regex 'debian/nginx/usr/share/doc/[^/]*/examples/.*' -print0 2>/dev/null | xargs -0r chmod 0644
	find debian/libnginx-mod-http-naxsi/usr/share/doc -type f -a -true -a ! -regex 'debian/libnginx-mod-http-naxsi/usr/share/doc/[^/]*/examples/.*' -print0 2>/dev/null | xargs -0r chmod 0644
	find debian/libnginx-mod-stream/usr/share/doc -type f -a -true -a ! -regex 'debian/libnginx-mod-stream/usr/share/doc/[^/]*/examples/.*' -print0 2>/dev/null | xargs -0r chmod 0644
	find debian/nginx-light/usr/share/doc -type f -a -true -a ! -regex 'debian/nginx-light/usr/share/doc/[^/]*/examples/.*' -print0 2>/dev/null | xargs -0r chmod 0644
	find debian/libnginx-mod-http-echo/usr/share/doc -type f -a -true -a ! -regex 'debian/libnginx-mod-http-echo/usr/share/doc/[^/]*/examples/.*' -print0 2>/dev/null | xargs -0r chmod 0644
	find debian/nginx/usr/share/doc -type d -a -true -a -true -print0 2>/dev/null | xargs -0r chmod 0755
	find debian/libnginx-mod-http-naxsi/usr/share/doc -type d -a -true -a -true -print0 2>/dev/null | xargs -0r chmod 0755
	find debian/nginx-light/usr/share/doc -type d -a -true -a -true -print0 2>/dev/null | xargs -0r chmod 0755
	find debian/libnginx-mod-stream/usr/share/doc -type d -a -true -a -true -print0 2>/dev/null | xargs -0r chmod 0755
	find debian/libnginx-mod-http-echo/usr/share/doc -type d -a -true -a -true -print0 2>/dev/null | xargs -0r chmod 0755
	find debian/nginx -type f \( -name '*.so.*' -o -name '*.so' -o -name '*.la' -o -name '*.a' -o -name '*.js' -o -name '*.css' -o -name '*.scss' -o -name '*.sass' -o -name '*.jpeg' -o -name '*.jpg' -o -name '*.png' -o -name '*.gif' -o -name '*.cmxs' -o -name '*.node' \) -a -true -a -true -print0 2>/dev/null | xargs -0r chmod 0644
	find debian/nginx-light/usr/share/man -type f -a -true -a -true -print0 2>/dev/null | xargs -0r chmod 0644
	find debian/libnginx-mod-http-naxsi -type f \( -name '*.so.*' -o -name '*.so' -o -name '*.la' -o -name '*.a' -o -name '*.js' -o -name '*.css' -o -name '*.scss' -o -name '*.sass' -o -name '*.jpeg' -o -name '*.jpg' -o -name '*.png' -o -name '*.gif' -o -name '*.cmxs' -o -name '*.node' \) -a -true -a -true -print0 2>/dev/null | xargs -0r chmod 0644
	find debian/libnginx-mod-http-echo -type f \( -name '*.so.*' -o -name '*.so' -o -name '*.la' -o -name '*.a' -o -name '*.js' -o -name '*.css' -o -name '*.scss' -o -name '*.sass' -o -name '*.jpeg' -o -name '*.jpg' -o -name '*.png' -o -name '*.gif' -o -name '*.cmxs' -o -name '*.node' \) -a -true -a -true -print0 2>/dev/null | xargs -0r chmod 0644
	find debian/libnginx-mod-stream -type f \( -name '*.so.*' -o -name '*.so' -o -name '*.la' -o -name '*.a' -o -name '*.js' -o -name '*.css' -o -name '*.scss' -o -name '*.sass' -o -name '*.jpeg' -o -name '*.jpg' -o -name '*.png' -o -name '*.gif' -o -name '*.cmxs' -o -name '*.node' \) -a -true -a -true -print0 2>/dev/null | xargs -0r chmod 0644
	find debian/nginx-common ! -type l -a -true -a -true -print0 2>/dev/null | xargs -0r chmod go=rX,u+rw,a-s
	find debian/nginx-light -type f \( -name '*.so.*' -o -name '*.so' -o -name '*.la' -o -name '*.a' -o -name '*.js' -o -name '*.css' -o -name '*.scss' -o -name '*.sass' -o -name '*.jpeg' -o -name '*.jpg' -o -name '*.png' -o -name '*.gif' -o -name '*.cmxs' -o -name '*.node' \) -a -true -a -true -print0 2>/dev/null | xargs -0r chmod 0644
	find debian/libnginx-mod-http-naxsi/usr/lib -type f -name '*.ali' -a -true -a -true -print0 2>/dev/null | xargs -0r chmod uga-w
	find debian/libnginx-mod-http-echo/usr/lib -type f -name '*.ali' -a -true -a -true -print0 2>/dev/null | xargs -0r chmod uga-w
	find debian/libnginx-mod-stream/usr/lib -type f -name '*.ali' -a -true -a -true -print0 2>/dev/null | xargs -0r chmod uga-w
	find debian/libnginx-mod-http-ip2location ! -type l -a -true -a -true -print0 2>/dev/null | xargs -0r chmod go=rX,u+rw,a-s
	find debian/libnginx-mod-http-headers-more-filter ! -type l -a -true -a -true -print0 2>/dev/null | xargs -0r chmod go=rX,u+rw,a-s
	find debian/nginx-light/usr/sbin -type f -a -true -a -true -print0 2>/dev/null | xargs -0r chmod a+x
	find debian/nginx-common/usr/share/doc -type f -a -true -a ! -regex 'debian/nginx-common/usr/share/doc/[^/]*/examples/.*' -print0 2>/dev/null | xargs -0r chmod 0644
	find debian/libnginx-mod-stream-geoip2 ! -type l -a -true -a -true -print0 2>/dev/null | xargs -0r chmod go=rX,u+rw,a-s
	find debian/libnginx-mod-http-ip2location/usr/share/doc -type f -a -true -a ! -regex 'debian/libnginx-mod-http-ip2location/usr/share/doc/[^/]*/examples/.*' -print0 2>/dev/null | xargs -0r chmod 0644
	find debian/libnginx-mod-http-headers-more-filter/usr/share/doc -type f -a -true -a ! -regex 'debian/libnginx-mod-http-headers-more-filter/usr/share/doc/[^/]*/examples/.*' -print0 2>/dev/null | xargs -0r chmod 0644
	find debian/libnginx-mod-stream-geoip2/usr/share/doc -type f -a -true -a ! -regex 'debian/libnginx-mod-stream-geoip2/usr/share/doc/[^/]*/examples/.*' -print0 2>/dev/null | xargs -0r chmod 0644
	find debian/libnginx-mod-http-geoip2 ! -type l -a -true -a -true -print0 2>/dev/null | xargs -0r chmod go=rX,u+rw,a-s
	find debian/nginx-common/usr/share/doc -type d -a -true -a -true -print0 2>/dev/null | xargs -0r chmod 0755
	find debian/libnginx-mod-http-ip2location/usr/share/doc -type d -a -true -a -true -print0 2>/dev/null | xargs -0r chmod 0755
	find debian/libnginx-mod-http-headers-more-filter/usr/share/doc -type d -a -true -a -true -print0 2>/dev/null | xargs -0r chmod 0755
	find debian/libnginx-mod-http-geoip2/usr/share/doc -type f -a -true -a ! -regex 'debian/libnginx-mod-http-geoip2/usr/share/doc/[^/]*/examples/.*' -print0 2>/dev/null | xargs -0r chmod 0644
	find debian/libnginx-mod-stream-geoip2/usr/share/doc -type d -a -true -a -true -print0 2>/dev/null | xargs -0r chmod 0755
	find debian/nginx-common/usr/share/lintian/overrides -type f -a -true -a -true -print0 2>/dev/null | xargs -0r chmod 0644
	find debian/libnginx-mod-http-headers-more-filter -type f \( -name '*.so.*' -o -name '*.so' -o -name '*.la' -o -name '*.a' -o -name '*.js' -o -name '*.css' -o -name '*.scss' -o -name '*.sass' -o -name '*.jpeg' -o -name '*.jpg' -o -name '*.png' -o -name '*.gif' -o -name '*.cmxs' -o -name '*.node' \) -a -true -a -true -print0 2>/dev/null | xargs -0r chmod 0644
	find debian/libnginx-mod-http-ip2location -type f \( -name '*.so.*' -o -name '*.so' -o -name '*.la' -o -name '*.a' -o -name '*.js' -o -name '*.css' -o -name '*.scss' -o -name '*.sass' -o -name '*.jpeg' -o -name '*.jpg' -o -name '*.png' -o -name '*.gif' -o -name '*.cmxs' -o -name '*.node' \) -a -true -a -true -print0 2>/dev/null | xargs -0r chmod 0644
	find debian/libnginx-mod-http-geoip2/usr/share/doc -type d -a -true -a -true -print0 2>/dev/null | xargs -0r chmod 0755
	find debian/libnginx-mod-stream-geoip2 -type f \( -name '*.so.*' -o -name '*.so' -o -name '*.la' -o -name '*.a' -o -name '*.js' -o -name '*.css' -o -name '*.scss' -o -name '*.sass' -o -name '*.jpeg' -o -name '*.jpg' -o -name '*.png' -o -name '*.gif' -o -name '*.cmxs' -o -name '*.node' \) -a -true -a -true -print0 2>/dev/null | xargs -0r chmod 0644
	find debian/nginx-common -type f \( -name '*.so.*' -o -name '*.so' -o -name '*.la' -o -name '*.a' -o -name '*.js' -o -name '*.css' -o -name '*.scss' -o -name '*.sass' -o -name '*.jpeg' -o -name '*.jpg' -o -name '*.png' -o -name '*.gif' -o -name '*.cmxs' -o -name '*.node' \) -a -true -a -true -print0 2>/dev/null | xargs -0r chmod 0644
	find debian/libnginx-mod-http-headers-more-filter/usr/lib -type f -name '*.ali' -a -true -a -true -print0 2>/dev/null | xargs -0r chmod uga-w
	find debian/libnginx-mod-http-ip2location/usr/lib -type f -name '*.ali' -a -true -a -true -print0 2>/dev/null | xargs -0r chmod uga-w
	find debian/libnginx-mod-http-geoip2 -type f \( -name '*.so.*' -o -name '*.so' -o -name '*.la' -o -name '*.a' -o -name '*.js' -o -name '*.css' -o -name '*.scss' -o -name '*.sass' -o -name '*.jpeg' -o -name '*.jpg' -o -name '*.png' -o -name '*.gif' -o -name '*.cmxs' -o -name '*.node' \) -a -true -a -true -print0 2>/dev/null | xargs -0r chmod 0644
	find debian/nginx-common/etc/init.d -type f -a -true -a -true -print0 2>/dev/null | xargs -0r chmod a+x
	find debian/libnginx-mod-stream-geoip2/usr/lib -type f -name '*.ali' -a -true -a -true -print0 2>/dev/null | xargs -0r chmod uga-w
	find debian/libnginx-mod-http-geoip2/usr/lib -type f -name '*.ali' -a -true -a -true -print0 2>/dev/null | xargs -0r chmod uga-w
   dh_missing
	rm -f debian/nginx-common.debhelper.log
   debian/rules override_dh_strip
make[1]: Entering directory '/root/nginx-1.20.2'
dh_strip --package=nginx-light -O--dbgsym-migration='nginx-light-dbg (<< 1.10.1-3~)'
dh_strip --package=libnginx-mod-http-naxsi -O--automatic-dbgsym
dh_strip --package=libnginx-mod-http-ip2location -O--automatic-dbgsym
dh_strip --package=libnginx-mod-http-echo -O--automatic-dbgsym
dh_strip --package=libnginx-mod-http-geoip2 -O--automatic-dbgsym
dh_strip --package=libnginx-mod-http-headers-more-filter -O--automatic-dbgsym
dh_strip --package=libnginx-mod-stream -O--automatic-dbgsym
dh_strip --package=libnginx-mod-stream-geoip2 -O--automatic-dbgsym
	install -d debian/.debhelper/libnginx-mod-http-headers-more-filter/dbgsym-root/usr/lib/debug/.build-id/72
	objcopy --only-keep-debug --compress-debug-sections debian/libnginx-mod-http-headers-more-filter/usr/lib/nginx/modules/ngx_http_headers_more_filter_module.so debian/.debhelper/libnginx-mod-http-headers-more-filter/dbgsym-root/usr/lib/debug/.build-id/72/1c8c259e9995d34db8618af7abd35fefc92425.debug
	install -d debian/.debhelper/libnginx-mod-http-geoip2/dbgsym-root/usr/lib/debug/.build-id/ed
	objcopy --only-keep-debug --compress-debug-sections debian/libnginx-mod-http-geoip2/usr/lib/nginx/modules/ngx_http_geoip2_module.so debian/.debhelper/libnginx-mod-http-geoip2/dbgsym-root/usr/lib/debug/.build-id/ed/a8e0d957b91fb3e996c2567ff59448117f9525.debug
	install -d debian/.debhelper/nginx-light/dbgsym-root/usr/lib/debug/.build-id/17
	objcopy --only-keep-debug --compress-debug-sections debian/nginx-light/usr/sbin/nginx debian/.debhelper/nginx-light/dbgsym-root/usr/lib/debug/.build-id/17/7f55930880f087d22e0c6a4abd93f6e506b1b4.debug
	install -d debian/.debhelper/libnginx-mod-http-ip2location/dbgsym-root/usr/lib/debug/.build-id/de
	objcopy --only-keep-debug --compress-debug-sections debian/libnginx-mod-http-ip2location/usr/lib/nginx/modules/ngx_http_ip2location_module.so debian/.debhelper/libnginx-mod-http-ip2location/dbgsym-root/usr/lib/debug/.build-id/de/7ab21b1d5c08448972b0c3232da34cb5a890bf.debug
	install -d debian/.debhelper/libnginx-mod-stream/dbgsym-root/usr/lib/debug/.build-id/15
	objcopy --only-keep-debug --compress-debug-sections debian/libnginx-mod-stream/usr/lib/nginx/modules/ngx_stream_module.so debian/.debhelper/libnginx-mod-stream/dbgsym-root/usr/lib/debug/.build-id/15/e83e163971cc39bfc123693b548303924d382d.debug
	install -d debian/.debhelper/libnginx-mod-http-echo/dbgsym-root/usr/lib/debug/.build-id/e8
	objcopy --only-keep-debug --compress-debug-sections debian/libnginx-mod-http-echo/usr/lib/nginx/modules/ngx_http_echo_module.so debian/.debhelper/libnginx-mod-http-echo/dbgsym-root/usr/lib/debug/.build-id/e8/1c6225b096ee7d348a081fc3492766b89d2904.debug
	install -d debian/.debhelper/libnginx-mod-http-naxsi/dbgsym-root/usr/lib/debug/.build-id/d5
	objcopy --only-keep-debug --compress-debug-sections debian/libnginx-mod-http-naxsi/usr/lib/nginx/modules/ngx_http_naxsi_module.so debian/.debhelper/libnginx-mod-http-naxsi/dbgsym-root/usr/lib/debug/.build-id/d5/004315dfc777e08653b11f4348d719469207b6.debug
	install -d debian/.debhelper/libnginx-mod-stream-geoip2/dbgsym-root/usr/lib/debug/.build-id/8a
	objcopy --only-keep-debug --compress-debug-sections debian/libnginx-mod-stream-geoip2/usr/lib/nginx/modules/ngx_stream_geoip2_module.so debian/.debhelper/libnginx-mod-stream-geoip2/dbgsym-root/usr/lib/debug/.build-id/8a/102ff21fccd5123baf22ab530d4047a229f13e.debug
	chmod 0644 -- debian/.debhelper/libnginx-mod-http-ip2location/dbgsym-root/usr/lib/debug/.build-id/de/7ab21b1d5c08448972b0c3232da34cb5a890bf.debug
	strip --remove-section=.comment --remove-section=.note --strip-unneeded debian/libnginx-mod-http-ip2location/usr/lib/nginx/modules/ngx_http_ip2location_module.so
	chmod 0644 -- debian/.debhelper/libnginx-mod-http-geoip2/dbgsym-root/usr/lib/debug/.build-id/ed/a8e0d957b91fb3e996c2567ff59448117f9525.debug
	strip --remove-section=.comment --remove-section=.note --strip-unneeded debian/libnginx-mod-http-geoip2/usr/lib/nginx/modules/ngx_http_geoip2_module.so
	objcopy --add-gnu-debuglink debian/.debhelper/libnginx-mod-http-geoip2/dbgsym-root/usr/lib/debug/.build-id/ed/a8e0d957b91fb3e996c2567ff59448117f9525.debug debian/libnginx-mod-http-geoip2/usr/lib/nginx/modules/ngx_http_geoip2_module.so
	objcopy --add-gnu-debuglink debian/.debhelper/libnginx-mod-http-ip2location/dbgsym-root/usr/lib/debug/.build-id/de/7ab21b1d5c08448972b0c3232da34cb5a890bf.debug debian/libnginx-mod-http-ip2location/usr/lib/nginx/modules/ngx_http_ip2location_module.so
	chmod 0644 -- debian/.debhelper/libnginx-mod-stream-geoip2/dbgsym-root/usr/lib/debug/.build-id/8a/102ff21fccd5123baf22ab530d4047a229f13e.debug
	strip --remove-section=.comment --remove-section=.note --strip-unneeded debian/libnginx-mod-stream-geoip2/usr/lib/nginx/modules/ngx_stream_geoip2_module.so
	install -d debian/.debhelper/libnginx-mod-http-geoip2/dbgsym-root/usr/share/doc
	ln -s libnginx-mod-http-geoip2 debian/.debhelper/libnginx-mod-http-geoip2/dbgsym-root/usr/share/doc/libnginx-mod-http-geoip2-dbgsym
	install -d debian/.debhelper/libnginx-mod-http-ip2location/dbgsym-root/usr/share/doc
	ln -s libnginx-mod-http-ip2location debian/.debhelper/libnginx-mod-http-ip2location/dbgsym-root/usr/share/doc/libnginx-mod-http-ip2location-dbgsym
	objcopy --add-gnu-debuglink debian/.debhelper/libnginx-mod-stream-geoip2/dbgsym-root/usr/lib/debug/.build-id/8a/102ff21fccd5123baf22ab530d4047a229f13e.debug debian/libnginx-mod-stream-geoip2/usr/lib/nginx/modules/ngx_stream_geoip2_module.so
	install -d debian/.debhelper/libnginx-mod-stream-geoip2/dbgsym-root/usr/share/doc
	ln -s libnginx-mod-stream-geoip2 debian/.debhelper/libnginx-mod-stream-geoip2/dbgsym-root/usr/share/doc/libnginx-mod-stream-geoip2-dbgsym
	chmod 0644 -- debian/.debhelper/libnginx-mod-http-headers-more-filter/dbgsym-root/usr/lib/debug/.build-id/72/1c8c259e9995d34db8618af7abd35fefc92425.debug
	strip --remove-section=.comment --remove-section=.note --strip-unneeded debian/libnginx-mod-http-headers-more-filter/usr/lib/nginx/modules/ngx_http_headers_more_filter_module.so
	objcopy --add-gnu-debuglink debian/.debhelper/libnginx-mod-http-headers-more-filter/dbgsym-root/usr/lib/debug/.build-id/72/1c8c259e9995d34db8618af7abd35fefc92425.debug debian/libnginx-mod-http-headers-more-filter/usr/lib/nginx/modules/ngx_http_headers_more_filter_module.so
	install -d debian/.debhelper/libnginx-mod-http-headers-more-filter/dbgsym-root/usr/share/doc
	ln -s libnginx-mod-http-headers-more-filter debian/.debhelper/libnginx-mod-http-headers-more-filter/dbgsym-root/usr/share/doc/libnginx-mod-http-headers-more-filter-dbgsym
	chmod 0644 -- debian/.debhelper/libnginx-mod-http-naxsi/dbgsym-root/usr/lib/debug/.build-id/d5/004315dfc777e08653b11f4348d719469207b6.debug
	strip --remove-section=.comment --remove-section=.note --strip-unneeded debian/libnginx-mod-http-naxsi/usr/lib/nginx/modules/ngx_http_naxsi_module.so
	objcopy --add-gnu-debuglink debian/.debhelper/libnginx-mod-http-naxsi/dbgsym-root/usr/lib/debug/.build-id/d5/004315dfc777e08653b11f4348d719469207b6.debug debian/libnginx-mod-http-naxsi/usr/lib/nginx/modules/ngx_http_naxsi_module.so
	install -d debian/.debhelper/libnginx-mod-http-naxsi/dbgsym-root/usr/share/doc
	ln -s libnginx-mod-http-naxsi debian/.debhelper/libnginx-mod-http-naxsi/dbgsym-root/usr/share/doc/libnginx-mod-http-naxsi-dbgsym
	chmod 0644 -- debian/.debhelper/libnginx-mod-http-echo/dbgsym-root/usr/lib/debug/.build-id/e8/1c6225b096ee7d348a081fc3492766b89d2904.debug
	strip --remove-section=.comment --remove-section=.note --strip-unneeded debian/libnginx-mod-http-echo/usr/lib/nginx/modules/ngx_http_echo_module.so
	objcopy --add-gnu-debuglink debian/.debhelper/libnginx-mod-http-echo/dbgsym-root/usr/lib/debug/.build-id/e8/1c6225b096ee7d348a081fc3492766b89d2904.debug debian/libnginx-mod-http-echo/usr/lib/nginx/modules/ngx_http_echo_module.so
	install -d debian/.debhelper/libnginx-mod-http-echo/dbgsym-root/usr/share/doc
	ln -s libnginx-mod-http-echo debian/.debhelper/libnginx-mod-http-echo/dbgsym-root/usr/share/doc/libnginx-mod-http-echo-dbgsym
	chmod 0644 -- debian/.debhelper/libnginx-mod-stream/dbgsym-root/usr/lib/debug/.build-id/15/e83e163971cc39bfc123693b548303924d382d.debug
	strip --remove-section=.comment --remove-section=.note --strip-unneeded debian/libnginx-mod-stream/usr/lib/nginx/modules/ngx_stream_module.so
	objcopy --add-gnu-debuglink debian/.debhelper/libnginx-mod-stream/dbgsym-root/usr/lib/debug/.build-id/15/e83e163971cc39bfc123693b548303924d382d.debug debian/libnginx-mod-stream/usr/lib/nginx/modules/ngx_stream_module.so
	install -d debian/.debhelper/libnginx-mod-stream/dbgsym-root/usr/share/doc
	ln -s libnginx-mod-stream debian/.debhelper/libnginx-mod-stream/dbgsym-root/usr/share/doc/libnginx-mod-stream-dbgsym
	chmod 0644 -- debian/.debhelper/nginx-light/dbgsym-root/usr/lib/debug/.build-id/17/7f55930880f087d22e0c6a4abd93f6e506b1b4.debug
	strip --remove-section=.comment --remove-section=.note debian/nginx-light/usr/sbin/nginx
	objcopy --add-gnu-debuglink debian/.debhelper/nginx-light/dbgsym-root/usr/lib/debug/.build-id/17/7f55930880f087d22e0c6a4abd93f6e506b1b4.debug debian/nginx-light/usr/sbin/nginx
	install -d debian/.debhelper/nginx-light/dbgsym-root/usr/share/doc
	ln -s nginx-light debian/.debhelper/nginx-light/dbgsym-root/usr/share/doc/nginx-light-dbgsym
dh override_dh_strip
make[1]: Leaving directory '/root/nginx-1.20.2'
   dh_makeshlibs
	rm -f debian/nginx/DEBIAN/shlibs
	rm -f debian/nginx-common/DEBIAN/shlibs
	rm -f debian/nginx-light/DEBIAN/shlibs
	rm -f debian/libnginx-mod-http-geoip2/DEBIAN/shlibs
	rm -f debian/libnginx-mod-stream/DEBIAN/shlibs
	rm -f debian/libnginx-mod-stream-geoip2/DEBIAN/shlibs
	rm -f debian/libnginx-mod-http-echo/DEBIAN/shlibs
	rm -f debian/libnginx-mod-http-headers-more-filter/DEBIAN/shlibs
	rm -f debian/libnginx-mod-http-naxsi/DEBIAN/shlibs
	rm -f debian/libnginx-mod-http-ip2location/DEBIAN/shlibs
	rm -f debian/libnginx-mod-http-echo.debhelper.log debian/libnginx-mod-http-geoip2.debhelper.log debian/libnginx-mod-http-headers-more-filter.debhelper.log debian/libnginx-mod-http-ip2location.debhelper.log debian/libnginx-mod-http-naxsi.debhelper.log debian/libnginx-mod-stream-geoip2.debhelper.log debian/libnginx-mod-stream.debhelper.log debian/nginx-light.debhelper.log
   debian/rules override_dh_shlibdeps
make[1]: Entering directory '/root/nginx-1.20.2'
dh_shlibdeps --dpkg-shlibdeps-params=--ignore-missing-info
	dpkg-shlibdeps -Tdebian/libnginx-mod-http-echo.substvars --ignore-missing-info debian/libnginx-mod-http-echo/usr/lib/nginx/modules/ngx_http_echo_module.so
	dpkg-shlibdeps -Tdebian/libnginx-mod-stream.substvars --ignore-missing-info debian/libnginx-mod-stream/usr/lib/nginx/modules/ngx_stream_module.so
	dpkg-shlibdeps -Tdebian/nginx-light.substvars --ignore-missing-info debian/nginx-light/usr/sbin/nginx
	dpkg-shlibdeps -Tdebian/libnginx-mod-http-naxsi.substvars --ignore-missing-info debian/libnginx-mod-http-naxsi/usr/lib/nginx/modules/ngx_http_naxsi_module.so
	dpkg-shlibdeps -Tdebian/libnginx-mod-http-headers-more-filter.substvars --ignore-missing-info debian/libnginx-mod-http-headers-more-filter/usr/lib/nginx/modules/ngx_http_headers_more_filter_module.so
	dpkg-shlibdeps -Tdebian/libnginx-mod-stream-geoip2.substvars --ignore-missing-info debian/libnginx-mod-stream-geoip2/usr/lib/nginx/modules/ngx_stream_geoip2_module.so
	dpkg-shlibdeps -Tdebian/libnginx-mod-http-ip2location.substvars --ignore-missing-info debian/libnginx-mod-http-ip2location/usr/lib/nginx/modules/ngx_http_ip2location_module.so
	dpkg-shlibdeps -Tdebian/libnginx-mod-http-geoip2.substvars --ignore-missing-info debian/libnginx-mod-http-geoip2/usr/lib/nginx/modules/ngx_http_geoip2_module.so
make[1]: Leaving directory '/root/nginx-1.20.2'
   dh_installdeb
	[META] Append autosnippet "maintscript-helper" to postinst [debian/nginx-common.postinst.debhelper]
	[META] Append autosnippet "maintscript-helper" to preinst [debian/nginx-common.preinst.debhelper]
	[META] Append autosnippet "maintscript-helper" to prerm [debian/nginx-common.prerm.debhelper]
	[META] Prepend autosnippet "maintscript-helper" to postrm [debian/nginx-common.postrm.debhelper.new]
	mv debian/nginx-common.postrm.debhelper.new debian/nginx-common.postrm.debhelper
	cp -f debian/nginx-common.postinst debian/nginx-common/DEBIAN/postinst
	[META] Replace #TOKEN#s in "debian/nginx-common/DEBIAN/postinst"
	chmod 0755 -- debian/nginx-common/DEBIAN/postinst
	cp -f debian/nginx-common.preinst debian/nginx-common/DEBIAN/preinst
	[META] Replace #TOKEN#s in "debian/nginx-common/DEBIAN/preinst"
	chmod 0755 -- debian/nginx-common/DEBIAN/preinst
	printf '#!/bin/sh\nset -e\n' > debian/nginx-common/DEBIAN/prerm
	cat debian/nginx-common.prerm.debhelper >> debian/nginx-common/DEBIAN/prerm
	chmod 0755 -- debian/nginx-common/DEBIAN/prerm
	cp -f debian/nginx-common.postrm debian/nginx-common/DEBIAN/postrm
	[META] Replace #TOKEN#s in "debian/nginx-common/DEBIAN/postrm"
	chmod 0755 -- debian/nginx-common/DEBIAN/postrm
	find debian/nginx-common/etc -type f -printf '/etc/%P
' | LC_ALL=C sort >> debian/nginx-common/DEBIAN/conffiles
	chmod 0644 -- debian/nginx-common/DEBIAN/conffiles
	cp -f debian/nginx-light.postinst debian/nginx-light/DEBIAN/postinst
	[META] Replace #TOKEN#s in "debian/nginx-light/DEBIAN/postinst"
	chmod 0755 -- debian/nginx-light/DEBIAN/postinst
	cp -f debian/nginx-light.prerm debian/nginx-light/DEBIAN/prerm
	[META] Replace #TOKEN#s in "debian/nginx-light/DEBIAN/prerm"
	chmod 0755 -- debian/nginx-light/DEBIAN/prerm
	install -p -m0644 debian/nginx-light.triggers debian/nginx-light/DEBIAN/triggers
	printf '#!/bin/sh\nset -e\n' > debian/libnginx-mod-http-geoip2/DEBIAN/postinst
	cat debian/libnginx-mod-http-geoip2.postinst.debhelper >> debian/libnginx-mod-http-geoip2/DEBIAN/postinst
	chmod 0755 -- debian/libnginx-mod-http-geoip2/DEBIAN/postinst
	printf '#!/bin/sh\nset -e\n' > debian/libnginx-mod-http-geoip2/DEBIAN/prerm
	cat debian/libnginx-mod-http-geoip2.prerm.debhelper >> debian/libnginx-mod-http-geoip2/DEBIAN/prerm
	chmod 0755 -- debian/libnginx-mod-http-geoip2/DEBIAN/prerm
	printf '#!/bin/sh\nset -e\n' > debian/libnginx-mod-http-geoip2/DEBIAN/postrm
	cat debian/libnginx-mod-http-geoip2.postrm.debhelper >> debian/libnginx-mod-http-geoip2/DEBIAN/postrm
	chmod 0755 -- debian/libnginx-mod-http-geoip2/DEBIAN/postrm
	printf '#!/bin/sh\nset -e\n' > debian/libnginx-mod-stream/DEBIAN/postinst
	cat debian/libnginx-mod-stream.postinst.debhelper >> debian/libnginx-mod-stream/DEBIAN/postinst
	chmod 0755 -- debian/libnginx-mod-stream/DEBIAN/postinst
	printf '#!/bin/sh\nset -e\n' > debian/libnginx-mod-stream/DEBIAN/prerm
	cat debian/libnginx-mod-stream.prerm.debhelper >> debian/libnginx-mod-stream/DEBIAN/prerm
	chmod 0755 -- debian/libnginx-mod-stream/DEBIAN/prerm
	printf '#!/bin/sh\nset -e\n' > debian/libnginx-mod-stream/DEBIAN/postrm
	cat debian/libnginx-mod-stream.postrm.debhelper >> debian/libnginx-mod-stream/DEBIAN/postrm
	chmod 0755 -- debian/libnginx-mod-stream/DEBIAN/postrm
	printf '#!/bin/sh\nset -e\n' > debian/libnginx-mod-stream-geoip2/DEBIAN/postinst
	cat debian/libnginx-mod-stream-geoip2.postinst.debhelper >> debian/libnginx-mod-stream-geoip2/DEBIAN/postinst
	chmod 0755 -- debian/libnginx-mod-stream-geoip2/DEBIAN/postinst
	printf '#!/bin/sh\nset -e\n' > debian/libnginx-mod-stream-geoip2/DEBIAN/prerm
	cat debian/libnginx-mod-stream-geoip2.prerm.debhelper >> debian/libnginx-mod-stream-geoip2/DEBIAN/prerm
	chmod 0755 -- debian/libnginx-mod-stream-geoip2/DEBIAN/prerm
	printf '#!/bin/sh\nset -e\n' > debian/libnginx-mod-stream-geoip2/DEBIAN/postrm
	cat debian/libnginx-mod-stream-geoip2.postrm.debhelper >> debian/libnginx-mod-stream-geoip2/DEBIAN/postrm
	chmod 0755 -- debian/libnginx-mod-stream-geoip2/DEBIAN/postrm
	printf '#!/bin/sh\nset -e\n' > debian/libnginx-mod-http-echo/DEBIAN/postinst
	cat debian/libnginx-mod-http-echo.postinst.debhelper >> debian/libnginx-mod-http-echo/DEBIAN/postinst
	chmod 0755 -- debian/libnginx-mod-http-echo/DEBIAN/postinst
	printf '#!/bin/sh\nset -e\n' > debian/libnginx-mod-http-echo/DEBIAN/prerm
	cat debian/libnginx-mod-http-echo.prerm.debhelper >> debian/libnginx-mod-http-echo/DEBIAN/prerm
	chmod 0755 -- debian/libnginx-mod-http-echo/DEBIAN/prerm
	printf '#!/bin/sh\nset -e\n' > debian/libnginx-mod-http-echo/DEBIAN/postrm
	cat debian/libnginx-mod-http-echo.postrm.debhelper >> debian/libnginx-mod-http-echo/DEBIAN/postrm
	chmod 0755 -- debian/libnginx-mod-http-echo/DEBIAN/postrm
	printf '#!/bin/sh\nset -e\n' > debian/libnginx-mod-http-headers-more-filter/DEBIAN/postinst
	cat debian/libnginx-mod-http-headers-more-filter.postinst.debhelper >> debian/libnginx-mod-http-headers-more-filter/DEBIAN/postinst
	chmod 0755 -- debian/libnginx-mod-http-headers-more-filter/DEBIAN/postinst
	printf '#!/bin/sh\nset -e\n' > debian/libnginx-mod-http-headers-more-filter/DEBIAN/prerm
	cat debian/libnginx-mod-http-headers-more-filter.prerm.debhelper >> debian/libnginx-mod-http-headers-more-filter/DEBIAN/prerm
	chmod 0755 -- debian/libnginx-mod-http-headers-more-filter/DEBIAN/prerm
	printf '#!/bin/sh\nset -e\n' > debian/libnginx-mod-http-headers-more-filter/DEBIAN/postrm
	cat debian/libnginx-mod-http-headers-more-filter.postrm.debhelper >> debian/libnginx-mod-http-headers-more-filter/DEBIAN/postrm
	chmod 0755 -- debian/libnginx-mod-http-headers-more-filter/DEBIAN/postrm
	printf '#!/bin/sh\nset -e\n' > debian/libnginx-mod-http-naxsi/DEBIAN/postinst
	cat debian/libnginx-mod-http-naxsi.postinst.debhelper >> debian/libnginx-mod-http-naxsi/DEBIAN/postinst
	chmod 0755 -- debian/libnginx-mod-http-naxsi/DEBIAN/postinst
	printf '#!/bin/sh\nset -e\n' > debian/libnginx-mod-http-naxsi/DEBIAN/prerm
	cat debian/libnginx-mod-http-naxsi.prerm.debhelper >> debian/libnginx-mod-http-naxsi/DEBIAN/prerm
	chmod 0755 -- debian/libnginx-mod-http-naxsi/DEBIAN/prerm
	printf '#!/bin/sh\nset -e\n' > debian/libnginx-mod-http-naxsi/DEBIAN/postrm
	cat debian/libnginx-mod-http-naxsi.postrm.debhelper >> debian/libnginx-mod-http-naxsi/DEBIAN/postrm
	chmod 0755 -- debian/libnginx-mod-http-naxsi/DEBIAN/postrm
	printf '#!/bin/sh\nset -e\n' > debian/libnginx-mod-http-ip2location/DEBIAN/postinst
	cat debian/libnginx-mod-http-ip2location.postinst.debhelper >> debian/libnginx-mod-http-ip2location/DEBIAN/postinst
	chmod 0755 -- debian/libnginx-mod-http-ip2location/DEBIAN/postinst
	printf '#!/bin/sh\nset -e\n' > debian/libnginx-mod-http-ip2location/DEBIAN/prerm
	cat debian/libnginx-mod-http-ip2location.prerm.debhelper >> debian/libnginx-mod-http-ip2location/DEBIAN/prerm
	chmod 0755 -- debian/libnginx-mod-http-ip2location/DEBIAN/prerm
	printf '#!/bin/sh\nset -e\n' > debian/libnginx-mod-http-ip2location/DEBIAN/postrm
	cat debian/libnginx-mod-http-ip2location.postrm.debhelper >> debian/libnginx-mod-http-ip2location/DEBIAN/postrm
	chmod 0755 -- debian/libnginx-mod-http-ip2location/DEBIAN/postrm
   dh_gencontrol
	echo misc:Depends= >> debian/nginx.substvars
	echo misc:Pre-Depends= >> debian/nginx.substvars
	dpkg-gencontrol -pnginx -ldebian/changelog -Tdebian/nginx.substvars -Pdebian/nginx -UMulti-Arch
	echo misc:Pre-Depends= >> debian/libnginx-mod-stream.substvars
	install -d debian/.debhelper/libnginx-mod-stream/dbgsym-root/DEBIAN
	dpkg-gencontrol -plibnginx-mod-stream -ldebian/changelog -Tdebian/libnginx-mod-stream.substvars -Pdebian/.debhelper/libnginx-mod-stream/dbgsym-root -UPre-Depends -URecommends -USuggests -UEnhances -UProvides -UEssential -UConflicts -DPriority=optional -UHomepage -UImportant -UBuilt-Using -DAuto-Built-Package=debug-symbols -DPackage=libnginx-mod-stream-dbgsym "-DDepends=libnginx-mod-stream (= \${binary:Version})" "-DDescription=debug symbols for libnginx-mod-stream" -DBuild-Ids=15e83e163971cc39bfc123693b548303924d382d -DSection=debug -DPackage-Type=ddeb -UMulti-Arch -UReplaces -UBreaks
	echo misc:Depends= >> debian/nginx-light.substvars
	echo misc:Pre-Depends= >> debian/nginx-light.substvars
	install -d debian/.debhelper/nginx-light/dbgsym-root/DEBIAN
	dpkg-gencontrol -pnginx-light -ldebian/changelog -Tdebian/nginx-light.substvars -Pdebian/.debhelper/nginx-light/dbgsym-root -UPre-Depends -URecommends -USuggests -UEnhances -UProvides -UEssential -UConflicts -DPriority=optional -UHomepage -UImportant -UBuilt-Using -DAuto-Built-Package=debug-symbols -DPackage=nginx-light-dbgsym "-DDepends=nginx-light (= \${binary:Version})" "-DDescription=debug symbols for nginx-light" -DBuild-Ids=177f55930880f087d22e0c6a4abd93f6e506b1b4 -DSection=debug -DPackage-Type=ddeb -UMulti-Arch "-DReplaces=nginx-light-dbg (<< 1.10.1-3~)" "-DBreaks=nginx-light-dbg (<< 1.10.1-3~)"
	echo misc:Pre-Depends= >> debian/libnginx-mod-http-echo.substvars
	install -d debian/.debhelper/libnginx-mod-http-echo/dbgsym-root/DEBIAN
	dpkg-gencontrol -plibnginx-mod-http-echo -ldebian/changelog -Tdebian/libnginx-mod-http-echo.substvars -Pdebian/.debhelper/libnginx-mod-http-echo/dbgsym-root -UPre-Depends -URecommends -USuggests -UEnhances -UProvides -UEssential -UConflicts -DPriority=optional -UHomepage -UImportant -UBuilt-Using -DAuto-Built-Package=debug-symbols -DPackage=libnginx-mod-http-echo-dbgsym "-DDepends=libnginx-mod-http-echo (= \${binary:Version})" "-DDescription=debug symbols for libnginx-mod-http-echo" -DBuild-Ids=e81c6225b096ee7d348a081fc3492766b89d2904 -DSection=debug -DPackage-Type=ddeb -UMulti-Arch -UReplaces -UBreaks
	echo misc:Pre-Depends= >> debian/libnginx-mod-http-naxsi.substvars
	install -d debian/.debhelper/libnginx-mod-http-naxsi/dbgsym-root/DEBIAN
	dpkg-gencontrol -plibnginx-mod-http-naxsi -ldebian/changelog -Tdebian/libnginx-mod-http-naxsi.substvars -Pdebian/.debhelper/libnginx-mod-http-naxsi/dbgsym-root -UPre-Depends -URecommends -USuggests -UEnhances -UProvides -UEssential -UConflicts -DPriority=optional -UHomepage -UImportant -UBuilt-Using -DAuto-Built-Package=debug-symbols -DPackage=libnginx-mod-http-naxsi-dbgsym "-DDepends=libnginx-mod-http-naxsi (= \${binary:Version})" "-DDescription=debug symbols for libnginx-mod-http-naxsi" -DBuild-Ids=d5004315dfc777e08653b11f4348d719469207b6 -DSection=debug -DPackage-Type=ddeb -UMulti-Arch -UReplaces -UBreaks
	chmod 0644 -- debian/nginx/DEBIAN/control
	echo misc:Pre-Depends= >> debian/nginx-common.substvars
	dpkg-gencontrol -pnginx-common -ldebian/changelog -Tdebian/nginx-common.substvars -Pdebian/nginx-common
	chmod 0644 -- debian/.debhelper/libnginx-mod-stream/dbgsym-root/DEBIAN/control
	dpkg-gencontrol -plibnginx-mod-stream -ldebian/changelog -Tdebian/libnginx-mod-stream.substvars -Pdebian/libnginx-mod-stream
	chmod 0644 -- debian/.debhelper/libnginx-mod-http-naxsi/dbgsym-root/DEBIAN/control
	dpkg-gencontrol -plibnginx-mod-http-naxsi -ldebian/changelog -Tdebian/libnginx-mod-http-naxsi.substvars -Pdebian/libnginx-mod-http-naxsi
	chmod 0644 -- debian/.debhelper/nginx-light/dbgsym-root/DEBIAN/control
	dpkg-gencontrol -pnginx-light -ldebian/changelog -Tdebian/nginx-light.substvars -Pdebian/nginx-light
	chmod 0644 -- debian/.debhelper/libnginx-mod-http-echo/dbgsym-root/DEBIAN/control
	dpkg-gencontrol -plibnginx-mod-http-echo -ldebian/changelog -Tdebian/libnginx-mod-http-echo.substvars -Pdebian/libnginx-mod-http-echo
	chmod 0644 -- debian/libnginx-mod-stream/DEBIAN/control
	echo misc:Pre-Depends= >> debian/libnginx-mod-stream-geoip2.substvars
	install -d debian/.debhelper/libnginx-mod-stream-geoip2/dbgsym-root/DEBIAN
	dpkg-gencontrol -plibnginx-mod-stream-geoip2 -ldebian/changelog -Tdebian/libnginx-mod-stream-geoip2.substvars -Pdebian/.debhelper/libnginx-mod-stream-geoip2/dbgsym-root -UPre-Depends -URecommends -USuggests -UEnhances -UProvides -UEssential -UConflicts -DPriority=optional -UHomepage -UImportant -UBuilt-Using -DAuto-Built-Package=debug-symbols -DPackage=libnginx-mod-stream-geoip2-dbgsym "-DDepends=libnginx-mod-stream-geoip2 (= \${binary:Version})" "-DDescription=debug symbols for libnginx-mod-stream-geoip2" -DBuild-Ids=8a102ff21fccd5123baf22ab530d4047a229f13e -DSection=debug -DPackage-Type=ddeb -UMulti-Arch -UReplaces -UBreaks
	chmod 0644 -- debian/nginx-common/DEBIAN/control
	chmod 0644 -- debian/libnginx-mod-http-naxsi/DEBIAN/control
	echo misc:Pre-Depends= >> debian/libnginx-mod-http-ip2location.substvars
	install -d debian/.debhelper/libnginx-mod-http-ip2location/dbgsym-root/DEBIAN
	dpkg-gencontrol -plibnginx-mod-http-ip2location -ldebian/changelog -Tdebian/libnginx-mod-http-ip2location.substvars -Pdebian/.debhelper/libnginx-mod-http-ip2location/dbgsym-root -UPre-Depends -URecommends -USuggests -UEnhances -UProvides -UEssential -UConflicts -DPriority=optional -UHomepage -UImportant -UBuilt-Using -DAuto-Built-Package=debug-symbols -DPackage=libnginx-mod-http-ip2location-dbgsym "-DDepends=libnginx-mod-http-ip2location (= \${binary:Version})" "-DDescription=debug symbols for libnginx-mod-http-ip2location" -DBuild-Ids=de7ab21b1d5c08448972b0c3232da34cb5a890bf -DSection=debug -DPackage-Type=ddeb -UMulti-Arch -UReplaces -UBreaks
	chmod 0644 -- debian/nginx-light/DEBIAN/control
	echo misc:Pre-Depends= >> debian/libnginx-mod-http-geoip2.substvars
	install -d debian/.debhelper/libnginx-mod-http-geoip2/dbgsym-root/DEBIAN
	dpkg-gencontrol -plibnginx-mod-http-geoip2 -ldebian/changelog -Tdebian/libnginx-mod-http-geoip2.substvars -Pdebian/.debhelper/libnginx-mod-http-geoip2/dbgsym-root -UPre-Depends -URecommends -USuggests -UEnhances -UProvides -UEssential -UConflicts -DPriority=optional -UHomepage -UImportant -UBuilt-Using -DAuto-Built-Package=debug-symbols -DPackage=libnginx-mod-http-geoip2-dbgsym "-DDepends=libnginx-mod-http-geoip2 (= \${binary:Version})" "-DDescription=debug symbols for libnginx-mod-http-geoip2" -DBuild-Ids=eda8e0d957b91fb3e996c2567ff59448117f9525 -DSection=debug -DPackage-Type=ddeb -UMulti-Arch -UReplaces -UBreaks
	chmod 0644 -- debian/libnginx-mod-http-echo/DEBIAN/control
	echo misc:Pre-Depends= >> debian/libnginx-mod-http-headers-more-filter.substvars
	install -d debian/.debhelper/libnginx-mod-http-headers-more-filter/dbgsym-root/DEBIAN
	dpkg-gencontrol -plibnginx-mod-http-headers-more-filter -ldebian/changelog -Tdebian/libnginx-mod-http-headers-more-filter.substvars -Pdebian/.debhelper/libnginx-mod-http-headers-more-filter/dbgsym-root -UPre-Depends -URecommends -USuggests -UEnhances -UProvides -UEssential -UConflicts -DPriority=optional -UHomepage -UImportant -UBuilt-Using -DAuto-Built-Package=debug-symbols -DPackage=libnginx-mod-http-headers-more-filter-dbgsym "-DDepends=libnginx-mod-http-headers-more-filter (= \${binary:Version})" "-DDescription=debug symbols for libnginx-mod-http-headers-more-filter" -DBuild-Ids=721c8c259e9995d34db8618af7abd35fefc92425 -DSection=debug -DPackage-Type=ddeb -UMulti-Arch -UReplaces -UBreaks
	chmod 0644 -- debian/.debhelper/libnginx-mod-stream-geoip2/dbgsym-root/DEBIAN/control
	dpkg-gencontrol -plibnginx-mod-stream-geoip2 -ldebian/changelog -Tdebian/libnginx-mod-stream-geoip2.substvars -Pdebian/libnginx-mod-stream-geoip2
	chmod 0644 -- debian/.debhelper/libnginx-mod-http-ip2location/dbgsym-root/DEBIAN/control
	dpkg-gencontrol -plibnginx-mod-http-ip2location -ldebian/changelog -Tdebian/libnginx-mod-http-ip2location.substvars -Pdebian/libnginx-mod-http-ip2location
	chmod 0644 -- debian/.debhelper/libnginx-mod-http-geoip2/dbgsym-root/DEBIAN/control
	dpkg-gencontrol -plibnginx-mod-http-geoip2 -ldebian/changelog -Tdebian/libnginx-mod-http-geoip2.substvars -Pdebian/libnginx-mod-http-geoip2
	chmod 0644 -- debian/.debhelper/libnginx-mod-http-headers-more-filter/dbgsym-root/DEBIAN/control
	dpkg-gencontrol -plibnginx-mod-http-headers-more-filter -ldebian/changelog -Tdebian/libnginx-mod-http-headers-more-filter.substvars -Pdebian/libnginx-mod-http-headers-more-filter
	chmod 0644 -- debian/libnginx-mod-stream-geoip2/DEBIAN/control
	chmod 0644 -- debian/libnginx-mod-http-ip2location/DEBIAN/control
	chmod 0644 -- debian/libnginx-mod-http-geoip2/DEBIAN/control
	chmod 0644 -- debian/libnginx-mod-http-headers-more-filter/DEBIAN/control
   dh_md5sums
	cd debian/nginx >/dev/null && xargs -r0 md5sum | perl -pe 'if (s@^\\@@) { s/\\\\/\\/g; }' > DEBIAN/md5sums
	cd debian/nginx-light >/dev/null && xargs -r0 md5sum | perl -pe 'if (s@^\\@@) { s/\\\\/\\/g; }' > DEBIAN/md5sums
	cd debian/libnginx-mod-stream >/dev/null && xargs -r0 md5sum | perl -pe 'if (s@^\\@@) { s/\\\\/\\/g; }' > DEBIAN/md5sums
	cd debian/libnginx-mod-http-echo >/dev/null && xargs -r0 md5sum | perl -pe 'if (s@^\\@@) { s/\\\\/\\/g; }' > DEBIAN/md5sums
	cd debian/libnginx-mod-http-naxsi >/dev/null && xargs -r0 md5sum | perl -pe 'if (s@^\\@@) { s/\\\\/\\/g; }' > DEBIAN/md5sums
	chmod 0644 -- debian/nginx/DEBIAN/md5sums
	chmod 0644 -- debian/libnginx-mod-http-echo/DEBIAN/md5sums
	chmod 0644 -- debian/libnginx-mod-stream/DEBIAN/md5sums
	cd debian/nginx-common >/dev/null && xargs -r0 md5sum | perl -pe 'if (s@^\\@@) { s/\\\\/\\/g; }' > DEBIAN/md5sums
	chmod 0644 -- debian/nginx-light/DEBIAN/md5sums
	cd debian/.debhelper/libnginx-mod-http-echo/dbgsym-root >/dev/null && xargs -r0 md5sum | perl -pe 'if (s@^\\@@) { s/\\\\/\\/g; }' > DEBIAN/md5sums
	cd debian/.debhelper/libnginx-mod-stream/dbgsym-root >/dev/null && xargs -r0 md5sum | perl -pe 'if (s@^\\@@) { s/\\\\/\\/g; }' > DEBIAN/md5sums
	chmod 0644 -- debian/libnginx-mod-http-naxsi/DEBIAN/md5sums
	cd debian/.debhelper/nginx-light/dbgsym-root >/dev/null && xargs -r0 md5sum | perl -pe 'if (s@^\\@@) { s/\\\\/\\/g; }' > DEBIAN/md5sums
	cd debian/.debhelper/libnginx-mod-http-naxsi/dbgsym-root >/dev/null && xargs -r0 md5sum | perl -pe 'if (s@^\\@@) { s/\\\\/\\/g; }' > DEBIAN/md5sums
	chmod 0644 -- debian/nginx-common/DEBIAN/md5sums
	chmod 0644 -- debian/.debhelper/libnginx-mod-http-echo/dbgsym-root/DEBIAN/md5sums
	chmod 0644 -- debian/.debhelper/libnginx-mod-stream/dbgsym-root/DEBIAN/md5sums
	cd debian/libnginx-mod-http-headers-more-filter >/dev/null && xargs -r0 md5sum | perl -pe 'if (s@^\\@@) { s/\\\\/\\/g; }' > DEBIAN/md5sums
	chmod 0644 -- debian/.debhelper/libnginx-mod-http-naxsi/dbgsym-root/DEBIAN/md5sums
	cd debian/libnginx-mod-stream-geoip2 >/dev/null && xargs -r0 md5sum | perl -pe 'if (s@^\\@@) { s/\\\\/\\/g; }' > DEBIAN/md5sums
	cd debian/libnginx-mod-http-ip2location >/dev/null && xargs -r0 md5sum | perl -pe 'if (s@^\\@@) { s/\\\\/\\/g; }' > DEBIAN/md5sums
	chmod 0644 -- debian/libnginx-mod-http-headers-more-filter/DEBIAN/md5sums
	chmod 0644 -- debian/libnginx-mod-stream-geoip2/DEBIAN/md5sums
	cd debian/.debhelper/libnginx-mod-http-headers-more-filter/dbgsym-root >/dev/null && xargs -r0 md5sum | perl -pe 'if (s@^\\@@) { s/\\\\/\\/g; }' > DEBIAN/md5sums
	cd debian/.debhelper/libnginx-mod-stream-geoip2/dbgsym-root >/dev/null && xargs -r0 md5sum | perl -pe 'if (s@^\\@@) { s/\\\\/\\/g; }' > DEBIAN/md5sums
	chmod 0644 -- debian/libnginx-mod-http-ip2location/DEBIAN/md5sums
	chmod 0644 -- debian/.debhelper/nginx-light/dbgsym-root/DEBIAN/md5sums
	cd debian/.debhelper/libnginx-mod-http-ip2location/dbgsym-root >/dev/null && xargs -r0 md5sum | perl -pe 'if (s@^\\@@) { s/\\\\/\\/g; }' > DEBIAN/md5sums
	chmod 0644 -- debian/.debhelper/libnginx-mod-http-headers-more-filter/dbgsym-root/DEBIAN/md5sums
	cd debian/libnginx-mod-http-geoip2 >/dev/null && xargs -r0 md5sum | perl -pe 'if (s@^\\@@) { s/\\\\/\\/g; }' > DEBIAN/md5sums
	chmod 0644 -- debian/.debhelper/libnginx-mod-stream-geoip2/dbgsym-root/DEBIAN/md5sums
	chmod 0644 -- debian/.debhelper/libnginx-mod-http-ip2location/dbgsym-root/DEBIAN/md5sums
	chmod 0644 -- debian/libnginx-mod-http-geoip2/DEBIAN/md5sums
	cd debian/.debhelper/libnginx-mod-http-geoip2/dbgsym-root >/dev/null && xargs -r0 md5sum | perl -pe 'if (s@^\\@@) { s/\\\\/\\/g; }' > DEBIAN/md5sums
	chmod 0644 -- debian/.debhelper/libnginx-mod-http-geoip2/dbgsym-root/DEBIAN/md5sums
   dh_builddeb
	dpkg-deb --root-owner-group --build debian/nginx ..
	dpkg-deb --root-owner-group --build debian/libnginx-mod-stream ..
	dpkg-deb --root-owner-group --build debian/libnginx-mod-http-headers-more-filter ..
dpkg-deb: building package 'nginx' in '../nginx_101.20.2-1+naxsi1.3_all.deb'.
dpkg-deb: building package 'libnginx-mod-http-headers-more-filter' in '../libnginx-mod-http-headers-more-filter_101.20.2-1+naxsi1.3_amd64.deb'.
dpkg-deb: building package 'libnginx-mod-stream' in '../libnginx-mod-stream_101.20.2-1+naxsi1.3_amd64.deb'.
	install -d debian/.debhelper/scratch-space/build-nginx-light
	dpkg-deb --root-owner-group --build debian/.debhelper/nginx-light/dbgsym-root debian/.debhelper/scratch-space/build-nginx-light
	install -d debian/.debhelper/scratch-space/build-libnginx-mod-stream-geoip2
	dpkg-deb --root-owner-group --build debian/.debhelper/libnginx-mod-stream-geoip2/dbgsym-root debian/.debhelper/scratch-space/build-libnginx-mod-stream-geoip2
dpkg-deb: building package 'nginx-light-dbgsym' in 'debian/.debhelper/scratch-space/build-nginx-light/nginx-light-dbgsym_101.20.2-1+naxsi1.3_amd64.deb'.
	install -d debian/.debhelper/scratch-space/build-libnginx-mod-http-naxsi
	dpkg-deb --root-owner-group --build debian/.debhelper/libnginx-mod-http-naxsi/dbgsym-root debian/.debhelper/scratch-space/build-libnginx-mod-http-naxsi
dpkg-deb: building package 'libnginx-mod-stream-geoip2-dbgsym' in 'debian/.debhelper/scratch-space/build-libnginx-mod-stream-geoip2/libnginx-mod-stream-geoip2-dbgsym_101.20.2-1+naxsi1.3_amd64.deb'.
dpkg-deb: building package 'libnginx-mod-http-naxsi-dbgsym' in 'debian/.debhelper/scratch-space/build-libnginx-mod-http-naxsi/libnginx-mod-http-naxsi-dbgsym_101.20.2-1+naxsi1.3_amd64.deb'.
	dpkg-deb --root-owner-group --build debian/nginx-common ..
dpkg-deb: building package 'nginx-common' in '../nginx-common_101.20.2-1+naxsi1.3_all.deb'.
	Renaming libnginx-mod-stream-geoip2-dbgsym_101.20.2-1+naxsi1.3_amd64.deb to libnginx-mod-stream-geoip2-dbgsym_101.20.2-1+naxsi1.3_amd64.ddeb
	mv debian/.debhelper/scratch-space/build-libnginx-mod-stream-geoip2/libnginx-mod-stream-geoip2-dbgsym_101.20.2-1\+naxsi1.3_amd64.deb ../libnginx-mod-stream-geoip2-dbgsym_101.20.2-1\+naxsi1.3_amd64.ddeb
	dpkg-deb --root-owner-group --build debian/libnginx-mod-http-echo ..
dpkg-deb: building package 'libnginx-mod-http-echo' in '../libnginx-mod-http-echo_101.20.2-1+naxsi1.3_amd64.deb'.
	install -d debian/.debhelper/scratch-space/build-libnginx-mod-http-headers-more-filter
	dpkg-deb --root-owner-group --build debian/.debhelper/libnginx-mod-http-headers-more-filter/dbgsym-root debian/.debhelper/scratch-space/build-libnginx-mod-http-headers-more-filter
dpkg-deb: building package 'libnginx-mod-http-headers-more-filter-dbgsym' in 'debian/.debhelper/scratch-space/build-libnginx-mod-http-headers-more-filter/libnginx-mod-http-headers-more-filter-dbgsym_101.20.2-1+naxsi1.3_amd64.deb'.
	install -d debian/.debhelper/scratch-space/build-libnginx-mod-http-echo
	dpkg-deb --root-owner-group --build debian/.debhelper/libnginx-mod-http-echo/dbgsym-root debian/.debhelper/scratch-space/build-libnginx-mod-http-echo
dpkg-deb: building package 'libnginx-mod-http-echo-dbgsym' in 'debian/.debhelper/scratch-space/build-libnginx-mod-http-echo/libnginx-mod-http-echo-dbgsym_101.20.2-1+naxsi1.3_amd64.deb'.
	install -d debian/.debhelper/scratch-space/build-libnginx-mod-stream
	dpkg-deb --root-owner-group --build debian/.debhelper/libnginx-mod-stream/dbgsym-root debian/.debhelper/scratch-space/build-libnginx-mod-stream
dpkg-deb: building package 'libnginx-mod-stream-dbgsym' in 'debian/.debhelper/scratch-space/build-libnginx-mod-stream/libnginx-mod-stream-dbgsym_101.20.2-1+naxsi1.3_amd64.deb'.
	Renaming libnginx-mod-http-naxsi-dbgsym_101.20.2-1+naxsi1.3_amd64.deb to libnginx-mod-http-naxsi-dbgsym_101.20.2-1+naxsi1.3_amd64.ddeb
	mv debian/.debhelper/scratch-space/build-libnginx-mod-http-naxsi/libnginx-mod-http-naxsi-dbgsym_101.20.2-1\+naxsi1.3_amd64.deb ../libnginx-mod-http-naxsi-dbgsym_101.20.2-1\+naxsi1.3_amd64.ddeb
	dpkg-deb --root-owner-group --build debian/libnginx-mod-http-ip2location ..
dpkg-deb: building package 'libnginx-mod-http-ip2location' in '../libnginx-mod-http-ip2location_101.20.2-1+naxsi1.3_amd64.deb'.
	Renaming libnginx-mod-http-headers-more-filter-dbgsym_101.20.2-1+naxsi1.3_amd64.deb to libnginx-mod-http-headers-more-filter-dbgsym_101.20.2-1+naxsi1.3_amd64.ddeb
	mv debian/.debhelper/scratch-space/build-libnginx-mod-http-headers-more-filter/libnginx-mod-http-headers-more-filter-dbgsym_101.20.2-1\+naxsi1.3_amd64.deb ../libnginx-mod-http-headers-more-filter-dbgsym_101.20.2-1\+naxsi1.3_amd64.ddeb
	dpkg-deb --root-owner-group --build debian/libnginx-mod-http-naxsi ..
dpkg-deb: building package 'libnginx-mod-http-naxsi' in '../libnginx-mod-http-naxsi_101.20.2-1+naxsi1.3_amd64.deb'.
	dpkg-deb --root-owner-group --build debian/nginx-light ..
dpkg-deb: building package 'nginx-light' in '../nginx-light_101.20.2-1+naxsi1.3_amd64.deb'.
	install -d debian/.debhelper/scratch-space/build-libnginx-mod-http-ip2location
	dpkg-deb --root-owner-group --build debian/.debhelper/libnginx-mod-http-ip2location/dbgsym-root debian/.debhelper/scratch-space/build-libnginx-mod-http-ip2location
dpkg-deb: building package 'libnginx-mod-http-ip2location-dbgsym' in 'debian/.debhelper/scratch-space/build-libnginx-mod-http-ip2location/libnginx-mod-http-ip2location-dbgsym_101.20.2-1+naxsi1.3_amd64.deb'.
	Renaming libnginx-mod-http-ip2location-dbgsym_101.20.2-1+naxsi1.3_amd64.deb to libnginx-mod-http-ip2location-dbgsym_101.20.2-1+naxsi1.3_amd64.ddeb
	mv debian/.debhelper/scratch-space/build-libnginx-mod-http-ip2location/libnginx-mod-http-ip2location-dbgsym_101.20.2-1\+naxsi1.3_amd64.deb ../libnginx-mod-http-ip2location-dbgsym_101.20.2-1\+naxsi1.3_amd64.ddeb
	Renaming libnginx-mod-http-echo-dbgsym_101.20.2-1+naxsi1.3_amd64.deb to libnginx-mod-http-echo-dbgsym_101.20.2-1+naxsi1.3_amd64.ddeb
	mv debian/.debhelper/scratch-space/build-libnginx-mod-http-echo/libnginx-mod-http-echo-dbgsym_101.20.2-1\+naxsi1.3_amd64.deb ../libnginx-mod-http-echo-dbgsym_101.20.2-1\+naxsi1.3_amd64.ddeb
	Renaming libnginx-mod-stream-dbgsym_101.20.2-1+naxsi1.3_amd64.deb to libnginx-mod-stream-dbgsym_101.20.2-1+naxsi1.3_amd64.ddeb
	mv debian/.debhelper/scratch-space/build-libnginx-mod-stream/libnginx-mod-stream-dbgsym_101.20.2-1\+naxsi1.3_amd64.deb ../libnginx-mod-stream-dbgsym_101.20.2-1\+naxsi1.3_amd64.ddeb
	dpkg-deb --root-owner-group --build debian/libnginx-mod-stream-geoip2 ..
dpkg-deb: building package 'libnginx-mod-stream-geoip2' in '../libnginx-mod-stream-geoip2_101.20.2-1+naxsi1.3_amd64.deb'.
	Renaming nginx-light-dbgsym_101.20.2-1+naxsi1.3_amd64.deb to nginx-light-dbgsym_101.20.2-1+naxsi1.3_amd64.ddeb
	mv debian/.debhelper/scratch-space/build-nginx-light/nginx-light-dbgsym_101.20.2-1\+naxsi1.3_amd64.deb ../nginx-light-dbgsym_101.20.2-1\+naxsi1.3_amd64.ddeb
	dpkg-deb --root-owner-group --build debian/libnginx-mod-http-geoip2 ..
dpkg-deb: building package 'libnginx-mod-http-geoip2' in '../libnginx-mod-http-geoip2_101.20.2-1+naxsi1.3_amd64.deb'.
	install -d debian/.debhelper/scratch-space/build-libnginx-mod-http-geoip2
	dpkg-deb --root-owner-group --build debian/.debhelper/libnginx-mod-http-geoip2/dbgsym-root debian/.debhelper/scratch-space/build-libnginx-mod-http-geoip2
dpkg-deb: building package 'libnginx-mod-http-geoip2-dbgsym' in 'debian/.debhelper/scratch-space/build-libnginx-mod-http-geoip2/libnginx-mod-http-geoip2-dbgsym_101.20.2-1+naxsi1.3_amd64.deb'.
	Renaming libnginx-mod-http-geoip2-dbgsym_101.20.2-1+naxsi1.3_amd64.deb to libnginx-mod-http-geoip2-dbgsym_101.20.2-1+naxsi1.3_amd64.ddeb
	mv debian/.debhelper/scratch-space/build-libnginx-mod-http-geoip2/libnginx-mod-http-geoip2-dbgsym_101.20.2-1\+naxsi1.3_amd64.deb ../libnginx-mod-http-geoip2-dbgsym_101.20.2-1\+naxsi1.3_amd64.ddeb
 dpkg-genbuildinfo --build=binary
 dpkg-genchanges --build=binary >../nginx_101.20.2-1+naxsi1.3_amd64.changes
dpkg-genchanges: info: binary-only upload (no source code included)
 dpkg-source --after-build .
dpkg-buildpackage: info: binary-only upload (no source included)
++ '[' 0 -eq 0 ']'
++ mv -v ../libnginx-mod-http-echo_101.20.2-1+naxsi1.3_amd64.deb ../libnginx-mod-http-geoip2_101.20.2-1+naxsi1.3_amd64.deb ../libnginx-mod-http-headers-more-filter_101.20.2-1+naxsi1.3_amd64.deb ../libnginx-mod-http-ip2location_101.20.2-1+naxsi1.3_amd64.deb ../libnginx-mod-http-naxsi_101.20.2-1+naxsi1.3_amd64.deb ../libnginx-mod-stream-geoip2_101.20.2-1+naxsi1.3_amd64.deb ../libnginx-mod-stream_101.20.2-1+naxsi1.3_amd64.deb ../nginx-common_101.20.2-1+naxsi1.3_all.deb ../nginx-light_101.20.2-1+naxsi1.3_amd64.deb ../nginx_101.20.2-1+naxsi1.3_all.deb /opt
copied '../libnginx-mod-http-echo_101.20.2-1+naxsi1.3_amd64.deb' -> '/opt/libnginx-mod-http-echo_101.20.2-1+naxsi1.3_amd64.deb'
removed '../libnginx-mod-http-echo_101.20.2-1+naxsi1.3_amd64.deb'
copied '../libnginx-mod-http-geoip2_101.20.2-1+naxsi1.3_amd64.deb' -> '/opt/libnginx-mod-http-geoip2_101.20.2-1+naxsi1.3_amd64.deb'
removed '../libnginx-mod-http-geoip2_101.20.2-1+naxsi1.3_amd64.deb'
copied '../libnginx-mod-http-headers-more-filter_101.20.2-1+naxsi1.3_amd64.deb' -> '/opt/libnginx-mod-http-headers-more-filter_101.20.2-1+naxsi1.3_amd64.deb'
removed '../libnginx-mod-http-headers-more-filter_101.20.2-1+naxsi1.3_amd64.deb'
copied '../libnginx-mod-http-ip2location_101.20.2-1+naxsi1.3_amd64.deb' -> '/opt/libnginx-mod-http-ip2location_101.20.2-1+naxsi1.3_amd64.deb'
removed '../libnginx-mod-http-ip2location_101.20.2-1+naxsi1.3_amd64.deb'
copied '../libnginx-mod-http-naxsi_101.20.2-1+naxsi1.3_amd64.deb' -> '/opt/libnginx-mod-http-naxsi_101.20.2-1+naxsi1.3_amd64.deb'
removed '../libnginx-mod-http-naxsi_101.20.2-1+naxsi1.3_amd64.deb'
copied '../libnginx-mod-stream-geoip2_101.20.2-1+naxsi1.3_amd64.deb' -> '/opt/libnginx-mod-stream-geoip2_101.20.2-1+naxsi1.3_amd64.deb'
removed '../libnginx-mod-stream-geoip2_101.20.2-1+naxsi1.3_amd64.deb'
copied '../libnginx-mod-stream_101.20.2-1+naxsi1.3_amd64.deb' -> '/opt/libnginx-mod-stream_101.20.2-1+naxsi1.3_amd64.deb'
removed '../libnginx-mod-stream_101.20.2-1+naxsi1.3_amd64.deb'
copied '../nginx-common_101.20.2-1+naxsi1.3_all.deb' -> '/opt/nginx-common_101.20.2-1+naxsi1.3_all.deb'
removed '../nginx-common_101.20.2-1+naxsi1.3_all.deb'
copied '../nginx-light_101.20.2-1+naxsi1.3_amd64.deb' -> '/opt/nginx-light_101.20.2-1+naxsi1.3_amd64.deb'
removed '../nginx-light_101.20.2-1+naxsi1.3_amd64.deb'
copied '../nginx_101.20.2-1+naxsi1.3_all.deb' -> '/opt/nginx_101.20.2-1+naxsi1.3_all.deb'
removed '../nginx_101.20.2-1+naxsi1.3_all.deb'
++ echo 'OK: build successful. Get packages in /opt volume'
OK: build successful. Get packages in /opt volume
